[0mCMake Deprecation Warning at CMakeLists.txt:1 (cmake_minimum_required):
  Compatibility with CMake < 3.10 will be removed from a future version of
  CMake.

  Update the VERSION argument <min> value.  Or, use the <min>...<max> syntax
  to tell CMake that the project requires at least <min> but has been updated
  to work with policies introduced by <max> or earlier.

[0m
[33mCMake Warning (dev) at CMakeLists.txt:17 (find_package):
  Policy CMP0146 is not set: The FindCUDA module is removed.  Run "cmake
  --help-policy CMP0146" for policy details.  Use the cmake_policy command to
  set the policy and suppress this warning.

This warning is for project developers.  Use -Wno-dev to suppress it.
[0m
[33mCMake Warning (dev) at CMakeLists.txt:49 (find_package):
  Policy CMP0167 is not set: The FindBoost module is removed.  Run "cmake
  --help-policy CMP0167" for policy details.  Use the cmake_policy command to
  set the policy and suppress this warning.

This warning is for project developers.  Use -Wno-dev to suppress it.
[0m
[33mCMake Warning (dev) at /opt/ros/noetic/share/catkin/cmake/python.cmake:4 (find_package):
  Policy CMP0148 is not set: The FindPythonInterp and FindPythonLibs modules
  are removed.  Run "cmake --help-policy CMP0148" for policy details.  Use
  the cmake_policy command to set the policy and suppress this warning.

[36mCall Stack (most recent call first):[0m
  /opt/ros/noetic/share/catkin/cmake/all.cmake:164 (include)
  /opt/ros/noetic/share/catkin/cmake/catkinConfig.cmake:20 (include)
  CMakeLists.txt:52 (find_package)
This warning is for project developers.  Use -Wno-dev to suppress it.
[0m
[0mCMake Deprecation Warning at /usr/src/googletest/CMakeLists.txt:4 (cmake_minimum_required):
  Compatibility with CMake < 3.10 will be removed from a future version of
  CMake.

  Update the VERSION argument <min> value.  Or, use the <min>...<max> syntax
  to tell CMake that the project requires at least <min> but has been updated
  to work with policies introduced by <max> or earlier.

[0m
[0mCMake Deprecation Warning at /usr/src/googletest/googlemock/CMakeLists.txt:45 (cmake_minimum_required):
  Compatibility with CMake < 3.10 will be removed from a future version of
  CMake.

  Update the VERSION argument <min> value.  Or, use the <min>...<max> syntax
  to tell CMake that the project requires at least <min> but has been updated
  to work with policies introduced by <max> or earlier.

[0m
[0mCMake Deprecation Warning at /usr/src/googletest/googletest/CMakeLists.txt:56 (cmake_minimum_required):
  Compatibility with CMake < 3.10 will be removed from a future version of
  CMake.

  Update the VERSION argument <min> value.  Or, use the <min>...<max> syntax
  to tell CMake that the project requires at least <min> but has been updated
  to work with policies introduced by <max> or earlier.

[0m
[33mCMake Warning (dev) at /usr/src/googletest/googletest/cmake/internal_utils.cmake:249 (find_package):
  Policy CMP0148 is not set: The FindPythonInterp and FindPythonLibs modules
  are removed.  Run "cmake --help-policy CMP0148" for policy details.  Use
  the cmake_policy command to set the policy and suppress this warning.

[36mCall Stack (most recent call first):[0m
  /usr/src/googletest/googletest/CMakeLists.txt:91 (include)
This warning is for project developers.  Use -Wno-dev to suppress it.
[0m
[33mCMake Warning (dev) in /usr/src/googletest/googletest/CMakeLists.txt:
  Policy CMP0022 is not set: INTERFACE_LINK_LIBRARIES defines the link
  interface.  Run "cmake --help-policy CMP0022" for policy details.  Use the
  cmake_policy command to set the policy and suppress this warning.

  Target "gtest" has an INTERFACE_LINK_LIBRARIES property which differs from
  its LINK_INTERFACE_LIBRARIES properties.

  INTERFACE_LINK_LIBRARIES:

    /usr/lib/aarch64-linux-gnu/libSM.so;/usr/lib/aarch64-linux-gnu/libICE.so;/usr/lib/aarch64-linux-gnu/libX11.so;/usr/lib/aarch64-linux-gnu/libXext.so;Threads::Threads

  LINK_INTERFACE_LIBRARIES:

    Threads::Threads

This warning is for project developers.  Use -Wno-dev to suppress it.
[0m
[33mCMake Warning (dev) in /usr/src/googletest/googlemock/CMakeLists.txt:
  Policy CMP0022 is not set: INTERFACE_LINK_LIBRARIES defines the link
  interface.  Run "cmake --help-policy CMP0022" for policy details.  Use the
  cmake_policy command to set the policy and suppress this warning.

  Target "gmock" has an INTERFACE_LINK_LIBRARIES property which differs from
  its LINK_INTERFACE_LIBRARIES properties.

  INTERFACE_LINK_LIBRARIES:

    /usr/lib/aarch64-linux-gnu/libSM.so;/usr/lib/aarch64-linux-gnu/libICE.so;/usr/lib/aarch64-linux-gnu/libX11.so;/usr/lib/aarch64-linux-gnu/libXext.so;Threads::Threads;gtest

  LINK_INTERFACE_LIBRARIES:

    Threads::Threads;gtest

This warning is for project developers.  Use -Wno-dev to suppress it.
[0m
[33mCMake Warning (dev) in /usr/src/googletest/googlemock/CMakeLists.txt:
  Policy CMP0022 is not set: INTERFACE_LINK_LIBRARIES defines the link
  interface.  Run "cmake --help-policy CMP0022" for policy details.  Use the
  cmake_policy command to set the policy and suppress this warning.

  Target "gmock_main" has an INTERFACE_LINK_LIBRARIES property which differs
  from its LINK_INTERFACE_LIBRARIES properties.

  INTERFACE_LINK_LIBRARIES:

    /usr/lib/aarch64-linux-gnu/libSM.so;/usr/lib/aarch64-linux-gnu/libICE.so;/usr/lib/aarch64-linux-gnu/libX11.so;/usr/lib/aarch64-linux-gnu/libXext.so;Threads::Threads;gmock

  LINK_INTERFACE_LIBRARIES:

    Threads::Threads;gmock

This warning is for project developers.  Use -Wno-dev to suppress it.
[0m
[33mCMake Warning (dev) in /usr/src/googletest/googletest/CMakeLists.txt:
  Policy CMP0022 is not set: INTERFACE_LINK_LIBRARIES defines the link
  interface.  Run "cmake --help-policy CMP0022" for policy details.  Use the
  cmake_policy command to set the policy and suppress this warning.

  Target "gtest_main" has an INTERFACE_LINK_LIBRARIES property which differs
  from its LINK_INTERFACE_LIBRARIES properties.

  INTERFACE_LINK_LIBRARIES:

    /usr/lib/aarch64-linux-gnu/libSM.so;/usr/lib/aarch64-linux-gnu/libICE.so;/usr/lib/aarch64-linux-gnu/libX11.so;/usr/lib/aarch64-linux-gnu/libXext.so;Threads::Threads;gtest

  LINK_INTERFACE_LIBRARIES:

    Threads::Threads;gtest

This warning is for project developers.  Use -Wno-dev to suppress it.
[0m
