Linked: (/home/mirte/NGR-Goose/mirte_ws/devel/.private/darknet_ros_msgs/include/darknet_ros_msgs/CheckForObjectsActionGoal.h, /home/mirte/NGR-Goose/mirte_ws/devel/include/darknet_ros_msgs/CheckForObjectsActionGoal.h)
Linked: (/home/mirte/NGR-Goose/mirte_ws/devel/.private/darknet_ros_msgs/include/darknet_ros_msgs/CheckForObjectsGoal.h, /home/mirte/NGR-Goose/mirte_ws/devel/include/darknet_ros_msgs/CheckForObjectsGoal.h)
Linked: (/home/mirte/NGR-Goose/mirte_ws/devel/.private/darknet_ros_msgs/include/darknet_ros_msgs/CheckForObjectsFeedback.h, /home/mirte/NGR-Goose/mirte_ws/devel/include/darknet_ros_msgs/CheckForObjectsFeedback.h)
Linked: (/home/mirte/NGR-Goose/mirte_ws/devel/.private/darknet_ros_msgs/include/darknet_ros_msgs/CheckForObjectsActionFeedback.h, /home/mirte/NGR-Goose/mirte_ws/devel/include/darknet_ros_msgs/CheckForObjectsActionFeedback.h)
Linked: (/home/mirte/NGR-Goose/mirte_ws/devel/.private/darknet_ros_msgs/include/darknet_ros_msgs/CheckForObjectsAction.h, /home/mirte/NGR-Goose/mirte_ws/devel/include/darknet_ros_msgs/CheckForObjectsAction.h)
Linked: (/home/mirte/NGR-Goose/mirte_ws/devel/.private/darknet_ros_msgs/include/darknet_ros_msgs/CheckForObjectsResult.h, /home/mirte/NGR-Goose/mirte_ws/devel/include/darknet_ros_msgs/CheckForObjectsResult.h)
Linked: (/home/mirte/NGR-Goose/mirte_ws/devel/.private/darknet_ros_msgs/include/darknet_ros_msgs/CheckForObjectsActionResult.h, /home/mirte/NGR-Goose/mirte_ws/devel/include/darknet_ros_msgs/CheckForObjectsActionResult.h)
Linked: (/home/mirte/NGR-Goose/mirte_ws/devel/.private/darknet_ros_msgs/include/darknet_ros_msgs/ObjectCount.h, /home/mirte/NGR-Goose/mirte_ws/devel/include/darknet_ros_msgs/ObjectCount.h)
Linked: (/home/mirte/NGR-Goose/mirte_ws/devel/.private/darknet_ros_msgs/include/darknet_ros_msgs/BoundingBox.h, /home/mirte/NGR-Goose/mirte_ws/devel/include/darknet_ros_msgs/BoundingBox.h)
Linked: (/home/mirte/NGR-Goose/mirte_ws/devel/.private/darknet_ros_msgs/include/darknet_ros_msgs/BoundingBoxes.h, /home/mirte/NGR-Goose/mirte_ws/devel/include/darknet_ros_msgs/BoundingBoxes.h)
Linked: (/home/mirte/NGR-Goose/mirte_ws/devel/.private/darknet_ros_msgs/share/roseus/ros/darknet_ros_msgs/manifest.l, /home/mirte/NGR-Goose/mirte_ws/devel/share/roseus/ros/darknet_ros_msgs/manifest.l)
Linked: (/home/mirte/NGR-Goose/mirte_ws/devel/.private/darknet_ros_msgs/share/roseus/ros/darknet_ros_msgs/msg/CheckForObjectsActionResult.l, /home/mirte/NGR-Goose/mirte_ws/devel/share/roseus/ros/darknet_ros_msgs/msg/CheckForObjectsActionResult.l)
Linked: (/home/mirte/NGR-Goose/mirte_ws/devel/.private/darknet_ros_msgs/share/roseus/ros/darknet_ros_msgs/msg/CheckForObjectsResult.l, /home/mirte/NGR-Goose/mirte_ws/devel/share/roseus/ros/darknet_ros_msgs/msg/CheckForObjectsResult.l)
Linked: (/home/mirte/NGR-Goose/mirte_ws/devel/.private/darknet_ros_msgs/share/roseus/ros/darknet_ros_msgs/msg/ObjectCount.l, /home/mirte/NGR-Goose/mirte_ws/devel/share/roseus/ros/darknet_ros_msgs/msg/ObjectCount.l)
Linked: (/home/mirte/NGR-Goose/mirte_ws/devel/.private/darknet_ros_msgs/share/roseus/ros/darknet_ros_msgs/msg/CheckForObjectsGoal.l, /home/mirte/NGR-Goose/mirte_ws/devel/share/roseus/ros/darknet_ros_msgs/msg/CheckForObjectsGoal.l)
Linked: (/home/mirte/NGR-Goose/mirte_ws/devel/.private/darknet_ros_msgs/share/roseus/ros/darknet_ros_msgs/msg/CheckForObjectsActionFeedback.l, /home/mirte/NGR-Goose/mirte_ws/devel/share/roseus/ros/darknet_ros_msgs/msg/CheckForObjectsActionFeedback.l)
Linked: (/home/mirte/NGR-Goose/mirte_ws/devel/.private/darknet_ros_msgs/share/roseus/ros/darknet_ros_msgs/msg/BoundingBoxes.l, /home/mirte/NGR-Goose/mirte_ws/devel/share/roseus/ros/darknet_ros_msgs/msg/BoundingBoxes.l)
Linked: (/home/mirte/NGR-Goose/mirte_ws/devel/.private/darknet_ros_msgs/share/roseus/ros/darknet_ros_msgs/msg/CheckForObjectsAction.l, /home/mirte/NGR-Goose/mirte_ws/devel/share/roseus/ros/darknet_ros_msgs/msg/CheckForObjectsAction.l)
Linked: (/home/mirte/NGR-Goose/mirte_ws/devel/.private/darknet_ros_msgs/share/roseus/ros/darknet_ros_msgs/msg/CheckForObjectsActionGoal.l, /home/mirte/NGR-Goose/mirte_ws/devel/share/roseus/ros/darknet_ros_msgs/msg/CheckForObjectsActionGoal.l)
Linked: (/home/mirte/NGR-Goose/mirte_ws/devel/.private/darknet_ros_msgs/share/roseus/ros/darknet_ros_msgs/msg/BoundingBox.l, /home/mirte/NGR-Goose/mirte_ws/devel/share/roseus/ros/darknet_ros_msgs/msg/BoundingBox.l)
Linked: (/home/mirte/NGR-Goose/mirte_ws/devel/.private/darknet_ros_msgs/share/roseus/ros/darknet_ros_msgs/msg/CheckForObjectsFeedback.l, /home/mirte/NGR-Goose/mirte_ws/devel/share/roseus/ros/darknet_ros_msgs/msg/CheckForObjectsFeedback.l)
Linked: (/home/mirte/NGR-Goose/mirte_ws/devel/.private/darknet_ros_msgs/share/gennodejs/ros/darknet_ros_msgs/_index.js, /home/mirte/NGR-Goose/mirte_ws/devel/share/gennodejs/ros/darknet_ros_msgs/_index.js)
Linked: (/home/mirte/NGR-Goose/mirte_ws/devel/.private/darknet_ros_msgs/share/gennodejs/ros/darknet_ros_msgs/msg/CheckForObjectsResult.js, /home/mirte/NGR-Goose/mirte_ws/devel/share/gennodejs/ros/darknet_ros_msgs/msg/CheckForObjectsResult.js)
Linked: (/home/mirte/NGR-Goose/mirte_ws/devel/.private/darknet_ros_msgs/share/gennodejs/ros/darknet_ros_msgs/msg/BoundingBoxes.js, /home/mirte/NGR-Goose/mirte_ws/devel/share/gennodejs/ros/darknet_ros_msgs/msg/BoundingBoxes.js)
Linked: (/home/mirte/NGR-Goose/mirte_ws/devel/.private/darknet_ros_msgs/share/gennodejs/ros/darknet_ros_msgs/msg/CheckForObjectsAction.js, /home/mirte/NGR-Goose/mirte_ws/devel/share/gennodejs/ros/darknet_ros_msgs/msg/CheckForObjectsAction.js)
Linked: (/home/mirte/NGR-Goose/mirte_ws/devel/.private/darknet_ros_msgs/share/gennodejs/ros/darknet_ros_msgs/msg/_index.js, /home/mirte/NGR-Goose/mirte_ws/devel/share/gennodejs/ros/darknet_ros_msgs/msg/_index.js)
Linked: (/home/mirte/NGR-Goose/mirte_ws/devel/.private/darknet_ros_msgs/share/gennodejs/ros/darknet_ros_msgs/msg/ObjectCount.js, /home/mirte/NGR-Goose/mirte_ws/devel/share/gennodejs/ros/darknet_ros_msgs/msg/ObjectCount.js)
Linked: (/home/mirte/NGR-Goose/mirte_ws/devel/.private/darknet_ros_msgs/share/gennodejs/ros/darknet_ros_msgs/msg/CheckForObjectsGoal.js, /home/mirte/NGR-Goose/mirte_ws/devel/share/gennodejs/ros/darknet_ros_msgs/msg/CheckForObjectsGoal.js)
Linked: (/home/mirte/NGR-Goose/mirte_ws/devel/.private/darknet_ros_msgs/share/gennodejs/ros/darknet_ros_msgs/msg/BoundingBox.js, /home/mirte/NGR-Goose/mirte_ws/devel/share/gennodejs/ros/darknet_ros_msgs/msg/BoundingBox.js)
Linked: (/home/mirte/NGR-Goose/mirte_ws/devel/.private/darknet_ros_msgs/share/gennodejs/ros/darknet_ros_msgs/msg/CheckForObjectsActionGoal.js, /home/mirte/NGR-Goose/mirte_ws/devel/share/gennodejs/ros/darknet_ros_msgs/msg/CheckForObjectsActionGoal.js)
Linked: (/home/mirte/NGR-Goose/mirte_ws/devel/.private/darknet_ros_msgs/share/gennodejs/ros/darknet_ros_msgs/msg/CheckForObjectsFeedback.js, /home/mirte/NGR-Goose/mirte_ws/devel/share/gennodejs/ros/darknet_ros_msgs/msg/CheckForObjectsFeedback.js)
Linked: (/home/mirte/NGR-Goose/mirte_ws/devel/.private/darknet_ros_msgs/share/gennodejs/ros/darknet_ros_msgs/msg/CheckForObjectsActionFeedback.js, /home/mirte/NGR-Goose/mirte_ws/devel/share/gennodejs/ros/darknet_ros_msgs/msg/CheckForObjectsActionFeedback.js)
Linked: (/home/mirte/NGR-Goose/mirte_ws/devel/.private/darknet_ros_msgs/share/gennodejs/ros/darknet_ros_msgs/msg/CheckForObjectsActionResult.js, /home/mirte/NGR-Goose/mirte_ws/devel/share/gennodejs/ros/darknet_ros_msgs/msg/CheckForObjectsActionResult.js)
Linked: (/home/mirte/NGR-Goose/mirte_ws/devel/.private/darknet_ros_msgs/share/darknet_ros_msgs/msg/CheckForObjectsActionResult.msg, /home/mirte/NGR-Goose/mirte_ws/devel/share/darknet_ros_msgs/msg/CheckForObjectsActionResult.msg)
Linked: (/home/mirte/NGR-Goose/mirte_ws/devel/.private/darknet_ros_msgs/share/darknet_ros_msgs/msg/CheckForObjectsResult.msg, /home/mirte/NGR-Goose/mirte_ws/devel/share/darknet_ros_msgs/msg/CheckForObjectsResult.msg)
Linked: (/home/mirte/NGR-Goose/mirte_ws/devel/.private/darknet_ros_msgs/share/darknet_ros_msgs/msg/CheckForObjectsActionGoal.msg, /home/mirte/NGR-Goose/mirte_ws/devel/share/darknet_ros_msgs/msg/CheckForObjectsActionGoal.msg)
Linked: (/home/mirte/NGR-Goose/mirte_ws/devel/.private/darknet_ros_msgs/share/darknet_ros_msgs/msg/CheckForObjectsAction.msg, /home/mirte/NGR-Goose/mirte_ws/devel/share/darknet_ros_msgs/msg/CheckForObjectsAction.msg)
Linked: (/home/mirte/NGR-Goose/mirte_ws/devel/.private/darknet_ros_msgs/share/darknet_ros_msgs/msg/CheckForObjectsActionFeedback.msg, /home/mirte/NGR-Goose/mirte_ws/devel/share/darknet_ros_msgs/msg/CheckForObjectsActionFeedback.msg)
Linked: (/home/mirte/NGR-Goose/mirte_ws/devel/.private/darknet_ros_msgs/share/darknet_ros_msgs/msg/CheckForObjectsGoal.msg, /home/mirte/NGR-Goose/mirte_ws/devel/share/darknet_ros_msgs/msg/CheckForObjectsGoal.msg)
Linked: (/home/mirte/NGR-Goose/mirte_ws/devel/.private/darknet_ros_msgs/share/darknet_ros_msgs/msg/CheckForObjectsFeedback.msg, /home/mirte/NGR-Goose/mirte_ws/devel/share/darknet_ros_msgs/msg/CheckForObjectsFeedback.msg)
Linked: (/home/mirte/NGR-Goose/mirte_ws/devel/.private/darknet_ros_msgs/share/darknet_ros_msgs/cmake/darknet_ros_msgs-msg-extras.cmake, /home/mirte/NGR-Goose/mirte_ws/devel/share/darknet_ros_msgs/cmake/darknet_ros_msgs-msg-extras.cmake)
Linked: (/home/mirte/NGR-Goose/mirte_ws/devel/.private/darknet_ros_msgs/share/darknet_ros_msgs/cmake/darknet_ros_msgsConfig.cmake, /home/mirte/NGR-Goose/mirte_ws/devel/share/darknet_ros_msgs/cmake/darknet_ros_msgsConfig.cmake)
Linked: (/home/mirte/NGR-Goose/mirte_ws/devel/.private/darknet_ros_msgs/share/darknet_ros_msgs/cmake/darknet_ros_msgsConfig-version.cmake, /home/mirte/NGR-Goose/mirte_ws/devel/share/darknet_ros_msgs/cmake/darknet_ros_msgsConfig-version.cmake)
Linked: (/home/mirte/NGR-Goose/mirte_ws/devel/.private/darknet_ros_msgs/share/darknet_ros_msgs/cmake/darknet_ros_msgs-msg-paths.cmake, /home/mirte/NGR-Goose/mirte_ws/devel/share/darknet_ros_msgs/cmake/darknet_ros_msgs-msg-paths.cmake)
Linked: (/home/mirte/NGR-Goose/mirte_ws/devel/.private/darknet_ros_msgs/share/common-lisp/ros/darknet_ros_msgs/msg/_package_CheckForObjectsFeedback.lisp, /home/mirte/NGR-Goose/mirte_ws/devel/share/common-lisp/ros/darknet_ros_msgs/msg/_package_CheckForObjectsFeedback.lisp)
Linked: (/home/mirte/NGR-Goose/mirte_ws/devel/.private/darknet_ros_msgs/share/common-lisp/ros/darknet_ros_msgs/msg/CheckForObjectsFeedback.lisp, /home/mirte/NGR-Goose/mirte_ws/devel/share/common-lisp/ros/darknet_ros_msgs/msg/CheckForObjectsFeedback.lisp)
Linked: (/home/mirte/NGR-Goose/mirte_ws/devel/.private/darknet_ros_msgs/share/common-lisp/ros/darknet_ros_msgs/msg/_package_BoundingBox.lisp, /home/mirte/NGR-Goose/mirte_ws/devel/share/common-lisp/ros/darknet_ros_msgs/msg/_package_BoundingBox.lisp)
Linked: (/home/mirte/NGR-Goose/mirte_ws/devel/.private/darknet_ros_msgs/share/common-lisp/ros/darknet_ros_msgs/msg/_package_CheckForObjectsActionGoal.lisp, /home/mirte/NGR-Goose/mirte_ws/devel/share/common-lisp/ros/darknet_ros_msgs/msg/_package_CheckForObjectsActionGoal.lisp)
Linked: (/home/mirte/NGR-Goose/mirte_ws/devel/.private/darknet_ros_msgs/share/common-lisp/ros/darknet_ros_msgs/msg/_package_CheckForObjectsGoal.lisp, /home/mirte/NGR-Goose/mirte_ws/devel/share/common-lisp/ros/darknet_ros_msgs/msg/_package_CheckForObjectsGoal.lisp)
Linked: (/home/mirte/NGR-Goose/mirte_ws/devel/.private/darknet_ros_msgs/share/common-lisp/ros/darknet_ros_msgs/msg/darknet_ros_msgs-msg.asd, /home/mirte/NGR-Goose/mirte_ws/devel/share/common-lisp/ros/darknet_ros_msgs/msg/darknet_ros_msgs-msg.asd)
Linked: (/home/mirte/NGR-Goose/mirte_ws/devel/.private/darknet_ros_msgs/share/common-lisp/ros/darknet_ros_msgs/msg/_package_CheckForObjectsActionFeedback.lisp, /home/mirte/NGR-Goose/mirte_ws/devel/share/common-lisp/ros/darknet_ros_msgs/msg/_package_CheckForObjectsActionFeedback.lisp)
Linked: (/home/mirte/NGR-Goose/mirte_ws/devel/.private/darknet_ros_msgs/share/common-lisp/ros/darknet_ros_msgs/msg/CheckForObjectsActionGoal.lisp, /home/mirte/NGR-Goose/mirte_ws/devel/share/common-lisp/ros/darknet_ros_msgs/msg/CheckForObjectsActionGoal.lisp)
Linked: (/home/mirte/NGR-Goose/mirte_ws/devel/.private/darknet_ros_msgs/share/common-lisp/ros/darknet_ros_msgs/msg/_package_CheckForObjectsResult.lisp, /home/mirte/NGR-Goose/mirte_ws/devel/share/common-lisp/ros/darknet_ros_msgs/msg/_package_CheckForObjectsResult.lisp)
Linked: (/home/mirte/NGR-Goose/mirte_ws/devel/.private/darknet_ros_msgs/share/common-lisp/ros/darknet_ros_msgs/msg/_package_ObjectCount.lisp, /home/mirte/NGR-Goose/mirte_ws/devel/share/common-lisp/ros/darknet_ros_msgs/msg/_package_ObjectCount.lisp)
Linked: (/home/mirte/NGR-Goose/mirte_ws/devel/.private/darknet_ros_msgs/share/common-lisp/ros/darknet_ros_msgs/msg/BoundingBox.lisp, /home/mirte/NGR-Goose/mirte_ws/devel/share/common-lisp/ros/darknet_ros_msgs/msg/BoundingBox.lisp)
Linked: (/home/mirte/NGR-Goose/mirte_ws/devel/.private/darknet_ros_msgs/share/common-lisp/ros/darknet_ros_msgs/msg/CheckForObjectsAction.lisp, /home/mirte/NGR-Goose/mirte_ws/devel/share/common-lisp/ros/darknet_ros_msgs/msg/CheckForObjectsAction.lisp)
Linked: (/home/mirte/NGR-Goose/mirte_ws/devel/.private/darknet_ros_msgs/share/common-lisp/ros/darknet_ros_msgs/msg/CheckForObjectsActionFeedback.lisp, /home/mirte/NGR-Goose/mirte_ws/devel/share/common-lisp/ros/darknet_ros_msgs/msg/CheckForObjectsActionFeedback.lisp)
Linked: (/home/mirte/NGR-Goose/mirte_ws/devel/.private/darknet_ros_msgs/share/common-lisp/ros/darknet_ros_msgs/msg/_package_BoundingBoxes.lisp, /home/mirte/NGR-Goose/mirte_ws/devel/share/common-lisp/ros/darknet_ros_msgs/msg/_package_BoundingBoxes.lisp)
Linked: (/home/mirte/NGR-Goose/mirte_ws/devel/.private/darknet_ros_msgs/share/common-lisp/ros/darknet_ros_msgs/msg/CheckForObjectsGoal.lisp, /home/mirte/NGR-Goose/mirte_ws/devel/share/common-lisp/ros/darknet_ros_msgs/msg/CheckForObjectsGoal.lisp)
Linked: (/home/mirte/NGR-Goose/mirte_ws/devel/.private/darknet_ros_msgs/share/common-lisp/ros/darknet_ros_msgs/msg/CheckForObjectsResult.lisp, /home/mirte/NGR-Goose/mirte_ws/devel/share/common-lisp/ros/darknet_ros_msgs/msg/CheckForObjectsResult.lisp)
Linked: (/home/mirte/NGR-Goose/mirte_ws/devel/.private/darknet_ros_msgs/share/common-lisp/ros/darknet_ros_msgs/msg/_package_CheckForObjectsAction.lisp, /home/mirte/NGR-Goose/mirte_ws/devel/share/common-lisp/ros/darknet_ros_msgs/msg/_package_CheckForObjectsAction.lisp)
Linked: (/home/mirte/NGR-Goose/mirte_ws/devel/.private/darknet_ros_msgs/share/common-lisp/ros/darknet_ros_msgs/msg/BoundingBoxes.lisp, /home/mirte/NGR-Goose/mirte_ws/devel/share/common-lisp/ros/darknet_ros_msgs/msg/BoundingBoxes.lisp)
Linked: (/home/mirte/NGR-Goose/mirte_ws/devel/.private/darknet_ros_msgs/share/common-lisp/ros/darknet_ros_msgs/msg/CheckForObjectsActionResult.lisp, /home/mirte/NGR-Goose/mirte_ws/devel/share/common-lisp/ros/darknet_ros_msgs/msg/CheckForObjectsActionResult.lisp)
Linked: (/home/mirte/NGR-Goose/mirte_ws/devel/.private/darknet_ros_msgs/share/common-lisp/ros/darknet_ros_msgs/msg/_package.lisp, /home/mirte/NGR-Goose/mirte_ws/devel/share/common-lisp/ros/darknet_ros_msgs/msg/_package.lisp)
Linked: (/home/mirte/NGR-Goose/mirte_ws/devel/.private/darknet_ros_msgs/share/common-lisp/ros/darknet_ros_msgs/msg/_package_CheckForObjectsActionResult.lisp, /home/mirte/NGR-Goose/mirte_ws/devel/share/common-lisp/ros/darknet_ros_msgs/msg/_package_CheckForObjectsActionResult.lisp)
Linked: (/home/mirte/NGR-Goose/mirte_ws/devel/.private/darknet_ros_msgs/share/common-lisp/ros/darknet_ros_msgs/msg/ObjectCount.lisp, /home/mirte/NGR-Goose/mirte_ws/devel/share/common-lisp/ros/darknet_ros_msgs/msg/ObjectCount.lisp)
Linked: (/home/mirte/NGR-Goose/mirte_ws/devel/.private/darknet_ros_msgs/lib/python3/dist-packages/darknet_ros_msgs/__init__.py, /home/mirte/NGR-Goose/mirte_ws/devel/lib/python3/dist-packages/darknet_ros_msgs/__init__.py)
Linked: (/home/mirte/NGR-Goose/mirte_ws/devel/.private/darknet_ros_msgs/lib/python3/dist-packages/darknet_ros_msgs/msg/_CheckForObjectsGoal.py, /home/mirte/NGR-Goose/mirte_ws/devel/lib/python3/dist-packages/darknet_ros_msgs/msg/_CheckForObjectsGoal.py)
Linked: (/home/mirte/NGR-Goose/mirte_ws/devel/.private/darknet_ros_msgs/lib/python3/dist-packages/darknet_ros_msgs/msg/_CheckForObjectsResult.py, /home/mirte/NGR-Goose/mirte_ws/devel/lib/python3/dist-packages/darknet_ros_msgs/msg/_CheckForObjectsResult.py)
Linked: (/home/mirte/NGR-Goose/mirte_ws/devel/.private/darknet_ros_msgs/lib/python3/dist-packages/darknet_ros_msgs/msg/_CheckForObjectsFeedback.py, /home/mirte/NGR-Goose/mirte_ws/devel/lib/python3/dist-packages/darknet_ros_msgs/msg/_CheckForObjectsFeedback.py)
Linked: (/home/mirte/NGR-Goose/mirte_ws/devel/.private/darknet_ros_msgs/lib/python3/dist-packages/darknet_ros_msgs/msg/_BoundingBoxes.py, /home/mirte/NGR-Goose/mirte_ws/devel/lib/python3/dist-packages/darknet_ros_msgs/msg/_BoundingBoxes.py)
Linked: (/home/mirte/NGR-Goose/mirte_ws/devel/.private/darknet_ros_msgs/lib/python3/dist-packages/darknet_ros_msgs/msg/_ObjectCount.py, /home/mirte/NGR-Goose/mirte_ws/devel/lib/python3/dist-packages/darknet_ros_msgs/msg/_ObjectCount.py)
Linked: (/home/mirte/NGR-Goose/mirte_ws/devel/.private/darknet_ros_msgs/lib/python3/dist-packages/darknet_ros_msgs/msg/_CheckForObjectsAction.py, /home/mirte/NGR-Goose/mirte_ws/devel/lib/python3/dist-packages/darknet_ros_msgs/msg/_CheckForObjectsAction.py)
Linked: (/home/mirte/NGR-Goose/mirte_ws/devel/.private/darknet_ros_msgs/lib/python3/dist-packages/darknet_ros_msgs/msg/_CheckForObjectsActionResult.py, /home/mirte/NGR-Goose/mirte_ws/devel/lib/python3/dist-packages/darknet_ros_msgs/msg/_CheckForObjectsActionResult.py)
Linked: (/home/mirte/NGR-Goose/mirte_ws/devel/.private/darknet_ros_msgs/lib/python3/dist-packages/darknet_ros_msgs/msg/_CheckForObjectsActionGoal.py, /home/mirte/NGR-Goose/mirte_ws/devel/lib/python3/dist-packages/darknet_ros_msgs/msg/_CheckForObjectsActionGoal.py)
Linked: (/home/mirte/NGR-Goose/mirte_ws/devel/.private/darknet_ros_msgs/lib/python3/dist-packages/darknet_ros_msgs/msg/_CheckForObjectsActionFeedback.py, /home/mirte/NGR-Goose/mirte_ws/devel/lib/python3/dist-packages/darknet_ros_msgs/msg/_CheckForObjectsActionFeedback.py)
Linked: (/home/mirte/NGR-Goose/mirte_ws/devel/.private/darknet_ros_msgs/lib/python3/dist-packages/darknet_ros_msgs/msg/_BoundingBox.py, /home/mirte/NGR-Goose/mirte_ws/devel/lib/python3/dist-packages/darknet_ros_msgs/msg/_BoundingBox.py)
Linked: (/home/mirte/NGR-Goose/mirte_ws/devel/.private/darknet_ros_msgs/lib/python3/dist-packages/darknet_ros_msgs/msg/__init__.py, /home/mirte/NGR-Goose/mirte_ws/devel/lib/python3/dist-packages/darknet_ros_msgs/msg/__init__.py)
Linked: (/home/mirte/NGR-Goose/mirte_ws/devel/.private/darknet_ros_msgs/lib/pkgconfig/darknet_ros_msgs.pc, /home/mirte/NGR-Goose/mirte_ws/devel/lib/pkgconfig/darknet_ros_msgs.pc)
