Symlinking /home/mirte/NGR-Goose/mirte_ws/devel/include/flexbe_msgs/BehaviorInputResult.h
Symlinking /home/mirte/NGR-Goose/mirte_ws/devel/include/flexbe_msgs/OutcomeRequest.h
Symlinking /home/mirte/NGR-Goose/mirte_ws/devel/include/flexbe_msgs/BehaviorExecutionActionFeedback.h
Symlinking /home/mirte/NGR-Goose/mirte_ws/devel/include/flexbe_msgs/UICommand.h
Symlinking /home/mirte/NGR-Goose/mirte_ws/devel/include/flexbe_msgs/BehaviorLog.h
Symlinking /home/mirte/NGR-Goose/mirte_ws/devel/include/flexbe_msgs/BehaviorSynthesisFeedback.h
Symlinking /home/mirte/NGR-Goose/mirte_ws/devel/include/flexbe_msgs/GetUserdata.h
Symlinking /home/mirte/NGR-Goose/mirte_ws/devel/include/flexbe_msgs/BehaviorRequest.h
Symlinking /home/mirte/NGR-Goose/mirte_ws/devel/include/flexbe_msgs/BEStatus.h
Symlinking /home/mirte/NGR-Goose/mirte_ws/devel/include/flexbe_msgs/BehaviorInputFeedback.h
Symlinking /home/mirte/NGR-Goose/mirte_ws/devel/include/flexbe_msgs/BehaviorSynthesisGoal.h
Symlinking /home/mirte/NGR-Goose/mirte_ws/devel/include/flexbe_msgs/BehaviorExecutionAction.h
Symlinking /home/mirte/NGR-Goose/mirte_ws/devel/include/flexbe_msgs/UserdataInfo.h
Symlinking /home/mirte/NGR-Goose/mirte_ws/devel/include/flexbe_msgs/BehaviorInputActionFeedback.h
Symlinking /home/mirte/NGR-Goose/mirte_ws/devel/include/flexbe_msgs/BehaviorSynthesisActionFeedback.h
Symlinking /home/mirte/NGR-Goose/mirte_ws/devel/include/flexbe_msgs/ContainerStructure.h
Symlinking /home/mirte/NGR-Goose/mirte_ws/devel/include/flexbe_msgs/BehaviorInputActionResult.h
Symlinking /home/mirte/NGR-Goose/mirte_ws/devel/include/flexbe_msgs/OutcomeCondition.h
Symlinking /home/mirte/NGR-Goose/mirte_ws/devel/include/flexbe_msgs/BehaviorSynthesisActionResult.h
Symlinking /home/mirte/NGR-Goose/mirte_ws/devel/include/flexbe_msgs/BehaviorSynthesisResult.h
Symlinking /home/mirte/NGR-Goose/mirte_ws/devel/include/flexbe_msgs/Container.h
Symlinking /home/mirte/NGR-Goose/mirte_ws/devel/include/flexbe_msgs/BehaviorSync.h
Symlinking /home/mirte/NGR-Goose/mirte_ws/devel/include/flexbe_msgs/BehaviorSynthesisActionGoal.h
Symlinking /home/mirte/NGR-Goose/mirte_ws/devel/include/flexbe_msgs/BehaviorSelection.h
Symlinking /home/mirte/NGR-Goose/mirte_ws/devel/include/flexbe_msgs/StateInstantiation.h
Symlinking /home/mirte/NGR-Goose/mirte_ws/devel/include/flexbe_msgs/BehaviorExecutionActionGoal.h
Symlinking /home/mirte/NGR-Goose/mirte_ws/devel/include/flexbe_msgs/BehaviorInputAction.h
Symlinking /home/mirte/NGR-Goose/mirte_ws/devel/include/flexbe_msgs/BehaviorModification.h
Symlinking /home/mirte/NGR-Goose/mirte_ws/devel/include/flexbe_msgs/CommandFeedback.h
Symlinking /home/mirte/NGR-Goose/mirte_ws/devel/include/flexbe_msgs/BehaviorInputGoal.h
Symlinking /home/mirte/NGR-Goose/mirte_ws/devel/include/flexbe_msgs/SynthesisErrorCodes.h
Symlinking /home/mirte/NGR-Goose/mirte_ws/devel/include/flexbe_msgs/GetUserdataRequest.h
Symlinking /home/mirte/NGR-Goose/mirte_ws/devel/include/flexbe_msgs/BehaviorInputActionGoal.h
Symlinking /home/mirte/NGR-Goose/mirte_ws/devel/include/flexbe_msgs/GetUserdataResponse.h
Symlinking /home/mirte/NGR-Goose/mirte_ws/devel/include/flexbe_msgs/BehaviorExecutionActionResult.h
Symlinking /home/mirte/NGR-Goose/mirte_ws/devel/include/flexbe_msgs/BehaviorExecutionResult.h
Symlinking /home/mirte/NGR-Goose/mirte_ws/devel/include/flexbe_msgs/BehaviorExecutionGoal.h
Symlinking /home/mirte/NGR-Goose/mirte_ws/devel/include/flexbe_msgs/SynthesisRequest.h
Symlinking /home/mirte/NGR-Goose/mirte_ws/devel/include/flexbe_msgs/BehaviorExecutionFeedback.h
Symlinking /home/mirte/NGR-Goose/mirte_ws/devel/include/flexbe_msgs/BehaviorSynthesisAction.h
Symlinking /home/mirte/NGR-Goose/mirte_ws/devel/share/roseus/ros/flexbe_msgs/manifest.l
Symlinking /home/mirte/NGR-Goose/mirte_ws/devel/share/roseus/ros/flexbe_msgs/srv/GetUserdata.l
Symlinking /home/mirte/NGR-Goose/mirte_ws/devel/share/roseus/ros/flexbe_msgs/msg/BehaviorSynthesisGoal.l
Symlinking /home/mirte/NGR-Goose/mirte_ws/devel/share/roseus/ros/flexbe_msgs/msg/BehaviorInputAction.l
Symlinking /home/mirte/NGR-Goose/mirte_ws/devel/share/roseus/ros/flexbe_msgs/msg/Container.l
Symlinking /home/mirte/NGR-Goose/mirte_ws/devel/share/roseus/ros/flexbe_msgs/msg/BehaviorSynthesisActionGoal.l
Symlinking /home/mirte/NGR-Goose/mirte_ws/devel/share/roseus/ros/flexbe_msgs/msg/BehaviorExecutionActionGoal.l
Symlinking /home/mirte/NGR-Goose/mirte_ws/devel/share/roseus/ros/flexbe_msgs/msg/CommandFeedback.l
Symlinking /home/mirte/NGR-Goose/mirte_ws/devel/share/roseus/ros/flexbe_msgs/msg/BehaviorSynthesisActionFeedback.l
Symlinking /home/mirte/NGR-Goose/mirte_ws/devel/share/roseus/ros/flexbe_msgs/msg/BehaviorInputFeedback.l
Symlinking /home/mirte/NGR-Goose/mirte_ws/devel/share/roseus/ros/flexbe_msgs/msg/BehaviorSynthesisResult.l
Symlinking /home/mirte/NGR-Goose/mirte_ws/devel/share/roseus/ros/flexbe_msgs/msg/BehaviorInputActionResult.l
Symlinking /home/mirte/NGR-Goose/mirte_ws/devel/share/roseus/ros/flexbe_msgs/msg/BehaviorInputActionFeedback.l
Symlinking /home/mirte/NGR-Goose/mirte_ws/devel/share/roseus/ros/flexbe_msgs/msg/BehaviorSelection.l
Symlinking /home/mirte/NGR-Goose/mirte_ws/devel/share/roseus/ros/flexbe_msgs/msg/BehaviorExecutionGoal.l
Symlinking /home/mirte/NGR-Goose/mirte_ws/devel/share/roseus/ros/flexbe_msgs/msg/BehaviorExecutionResult.l
Symlinking /home/mirte/NGR-Goose/mirte_ws/devel/share/roseus/ros/flexbe_msgs/msg/UserdataInfo.l
Symlinking /home/mirte/NGR-Goose/mirte_ws/devel/share/roseus/ros/flexbe_msgs/msg/BEStatus.l
Symlinking /home/mirte/NGR-Goose/mirte_ws/devel/share/roseus/ros/flexbe_msgs/msg/UICommand.l
Symlinking /home/mirte/NGR-Goose/mirte_ws/devel/share/roseus/ros/flexbe_msgs/msg/OutcomeCondition.l
Symlinking /home/mirte/NGR-Goose/mirte_ws/devel/share/roseus/ros/flexbe_msgs/msg/BehaviorExecutionActionFeedback.l
Symlinking /home/mirte/NGR-Goose/mirte_ws/devel/share/roseus/ros/flexbe_msgs/msg/OutcomeRequest.l
Symlinking /home/mirte/NGR-Goose/mirte_ws/devel/share/roseus/ros/flexbe_msgs/msg/BehaviorSynthesisActionResult.l
Symlinking /home/mirte/NGR-Goose/mirte_ws/devel/share/roseus/ros/flexbe_msgs/msg/BehaviorSynthesisAction.l
Symlinking /home/mirte/NGR-Goose/mirte_ws/devel/share/roseus/ros/flexbe_msgs/msg/BehaviorSynthesisFeedback.l
Symlinking /home/mirte/NGR-Goose/mirte_ws/devel/share/roseus/ros/flexbe_msgs/msg/BehaviorLog.l
Symlinking /home/mirte/NGR-Goose/mirte_ws/devel/share/roseus/ros/flexbe_msgs/msg/BehaviorExecutionAction.l
Symlinking /home/mirte/NGR-Goose/mirte_ws/devel/share/roseus/ros/flexbe_msgs/msg/BehaviorExecutionFeedback.l
Symlinking /home/mirte/NGR-Goose/mirte_ws/devel/share/roseus/ros/flexbe_msgs/msg/BehaviorModification.l
Symlinking /home/mirte/NGR-Goose/mirte_ws/devel/share/roseus/ros/flexbe_msgs/msg/BehaviorInputResult.l
Symlinking /home/mirte/NGR-Goose/mirte_ws/devel/share/roseus/ros/flexbe_msgs/msg/BehaviorRequest.l
Symlinking /home/mirte/NGR-Goose/mirte_ws/devel/share/roseus/ros/flexbe_msgs/msg/StateInstantiation.l
Symlinking /home/mirte/NGR-Goose/mirte_ws/devel/share/roseus/ros/flexbe_msgs/msg/BehaviorInputActionGoal.l
Symlinking /home/mirte/NGR-Goose/mirte_ws/devel/share/roseus/ros/flexbe_msgs/msg/BehaviorInputGoal.l
Symlinking /home/mirte/NGR-Goose/mirte_ws/devel/share/roseus/ros/flexbe_msgs/msg/BehaviorExecutionActionResult.l
Symlinking /home/mirte/NGR-Goose/mirte_ws/devel/share/roseus/ros/flexbe_msgs/msg/SynthesisRequest.l
Symlinking /home/mirte/NGR-Goose/mirte_ws/devel/share/roseus/ros/flexbe_msgs/msg/SynthesisErrorCodes.l
Symlinking /home/mirte/NGR-Goose/mirte_ws/devel/share/roseus/ros/flexbe_msgs/msg/BehaviorSync.l
Symlinking /home/mirte/NGR-Goose/mirte_ws/devel/share/roseus/ros/flexbe_msgs/msg/ContainerStructure.l
Symlinking /home/mirte/NGR-Goose/mirte_ws/devel/share/flexbe_msgs/msg/BehaviorExecutionFeedback.msg
Symlinking /home/mirte/NGR-Goose/mirte_ws/devel/share/flexbe_msgs/msg/BehaviorSynthesisActionResult.msg
Symlinking /home/mirte/NGR-Goose/mirte_ws/devel/share/flexbe_msgs/msg/BehaviorSynthesisActionFeedback.msg
Symlinking /home/mirte/NGR-Goose/mirte_ws/devel/share/flexbe_msgs/msg/BehaviorInputAction.msg
Symlinking /home/mirte/NGR-Goose/mirte_ws/devel/share/flexbe_msgs/msg/BehaviorInputActionGoal.msg
Symlinking /home/mirte/NGR-Goose/mirte_ws/devel/share/flexbe_msgs/msg/BehaviorInputFeedback.msg
Symlinking /home/mirte/NGR-Goose/mirte_ws/devel/share/flexbe_msgs/msg/BehaviorExecutionResult.msg
Symlinking /home/mirte/NGR-Goose/mirte_ws/devel/share/flexbe_msgs/msg/BehaviorSynthesisResult.msg
Symlinking /home/mirte/NGR-Goose/mirte_ws/devel/share/flexbe_msgs/msg/BehaviorExecutionActionResult.msg
Symlinking /home/mirte/NGR-Goose/mirte_ws/devel/share/flexbe_msgs/msg/BehaviorSynthesisGoal.msg
Symlinking /home/mirte/NGR-Goose/mirte_ws/devel/share/flexbe_msgs/msg/BehaviorInputActionFeedback.msg
Symlinking /home/mirte/NGR-Goose/mirte_ws/devel/share/flexbe_msgs/msg/BehaviorInputGoal.msg
Symlinking /home/mirte/NGR-Goose/mirte_ws/devel/share/flexbe_msgs/msg/BehaviorExecutionActionFeedback.msg
Symlinking /home/mirte/NGR-Goose/mirte_ws/devel/share/flexbe_msgs/msg/BehaviorSynthesisAction.msg
Symlinking /home/mirte/NGR-Goose/mirte_ws/devel/share/flexbe_msgs/msg/BehaviorSynthesisFeedback.msg
Symlinking /home/mirte/NGR-Goose/mirte_ws/devel/share/flexbe_msgs/msg/BehaviorExecutionGoal.msg
Symlinking /home/mirte/NGR-Goose/mirte_ws/devel/share/flexbe_msgs/msg/BehaviorExecutionActionGoal.msg
Symlinking /home/mirte/NGR-Goose/mirte_ws/devel/share/flexbe_msgs/msg/BehaviorInputActionResult.msg
Symlinking /home/mirte/NGR-Goose/mirte_ws/devel/share/flexbe_msgs/msg/BehaviorSynthesisActionGoal.msg
Symlinking /home/mirte/NGR-Goose/mirte_ws/devel/share/flexbe_msgs/msg/BehaviorExecutionAction.msg
Symlinking /home/mirte/NGR-Goose/mirte_ws/devel/share/flexbe_msgs/msg/BehaviorInputResult.msg
Symlinking /home/mirte/NGR-Goose/mirte_ws/devel/share/flexbe_msgs/cmake/flexbe_msgsConfig.cmake
Symlinking /home/mirte/NGR-Goose/mirte_ws/devel/share/flexbe_msgs/cmake/flexbe_msgsConfig-version.cmake
Symlinking /home/mirte/NGR-Goose/mirte_ws/devel/share/flexbe_msgs/cmake/flexbe_msgs-msg-paths.cmake
Symlinking /home/mirte/NGR-Goose/mirte_ws/devel/share/flexbe_msgs/cmake/flexbe_msgs-msg-extras.cmake
Symlinking /home/mirte/NGR-Goose/mirte_ws/devel/share/gennodejs/ros/flexbe_msgs/_index.js
Symlinking /home/mirte/NGR-Goose/mirte_ws/devel/share/gennodejs/ros/flexbe_msgs/srv/GetUserdata.js
Symlinking /home/mirte/NGR-Goose/mirte_ws/devel/share/gennodejs/ros/flexbe_msgs/srv/_index.js
Symlinking /home/mirte/NGR-Goose/mirte_ws/devel/share/gennodejs/ros/flexbe_msgs/msg/BehaviorSync.js
Symlinking /home/mirte/NGR-Goose/mirte_ws/devel/share/gennodejs/ros/flexbe_msgs/msg/CommandFeedback.js
Symlinking /home/mirte/NGR-Goose/mirte_ws/devel/share/gennodejs/ros/flexbe_msgs/msg/BehaviorExecutionAction.js
Symlinking /home/mirte/NGR-Goose/mirte_ws/devel/share/gennodejs/ros/flexbe_msgs/msg/BehaviorSynthesisGoal.js
Symlinking /home/mirte/NGR-Goose/mirte_ws/devel/share/gennodejs/ros/flexbe_msgs/msg/BehaviorExecutionActionFeedback.js
Symlinking /home/mirte/NGR-Goose/mirte_ws/devel/share/gennodejs/ros/flexbe_msgs/msg/BehaviorSelection.js
Symlinking /home/mirte/NGR-Goose/mirte_ws/devel/share/gennodejs/ros/flexbe_msgs/msg/OutcomeRequest.js
Symlinking /home/mirte/NGR-Goose/mirte_ws/devel/share/gennodejs/ros/flexbe_msgs/msg/StateInstantiation.js
Symlinking /home/mirte/NGR-Goose/mirte_ws/devel/share/gennodejs/ros/flexbe_msgs/msg/BEStatus.js
Symlinking /home/mirte/NGR-Goose/mirte_ws/devel/share/gennodejs/ros/flexbe_msgs/msg/BehaviorInputActionGoal.js
Symlinking /home/mirte/NGR-Goose/mirte_ws/devel/share/gennodejs/ros/flexbe_msgs/msg/BehaviorInputAction.js
Symlinking /home/mirte/NGR-Goose/mirte_ws/devel/share/gennodejs/ros/flexbe_msgs/msg/Container.js
Symlinking /home/mirte/NGR-Goose/mirte_ws/devel/share/gennodejs/ros/flexbe_msgs/msg/BehaviorSynthesisAction.js
Symlinking /home/mirte/NGR-Goose/mirte_ws/devel/share/gennodejs/ros/flexbe_msgs/msg/BehaviorRequest.js
Symlinking /home/mirte/NGR-Goose/mirte_ws/devel/share/gennodejs/ros/flexbe_msgs/msg/OutcomeCondition.js
Symlinking /home/mirte/NGR-Goose/mirte_ws/devel/share/gennodejs/ros/flexbe_msgs/msg/SynthesisRequest.js
Symlinking /home/mirte/NGR-Goose/mirte_ws/devel/share/gennodejs/ros/flexbe_msgs/msg/BehaviorSynthesisActionFeedback.js
Symlinking /home/mirte/NGR-Goose/mirte_ws/devel/share/gennodejs/ros/flexbe_msgs/msg/UserdataInfo.js
Symlinking /home/mirte/NGR-Goose/mirte_ws/devel/share/gennodejs/ros/flexbe_msgs/msg/BehaviorSynthesisFeedback.js
Symlinking /home/mirte/NGR-Goose/mirte_ws/devel/share/gennodejs/ros/flexbe_msgs/msg/_index.js
Symlinking /home/mirte/NGR-Goose/mirte_ws/devel/share/gennodejs/ros/flexbe_msgs/msg/BehaviorExecutionFeedback.js
Symlinking /home/mirte/NGR-Goose/mirte_ws/devel/share/gennodejs/ros/flexbe_msgs/msg/BehaviorInputGoal.js
Symlinking /home/mirte/NGR-Goose/mirte_ws/devel/share/gennodejs/ros/flexbe_msgs/msg/BehaviorExecutionActionGoal.js
Symlinking /home/mirte/NGR-Goose/mirte_ws/devel/share/gennodejs/ros/flexbe_msgs/msg/BehaviorSynthesisActionResult.js
Symlinking /home/mirte/NGR-Goose/mirte_ws/devel/share/gennodejs/ros/flexbe_msgs/msg/BehaviorSynthesisActionGoal.js
Symlinking /home/mirte/NGR-Goose/mirte_ws/devel/share/gennodejs/ros/flexbe_msgs/msg/BehaviorInputActionResult.js
Symlinking /home/mirte/NGR-Goose/mirte_ws/devel/share/gennodejs/ros/flexbe_msgs/msg/BehaviorExecutionResult.js
Symlinking /home/mirte/NGR-Goose/mirte_ws/devel/share/gennodejs/ros/flexbe_msgs/msg/BehaviorInputResult.js
Symlinking /home/mirte/NGR-Goose/mirte_ws/devel/share/gennodejs/ros/flexbe_msgs/msg/BehaviorInputFeedback.js
Symlinking /home/mirte/NGR-Goose/mirte_ws/devel/share/gennodejs/ros/flexbe_msgs/msg/BehaviorSynthesisResult.js
Symlinking /home/mirte/NGR-Goose/mirte_ws/devel/share/gennodejs/ros/flexbe_msgs/msg/BehaviorModification.js
Symlinking /home/mirte/NGR-Goose/mirte_ws/devel/share/gennodejs/ros/flexbe_msgs/msg/UICommand.js
Symlinking /home/mirte/NGR-Goose/mirte_ws/devel/share/gennodejs/ros/flexbe_msgs/msg/SynthesisErrorCodes.js
Symlinking /home/mirte/NGR-Goose/mirte_ws/devel/share/gennodejs/ros/flexbe_msgs/msg/BehaviorExecutionActionResult.js
Symlinking /home/mirte/NGR-Goose/mirte_ws/devel/share/gennodejs/ros/flexbe_msgs/msg/BehaviorExecutionGoal.js
Symlinking /home/mirte/NGR-Goose/mirte_ws/devel/share/gennodejs/ros/flexbe_msgs/msg/ContainerStructure.js
Symlinking /home/mirte/NGR-Goose/mirte_ws/devel/share/gennodejs/ros/flexbe_msgs/msg/BehaviorLog.js
Symlinking /home/mirte/NGR-Goose/mirte_ws/devel/share/gennodejs/ros/flexbe_msgs/msg/BehaviorInputActionFeedback.js
Symlinking /home/mirte/NGR-Goose/mirte_ws/devel/share/common-lisp/ros/flexbe_msgs/srv/_package_GetUserdata.lisp
Symlinking /home/mirte/NGR-Goose/mirte_ws/devel/share/common-lisp/ros/flexbe_msgs/srv/_package.lisp
Symlinking /home/mirte/NGR-Goose/mirte_ws/devel/share/common-lisp/ros/flexbe_msgs/srv/flexbe_msgs-srv.asd
Symlinking /home/mirte/NGR-Goose/mirte_ws/devel/share/common-lisp/ros/flexbe_msgs/srv/GetUserdata.lisp
Symlinking /home/mirte/NGR-Goose/mirte_ws/devel/share/common-lisp/ros/flexbe_msgs/msg/BehaviorExecutionActionGoal.lisp
Symlinking /home/mirte/NGR-Goose/mirte_ws/devel/share/common-lisp/ros/flexbe_msgs/msg/_package_BehaviorExecutionAction.lisp
Symlinking /home/mirte/NGR-Goose/mirte_ws/devel/share/common-lisp/ros/flexbe_msgs/msg/_package_BehaviorSynthesisGoal.lisp
Symlinking /home/mirte/NGR-Goose/mirte_ws/devel/share/common-lisp/ros/flexbe_msgs/msg/BehaviorSynthesisFeedback.lisp
Symlinking /home/mirte/NGR-Goose/mirte_ws/devel/share/common-lisp/ros/flexbe_msgs/msg/BehaviorExecutionActionResult.lisp
Symlinking /home/mirte/NGR-Goose/mirte_ws/devel/share/common-lisp/ros/flexbe_msgs/msg/CommandFeedback.lisp
Symlinking /home/mirte/NGR-Goose/mirte_ws/devel/share/common-lisp/ros/flexbe_msgs/msg/_package_OutcomeCondition.lisp
Symlinking /home/mirte/NGR-Goose/mirte_ws/devel/share/common-lisp/ros/flexbe_msgs/msg/_package_BehaviorLog.lisp
Symlinking /home/mirte/NGR-Goose/mirte_ws/devel/share/common-lisp/ros/flexbe_msgs/msg/_package_CommandFeedback.lisp
Symlinking /home/mirte/NGR-Goose/mirte_ws/devel/share/common-lisp/ros/flexbe_msgs/msg/BehaviorLog.lisp
Symlinking /home/mirte/NGR-Goose/mirte_ws/devel/share/common-lisp/ros/flexbe_msgs/msg/_package_OutcomeRequest.lisp
Symlinking /home/mirte/NGR-Goose/mirte_ws/devel/share/common-lisp/ros/flexbe_msgs/msg/_package_BehaviorSynthesisResult.lisp
Symlinking /home/mirte/NGR-Goose/mirte_ws/devel/share/common-lisp/ros/flexbe_msgs/msg/_package_BehaviorModification.lisp
Symlinking /home/mirte/NGR-Goose/mirte_ws/devel/share/common-lisp/ros/flexbe_msgs/msg/BehaviorSynthesisAction.lisp
Symlinking /home/mirte/NGR-Goose/mirte_ws/devel/share/common-lisp/ros/flexbe_msgs/msg/_package_BehaviorInputFeedback.lisp
Symlinking /home/mirte/NGR-Goose/mirte_ws/devel/share/common-lisp/ros/flexbe_msgs/msg/BehaviorInputAction.lisp
Symlinking /home/mirte/NGR-Goose/mirte_ws/devel/share/common-lisp/ros/flexbe_msgs/msg/_package_BEStatus.lisp
Symlinking /home/mirte/NGR-Goose/mirte_ws/devel/share/common-lisp/ros/flexbe_msgs/msg/_package_SynthesisRequest.lisp
Symlinking /home/mirte/NGR-Goose/mirte_ws/devel/share/common-lisp/ros/flexbe_msgs/msg/BehaviorInputActionResult.lisp
Symlinking /home/mirte/NGR-Goose/mirte_ws/devel/share/common-lisp/ros/flexbe_msgs/msg/_package_BehaviorInputAction.lisp
Symlinking /home/mirte/NGR-Goose/mirte_ws/devel/share/common-lisp/ros/flexbe_msgs/msg/_package_BehaviorSynthesisActionResult.lisp
Symlinking /home/mirte/NGR-Goose/mirte_ws/devel/share/common-lisp/ros/flexbe_msgs/msg/_package_StateInstantiation.lisp
Symlinking /home/mirte/NGR-Goose/mirte_ws/devel/share/common-lisp/ros/flexbe_msgs/msg/_package_BehaviorSync.lisp
Symlinking /home/mirte/NGR-Goose/mirte_ws/devel/share/common-lisp/ros/flexbe_msgs/msg/_package_SynthesisErrorCodes.lisp
Symlinking /home/mirte/NGR-Goose/mirte_ws/devel/share/common-lisp/ros/flexbe_msgs/msg/_package_UICommand.lisp
Symlinking /home/mirte/NGR-Goose/mirte_ws/devel/share/common-lisp/ros/flexbe_msgs/msg/_package_BehaviorInputResult.lisp
Symlinking /home/mirte/NGR-Goose/mirte_ws/devel/share/common-lisp/ros/flexbe_msgs/msg/BehaviorInputActionFeedback.lisp
Symlinking /home/mirte/NGR-Goose/mirte_ws/devel/share/common-lisp/ros/flexbe_msgs/msg/ContainerStructure.lisp
Symlinking /home/mirte/NGR-Goose/mirte_ws/devel/share/common-lisp/ros/flexbe_msgs/msg/_package_BehaviorInputActionGoal.lisp
Symlinking /home/mirte/NGR-Goose/mirte_ws/devel/share/common-lisp/ros/flexbe_msgs/msg/_package_BehaviorExecutionResult.lisp
Symlinking /home/mirte/NGR-Goose/mirte_ws/devel/share/common-lisp/ros/flexbe_msgs/msg/OutcomeRequest.lisp
Symlinking /home/mirte/NGR-Goose/mirte_ws/devel/share/common-lisp/ros/flexbe_msgs/msg/_package_BehaviorInputActionResult.lisp
Symlinking /home/mirte/NGR-Goose/mirte_ws/devel/share/common-lisp/ros/flexbe_msgs/msg/StateInstantiation.lisp
Symlinking /home/mirte/NGR-Goose/mirte_ws/devel/share/common-lisp/ros/flexbe_msgs/msg/SynthesisRequest.lisp
Symlinking /home/mirte/NGR-Goose/mirte_ws/devel/share/common-lisp/ros/flexbe_msgs/msg/_package_BehaviorExecutionActionResult.lisp
Symlinking /home/mirte/NGR-Goose/mirte_ws/devel/share/common-lisp/ros/flexbe_msgs/msg/_package_BehaviorExecutionActionFeedback.lisp
Symlinking /home/mirte/NGR-Goose/mirte_ws/devel/share/common-lisp/ros/flexbe_msgs/msg/BehaviorExecutionActionFeedback.lisp
Symlinking /home/mirte/NGR-Goose/mirte_ws/devel/share/common-lisp/ros/flexbe_msgs/msg/_package_ContainerStructure.lisp
Symlinking /home/mirte/NGR-Goose/mirte_ws/devel/share/common-lisp/ros/flexbe_msgs/msg/_package_BehaviorExecutionActionGoal.lisp
Symlinking /home/mirte/NGR-Goose/mirte_ws/devel/share/common-lisp/ros/flexbe_msgs/msg/BehaviorInputFeedback.lisp
Symlinking /home/mirte/NGR-Goose/mirte_ws/devel/share/common-lisp/ros/flexbe_msgs/msg/BehaviorSynthesisActionResult.lisp
Symlinking /home/mirte/NGR-Goose/mirte_ws/devel/share/common-lisp/ros/flexbe_msgs/msg/_package_BehaviorInputGoal.lisp
Symlinking /home/mirte/NGR-Goose/mirte_ws/devel/share/common-lisp/ros/flexbe_msgs/msg/_package_BehaviorSelection.lisp
Symlinking /home/mirte/NGR-Goose/mirte_ws/devel/share/common-lisp/ros/flexbe_msgs/msg/BehaviorInputGoal.lisp
Symlinking /home/mirte/NGR-Goose/mirte_ws/devel/share/common-lisp/ros/flexbe_msgs/msg/UICommand.lisp
Symlinking /home/mirte/NGR-Goose/mirte_ws/devel/share/common-lisp/ros/flexbe_msgs/msg/_package_BehaviorRequest.lisp
Symlinking /home/mirte/NGR-Goose/mirte_ws/devel/share/common-lisp/ros/flexbe_msgs/msg/BehaviorExecutionAction.lisp
Symlinking /home/mirte/NGR-Goose/mirte_ws/devel/share/common-lisp/ros/flexbe_msgs/msg/_package_BehaviorExecutionFeedback.lisp
Symlinking /home/mirte/NGR-Goose/mirte_ws/devel/share/common-lisp/ros/flexbe_msgs/msg/BehaviorRequest.lisp
Symlinking /home/mirte/NGR-Goose/mirte_ws/devel/share/common-lisp/ros/flexbe_msgs/msg/UserdataInfo.lisp
Symlinking /home/mirte/NGR-Goose/mirte_ws/devel/share/common-lisp/ros/flexbe_msgs/msg/_package_BehaviorInputActionFeedback.lisp
Symlinking /home/mirte/NGR-Goose/mirte_ws/devel/share/common-lisp/ros/flexbe_msgs/msg/BehaviorSelection.lisp
Symlinking /home/mirte/NGR-Goose/mirte_ws/devel/share/common-lisp/ros/flexbe_msgs/msg/_package.lisp
Symlinking /home/mirte/NGR-Goose/mirte_ws/devel/share/common-lisp/ros/flexbe_msgs/msg/BehaviorSynthesisActionGoal.lisp
Symlinking /home/mirte/NGR-Goose/mirte_ws/devel/share/common-lisp/ros/flexbe_msgs/msg/_package_BehaviorSynthesisFeedback.lisp
Symlinking /home/mirte/NGR-Goose/mirte_ws/devel/share/common-lisp/ros/flexbe_msgs/msg/BehaviorInputResult.lisp
Symlinking /home/mirte/NGR-Goose/mirte_ws/devel/share/common-lisp/ros/flexbe_msgs/msg/flexbe_msgs-msg.asd
Symlinking /home/mirte/NGR-Goose/mirte_ws/devel/share/common-lisp/ros/flexbe_msgs/msg/BehaviorSynthesisActionFeedback.lisp
Symlinking /home/mirte/NGR-Goose/mirte_ws/devel/share/common-lisp/ros/flexbe_msgs/msg/BehaviorExecutionFeedback.lisp
Symlinking /home/mirte/NGR-Goose/mirte_ws/devel/share/common-lisp/ros/flexbe_msgs/msg/BehaviorExecutionGoal.lisp
Symlinking /home/mirte/NGR-Goose/mirte_ws/devel/share/common-lisp/ros/flexbe_msgs/msg/OutcomeCondition.lisp
Symlinking /home/mirte/NGR-Goose/mirte_ws/devel/share/common-lisp/ros/flexbe_msgs/msg/_package_BehaviorSynthesisAction.lisp
Symlinking /home/mirte/NGR-Goose/mirte_ws/devel/share/common-lisp/ros/flexbe_msgs/msg/BehaviorExecutionResult.lisp
Symlinking /home/mirte/NGR-Goose/mirte_ws/devel/share/common-lisp/ros/flexbe_msgs/msg/_package_Container.lisp
Symlinking /home/mirte/NGR-Goose/mirte_ws/devel/share/common-lisp/ros/flexbe_msgs/msg/BehaviorInputActionGoal.lisp
Symlinking /home/mirte/NGR-Goose/mirte_ws/devel/share/common-lisp/ros/flexbe_msgs/msg/BehaviorModification.lisp
Symlinking /home/mirte/NGR-Goose/mirte_ws/devel/share/common-lisp/ros/flexbe_msgs/msg/SynthesisErrorCodes.lisp
Symlinking /home/mirte/NGR-Goose/mirte_ws/devel/share/common-lisp/ros/flexbe_msgs/msg/BehaviorSynthesisGoal.lisp
Symlinking /home/mirte/NGR-Goose/mirte_ws/devel/share/common-lisp/ros/flexbe_msgs/msg/_package_BehaviorExecutionGoal.lisp
Symlinking /home/mirte/NGR-Goose/mirte_ws/devel/share/common-lisp/ros/flexbe_msgs/msg/BehaviorSynthesisResult.lisp
Symlinking /home/mirte/NGR-Goose/mirte_ws/devel/share/common-lisp/ros/flexbe_msgs/msg/_package_BehaviorSynthesisActionFeedback.lisp
Symlinking /home/mirte/NGR-Goose/mirte_ws/devel/share/common-lisp/ros/flexbe_msgs/msg/BehaviorSync.lisp
Symlinking /home/mirte/NGR-Goose/mirte_ws/devel/share/common-lisp/ros/flexbe_msgs/msg/BEStatus.lisp
Symlinking /home/mirte/NGR-Goose/mirte_ws/devel/share/common-lisp/ros/flexbe_msgs/msg/Container.lisp
Symlinking /home/mirte/NGR-Goose/mirte_ws/devel/share/common-lisp/ros/flexbe_msgs/msg/_package_UserdataInfo.lisp
Symlinking /home/mirte/NGR-Goose/mirte_ws/devel/share/common-lisp/ros/flexbe_msgs/msg/_package_BehaviorSynthesisActionGoal.lisp
Symlinking /home/mirte/NGR-Goose/mirte_ws/devel/lib/python3/dist-packages/flexbe_msgs/__init__.py
Symlinking /home/mirte/NGR-Goose/mirte_ws/devel/lib/python3/dist-packages/flexbe_msgs/srv/_GetUserdata.py
Symlinking /home/mirte/NGR-Goose/mirte_ws/devel/lib/python3/dist-packages/flexbe_msgs/srv/__init__.py
Symlinking /home/mirte/NGR-Goose/mirte_ws/devel/lib/python3/dist-packages/flexbe_msgs/msg/_BehaviorExecutionActionFeedback.py
Symlinking /home/mirte/NGR-Goose/mirte_ws/devel/lib/python3/dist-packages/flexbe_msgs/msg/_BehaviorExecutionGoal.py
Symlinking /home/mirte/NGR-Goose/mirte_ws/devel/lib/python3/dist-packages/flexbe_msgs/msg/_BehaviorInputGoal.py
Symlinking /home/mirte/NGR-Goose/mirte_ws/devel/lib/python3/dist-packages/flexbe_msgs/msg/_BehaviorInputActionGoal.py
Symlinking /home/mirte/NGR-Goose/mirte_ws/devel/lib/python3/dist-packages/flexbe_msgs/msg/_BehaviorModification.py
Symlinking /home/mirte/NGR-Goose/mirte_ws/devel/lib/python3/dist-packages/flexbe_msgs/msg/_StateInstantiation.py
Symlinking /home/mirte/NGR-Goose/mirte_ws/devel/lib/python3/dist-packages/flexbe_msgs/msg/_Container.py
Symlinking /home/mirte/NGR-Goose/mirte_ws/devel/lib/python3/dist-packages/flexbe_msgs/msg/_BehaviorSynthesisGoal.py
Symlinking /home/mirte/NGR-Goose/mirte_ws/devel/lib/python3/dist-packages/flexbe_msgs/msg/_BehaviorInputResult.py
Symlinking /home/mirte/NGR-Goose/mirte_ws/devel/lib/python3/dist-packages/flexbe_msgs/msg/_BehaviorExecutionActionGoal.py
Symlinking /home/mirte/NGR-Goose/mirte_ws/devel/lib/python3/dist-packages/flexbe_msgs/msg/_BehaviorSync.py
Symlinking /home/mirte/NGR-Goose/mirte_ws/devel/lib/python3/dist-packages/flexbe_msgs/msg/_BehaviorLog.py
Symlinking /home/mirte/NGR-Goose/mirte_ws/devel/lib/python3/dist-packages/flexbe_msgs/msg/_BehaviorInputActionFeedback.py
Symlinking /home/mirte/NGR-Goose/mirte_ws/devel/lib/python3/dist-packages/flexbe_msgs/msg/_BehaviorSynthesisFeedback.py
Symlinking /home/mirte/NGR-Goose/mirte_ws/devel/lib/python3/dist-packages/flexbe_msgs/msg/_BehaviorSynthesisActionResult.py
Symlinking /home/mirte/NGR-Goose/mirte_ws/devel/lib/python3/dist-packages/flexbe_msgs/msg/_BehaviorExecutionResult.py
Symlinking /home/mirte/NGR-Goose/mirte_ws/devel/lib/python3/dist-packages/flexbe_msgs/msg/_BehaviorRequest.py
Symlinking /home/mirte/NGR-Goose/mirte_ws/devel/lib/python3/dist-packages/flexbe_msgs/msg/_BehaviorExecutionAction.py
Symlinking /home/mirte/NGR-Goose/mirte_ws/devel/lib/python3/dist-packages/flexbe_msgs/msg/_ContainerStructure.py
Symlinking /home/mirte/NGR-Goose/mirte_ws/devel/lib/python3/dist-packages/flexbe_msgs/msg/_SynthesisErrorCodes.py
Symlinking /home/mirte/NGR-Goose/mirte_ws/devel/lib/python3/dist-packages/flexbe_msgs/msg/_BehaviorSynthesisResult.py
Symlinking /home/mirte/NGR-Goose/mirte_ws/devel/lib/python3/dist-packages/flexbe_msgs/msg/_BEStatus.py
Symlinking /home/mirte/NGR-Goose/mirte_ws/devel/lib/python3/dist-packages/flexbe_msgs/msg/_UserdataInfo.py
Symlinking /home/mirte/NGR-Goose/mirte_ws/devel/lib/python3/dist-packages/flexbe_msgs/msg/_SynthesisRequest.py
Symlinking /home/mirte/NGR-Goose/mirte_ws/devel/lib/python3/dist-packages/flexbe_msgs/msg/_BehaviorSelection.py
Symlinking /home/mirte/NGR-Goose/mirte_ws/devel/lib/python3/dist-packages/flexbe_msgs/msg/_BehaviorSynthesisAction.py
Symlinking /home/mirte/NGR-Goose/mirte_ws/devel/lib/python3/dist-packages/flexbe_msgs/msg/_UICommand.py
Symlinking /home/mirte/NGR-Goose/mirte_ws/devel/lib/python3/dist-packages/flexbe_msgs/msg/_BehaviorSynthesisActionFeedback.py
Symlinking /home/mirte/NGR-Goose/mirte_ws/devel/lib/python3/dist-packages/flexbe_msgs/msg/_CommandFeedback.py
Symlinking /home/mirte/NGR-Goose/mirte_ws/devel/lib/python3/dist-packages/flexbe_msgs/msg/_BehaviorExecutionActionResult.py
Symlinking /home/mirte/NGR-Goose/mirte_ws/devel/lib/python3/dist-packages/flexbe_msgs/msg/_BehaviorSynthesisActionGoal.py
Symlinking /home/mirte/NGR-Goose/mirte_ws/devel/lib/python3/dist-packages/flexbe_msgs/msg/_OutcomeRequest.py
Symlinking /home/mirte/NGR-Goose/mirte_ws/devel/lib/python3/dist-packages/flexbe_msgs/msg/_OutcomeCondition.py
Symlinking /home/mirte/NGR-Goose/mirte_ws/devel/lib/python3/dist-packages/flexbe_msgs/msg/_BehaviorInputActionResult.py
Symlinking /home/mirte/NGR-Goose/mirte_ws/devel/lib/python3/dist-packages/flexbe_msgs/msg/_BehaviorInputAction.py
Symlinking /home/mirte/NGR-Goose/mirte_ws/devel/lib/python3/dist-packages/flexbe_msgs/msg/_BehaviorExecutionFeedback.py
Symlinking /home/mirte/NGR-Goose/mirte_ws/devel/lib/python3/dist-packages/flexbe_msgs/msg/__init__.py
Symlinking /home/mirte/NGR-Goose/mirte_ws/devel/lib/python3/dist-packages/flexbe_msgs/msg/_BehaviorInputFeedback.py
Symlinking /home/mirte/NGR-Goose/mirte_ws/devel/lib/pkgconfig/flexbe_msgs.pc
