Linked: (/home/mirte/NGR-Goose/mirte_ws/devel/.private/flexbe_msgs/include/flexbe_msgs/BehaviorInputResult.h, /home/mirte/NGR-Goose/mirte_ws/devel/include/flexbe_msgs/BehaviorInputResult.h)
Linked: (/home/mirte/NGR-Goose/mirte_ws/devel/.private/flexbe_msgs/include/flexbe_msgs/OutcomeRequest.h, /home/mirte/NGR-Goose/mirte_ws/devel/include/flexbe_msgs/OutcomeRequest.h)
Linked: (/home/mirte/NGR-Goose/mirte_ws/devel/.private/flexbe_msgs/include/flexbe_msgs/BehaviorExecutionActionFeedback.h, /home/mirte/NGR-Goose/mirte_ws/devel/include/flexbe_msgs/BehaviorExecutionActionFeedback.h)
Linked: (/home/mirte/NGR-Goose/mirte_ws/devel/.private/flexbe_msgs/include/flexbe_msgs/UICommand.h, /home/mirte/NGR-Goose/mirte_ws/devel/include/flexbe_msgs/UICommand.h)
Linked: (/home/mirte/NGR-Goose/mirte_ws/devel/.private/flexbe_msgs/include/flexbe_msgs/BehaviorLog.h, /home/mirte/NGR-Goose/mirte_ws/devel/include/flexbe_msgs/BehaviorLog.h)
Linked: (/home/mirte/NGR-Goose/mirte_ws/devel/.private/flexbe_msgs/include/flexbe_msgs/BehaviorSynthesisFeedback.h, /home/mirte/NGR-Goose/mirte_ws/devel/include/flexbe_msgs/BehaviorSynthesisFeedback.h)
Linked: (/home/mirte/NGR-Goose/mirte_ws/devel/.private/flexbe_msgs/include/flexbe_msgs/GetUserdata.h, /home/mirte/NGR-Goose/mirte_ws/devel/include/flexbe_msgs/GetUserdata.h)
Linked: (/home/mirte/NGR-Goose/mirte_ws/devel/.private/flexbe_msgs/include/flexbe_msgs/BehaviorRequest.h, /home/mirte/NGR-Goose/mirte_ws/devel/include/flexbe_msgs/BehaviorRequest.h)
Linked: (/home/mirte/NGR-Goose/mirte_ws/devel/.private/flexbe_msgs/include/flexbe_msgs/BEStatus.h, /home/mirte/NGR-Goose/mirte_ws/devel/include/flexbe_msgs/BEStatus.h)
Linked: (/home/mirte/NGR-Goose/mirte_ws/devel/.private/flexbe_msgs/include/flexbe_msgs/BehaviorInputFeedback.h, /home/mirte/NGR-Goose/mirte_ws/devel/include/flexbe_msgs/BehaviorInputFeedback.h)
Linked: (/home/mirte/NGR-Goose/mirte_ws/devel/.private/flexbe_msgs/include/flexbe_msgs/BehaviorSynthesisGoal.h, /home/mirte/NGR-Goose/mirte_ws/devel/include/flexbe_msgs/BehaviorSynthesisGoal.h)
Linked: (/home/mirte/NGR-Goose/mirte_ws/devel/.private/flexbe_msgs/include/flexbe_msgs/BehaviorExecutionAction.h, /home/mirte/NGR-Goose/mirte_ws/devel/include/flexbe_msgs/BehaviorExecutionAction.h)
Linked: (/home/mirte/NGR-Goose/mirte_ws/devel/.private/flexbe_msgs/include/flexbe_msgs/UserdataInfo.h, /home/mirte/NGR-Goose/mirte_ws/devel/include/flexbe_msgs/UserdataInfo.h)
Linked: (/home/mirte/NGR-Goose/mirte_ws/devel/.private/flexbe_msgs/include/flexbe_msgs/BehaviorInputActionFeedback.h, /home/mirte/NGR-Goose/mirte_ws/devel/include/flexbe_msgs/BehaviorInputActionFeedback.h)
Linked: (/home/mirte/NGR-Goose/mirte_ws/devel/.private/flexbe_msgs/include/flexbe_msgs/BehaviorSynthesisActionFeedback.h, /home/mirte/NGR-Goose/mirte_ws/devel/include/flexbe_msgs/BehaviorSynthesisActionFeedback.h)
Linked: (/home/mirte/NGR-Goose/mirte_ws/devel/.private/flexbe_msgs/include/flexbe_msgs/ContainerStructure.h, /home/mirte/NGR-Goose/mirte_ws/devel/include/flexbe_msgs/ContainerStructure.h)
Linked: (/home/mirte/NGR-Goose/mirte_ws/devel/.private/flexbe_msgs/include/flexbe_msgs/BehaviorInputActionResult.h, /home/mirte/NGR-Goose/mirte_ws/devel/include/flexbe_msgs/BehaviorInputActionResult.h)
Linked: (/home/mirte/NGR-Goose/mirte_ws/devel/.private/flexbe_msgs/include/flexbe_msgs/OutcomeCondition.h, /home/mirte/NGR-Goose/mirte_ws/devel/include/flexbe_msgs/OutcomeCondition.h)
Linked: (/home/mirte/NGR-Goose/mirte_ws/devel/.private/flexbe_msgs/include/flexbe_msgs/BehaviorSynthesisActionResult.h, /home/mirte/NGR-Goose/mirte_ws/devel/include/flexbe_msgs/BehaviorSynthesisActionResult.h)
Linked: (/home/mirte/NGR-Goose/mirte_ws/devel/.private/flexbe_msgs/include/flexbe_msgs/BehaviorSynthesisResult.h, /home/mirte/NGR-Goose/mirte_ws/devel/include/flexbe_msgs/BehaviorSynthesisResult.h)
Linked: (/home/mirte/NGR-Goose/mirte_ws/devel/.private/flexbe_msgs/include/flexbe_msgs/Container.h, /home/mirte/NGR-Goose/mirte_ws/devel/include/flexbe_msgs/Container.h)
Linked: (/home/mirte/NGR-Goose/mirte_ws/devel/.private/flexbe_msgs/include/flexbe_msgs/BehaviorSync.h, /home/mirte/NGR-Goose/mirte_ws/devel/include/flexbe_msgs/BehaviorSync.h)
Linked: (/home/mirte/NGR-Goose/mirte_ws/devel/.private/flexbe_msgs/include/flexbe_msgs/BehaviorSynthesisActionGoal.h, /home/mirte/NGR-Goose/mirte_ws/devel/include/flexbe_msgs/BehaviorSynthesisActionGoal.h)
Linked: (/home/mirte/NGR-Goose/mirte_ws/devel/.private/flexbe_msgs/include/flexbe_msgs/BehaviorSelection.h, /home/mirte/NGR-Goose/mirte_ws/devel/include/flexbe_msgs/BehaviorSelection.h)
Linked: (/home/mirte/NGR-Goose/mirte_ws/devel/.private/flexbe_msgs/include/flexbe_msgs/StateInstantiation.h, /home/mirte/NGR-Goose/mirte_ws/devel/include/flexbe_msgs/StateInstantiation.h)
Linked: (/home/mirte/NGR-Goose/mirte_ws/devel/.private/flexbe_msgs/include/flexbe_msgs/BehaviorExecutionActionGoal.h, /home/mirte/NGR-Goose/mirte_ws/devel/include/flexbe_msgs/BehaviorExecutionActionGoal.h)
Linked: (/home/mirte/NGR-Goose/mirte_ws/devel/.private/flexbe_msgs/include/flexbe_msgs/BehaviorInputAction.h, /home/mirte/NGR-Goose/mirte_ws/devel/include/flexbe_msgs/BehaviorInputAction.h)
Linked: (/home/mirte/NGR-Goose/mirte_ws/devel/.private/flexbe_msgs/include/flexbe_msgs/BehaviorModification.h, /home/mirte/NGR-Goose/mirte_ws/devel/include/flexbe_msgs/BehaviorModification.h)
Linked: (/home/mirte/NGR-Goose/mirte_ws/devel/.private/flexbe_msgs/include/flexbe_msgs/CommandFeedback.h, /home/mirte/NGR-Goose/mirte_ws/devel/include/flexbe_msgs/CommandFeedback.h)
Linked: (/home/mirte/NGR-Goose/mirte_ws/devel/.private/flexbe_msgs/include/flexbe_msgs/BehaviorInputGoal.h, /home/mirte/NGR-Goose/mirte_ws/devel/include/flexbe_msgs/BehaviorInputGoal.h)
Linked: (/home/mirte/NGR-Goose/mirte_ws/devel/.private/flexbe_msgs/include/flexbe_msgs/SynthesisErrorCodes.h, /home/mirte/NGR-Goose/mirte_ws/devel/include/flexbe_msgs/SynthesisErrorCodes.h)
Linked: (/home/mirte/NGR-Goose/mirte_ws/devel/.private/flexbe_msgs/include/flexbe_msgs/GetUserdataRequest.h, /home/mirte/NGR-Goose/mirte_ws/devel/include/flexbe_msgs/GetUserdataRequest.h)
Linked: (/home/mirte/NGR-Goose/mirte_ws/devel/.private/flexbe_msgs/include/flexbe_msgs/BehaviorInputActionGoal.h, /home/mirte/NGR-Goose/mirte_ws/devel/include/flexbe_msgs/BehaviorInputActionGoal.h)
Linked: (/home/mirte/NGR-Goose/mirte_ws/devel/.private/flexbe_msgs/include/flexbe_msgs/GetUserdataResponse.h, /home/mirte/NGR-Goose/mirte_ws/devel/include/flexbe_msgs/GetUserdataResponse.h)
Linked: (/home/mirte/NGR-Goose/mirte_ws/devel/.private/flexbe_msgs/include/flexbe_msgs/BehaviorExecutionActionResult.h, /home/mirte/NGR-Goose/mirte_ws/devel/include/flexbe_msgs/BehaviorExecutionActionResult.h)
Linked: (/home/mirte/NGR-Goose/mirte_ws/devel/.private/flexbe_msgs/include/flexbe_msgs/BehaviorExecutionResult.h, /home/mirte/NGR-Goose/mirte_ws/devel/include/flexbe_msgs/BehaviorExecutionResult.h)
Linked: (/home/mirte/NGR-Goose/mirte_ws/devel/.private/flexbe_msgs/include/flexbe_msgs/BehaviorExecutionGoal.h, /home/mirte/NGR-Goose/mirte_ws/devel/include/flexbe_msgs/BehaviorExecutionGoal.h)
Linked: (/home/mirte/NGR-Goose/mirte_ws/devel/.private/flexbe_msgs/include/flexbe_msgs/SynthesisRequest.h, /home/mirte/NGR-Goose/mirte_ws/devel/include/flexbe_msgs/SynthesisRequest.h)
Linked: (/home/mirte/NGR-Goose/mirte_ws/devel/.private/flexbe_msgs/include/flexbe_msgs/BehaviorExecutionFeedback.h, /home/mirte/NGR-Goose/mirte_ws/devel/include/flexbe_msgs/BehaviorExecutionFeedback.h)
Linked: (/home/mirte/NGR-Goose/mirte_ws/devel/.private/flexbe_msgs/include/flexbe_msgs/BehaviorSynthesisAction.h, /home/mirte/NGR-Goose/mirte_ws/devel/include/flexbe_msgs/BehaviorSynthesisAction.h)
Linked: (/home/mirte/NGR-Goose/mirte_ws/devel/.private/flexbe_msgs/share/roseus/ros/flexbe_msgs/manifest.l, /home/mirte/NGR-Goose/mirte_ws/devel/share/roseus/ros/flexbe_msgs/manifest.l)
Linked: (/home/mirte/NGR-Goose/mirte_ws/devel/.private/flexbe_msgs/share/roseus/ros/flexbe_msgs/srv/GetUserdata.l, /home/mirte/NGR-Goose/mirte_ws/devel/share/roseus/ros/flexbe_msgs/srv/GetUserdata.l)
Linked: (/home/mirte/NGR-Goose/mirte_ws/devel/.private/flexbe_msgs/share/roseus/ros/flexbe_msgs/msg/BehaviorSynthesisGoal.l, /home/mirte/NGR-Goose/mirte_ws/devel/share/roseus/ros/flexbe_msgs/msg/BehaviorSynthesisGoal.l)
Linked: (/home/mirte/NGR-Goose/mirte_ws/devel/.private/flexbe_msgs/share/roseus/ros/flexbe_msgs/msg/BehaviorInputAction.l, /home/mirte/NGR-Goose/mirte_ws/devel/share/roseus/ros/flexbe_msgs/msg/BehaviorInputAction.l)
Linked: (/home/mirte/NGR-Goose/mirte_ws/devel/.private/flexbe_msgs/share/roseus/ros/flexbe_msgs/msg/Container.l, /home/mirte/NGR-Goose/mirte_ws/devel/share/roseus/ros/flexbe_msgs/msg/Container.l)
Linked: (/home/mirte/NGR-Goose/mirte_ws/devel/.private/flexbe_msgs/share/roseus/ros/flexbe_msgs/msg/BehaviorSynthesisActionGoal.l, /home/mirte/NGR-Goose/mirte_ws/devel/share/roseus/ros/flexbe_msgs/msg/BehaviorSynthesisActionGoal.l)
Linked: (/home/mirte/NGR-Goose/mirte_ws/devel/.private/flexbe_msgs/share/roseus/ros/flexbe_msgs/msg/BehaviorExecutionActionGoal.l, /home/mirte/NGR-Goose/mirte_ws/devel/share/roseus/ros/flexbe_msgs/msg/BehaviorExecutionActionGoal.l)
Linked: (/home/mirte/NGR-Goose/mirte_ws/devel/.private/flexbe_msgs/share/roseus/ros/flexbe_msgs/msg/CommandFeedback.l, /home/mirte/NGR-Goose/mirte_ws/devel/share/roseus/ros/flexbe_msgs/msg/CommandFeedback.l)
Linked: (/home/mirte/NGR-Goose/mirte_ws/devel/.private/flexbe_msgs/share/roseus/ros/flexbe_msgs/msg/BehaviorSynthesisActionFeedback.l, /home/mirte/NGR-Goose/mirte_ws/devel/share/roseus/ros/flexbe_msgs/msg/BehaviorSynthesisActionFeedback.l)
Linked: (/home/mirte/NGR-Goose/mirte_ws/devel/.private/flexbe_msgs/share/roseus/ros/flexbe_msgs/msg/BehaviorInputFeedback.l, /home/mirte/NGR-Goose/mirte_ws/devel/share/roseus/ros/flexbe_msgs/msg/BehaviorInputFeedback.l)
Linked: (/home/mirte/NGR-Goose/mirte_ws/devel/.private/flexbe_msgs/share/roseus/ros/flexbe_msgs/msg/BehaviorSynthesisResult.l, /home/mirte/NGR-Goose/mirte_ws/devel/share/roseus/ros/flexbe_msgs/msg/BehaviorSynthesisResult.l)
Linked: (/home/mirte/NGR-Goose/mirte_ws/devel/.private/flexbe_msgs/share/roseus/ros/flexbe_msgs/msg/BehaviorInputActionResult.l, /home/mirte/NGR-Goose/mirte_ws/devel/share/roseus/ros/flexbe_msgs/msg/BehaviorInputActionResult.l)
Linked: (/home/mirte/NGR-Goose/mirte_ws/devel/.private/flexbe_msgs/share/roseus/ros/flexbe_msgs/msg/BehaviorInputActionFeedback.l, /home/mirte/NGR-Goose/mirte_ws/devel/share/roseus/ros/flexbe_msgs/msg/BehaviorInputActionFeedback.l)
Linked: (/home/mirte/NGR-Goose/mirte_ws/devel/.private/flexbe_msgs/share/roseus/ros/flexbe_msgs/msg/BehaviorSelection.l, /home/mirte/NGR-Goose/mirte_ws/devel/share/roseus/ros/flexbe_msgs/msg/BehaviorSelection.l)
Linked: (/home/mirte/NGR-Goose/mirte_ws/devel/.private/flexbe_msgs/share/roseus/ros/flexbe_msgs/msg/BehaviorExecutionGoal.l, /home/mirte/NGR-Goose/mirte_ws/devel/share/roseus/ros/flexbe_msgs/msg/BehaviorExecutionGoal.l)
Linked: (/home/mirte/NGR-Goose/mirte_ws/devel/.private/flexbe_msgs/share/roseus/ros/flexbe_msgs/msg/BehaviorExecutionResult.l, /home/mirte/NGR-Goose/mirte_ws/devel/share/roseus/ros/flexbe_msgs/msg/BehaviorExecutionResult.l)
Linked: (/home/mirte/NGR-Goose/mirte_ws/devel/.private/flexbe_msgs/share/roseus/ros/flexbe_msgs/msg/UserdataInfo.l, /home/mirte/NGR-Goose/mirte_ws/devel/share/roseus/ros/flexbe_msgs/msg/UserdataInfo.l)
Linked: (/home/mirte/NGR-Goose/mirte_ws/devel/.private/flexbe_msgs/share/roseus/ros/flexbe_msgs/msg/BEStatus.l, /home/mirte/NGR-Goose/mirte_ws/devel/share/roseus/ros/flexbe_msgs/msg/BEStatus.l)
Linked: (/home/mirte/NGR-Goose/mirte_ws/devel/.private/flexbe_msgs/share/roseus/ros/flexbe_msgs/msg/UICommand.l, /home/mirte/NGR-Goose/mirte_ws/devel/share/roseus/ros/flexbe_msgs/msg/UICommand.l)
Linked: (/home/mirte/NGR-Goose/mirte_ws/devel/.private/flexbe_msgs/share/roseus/ros/flexbe_msgs/msg/OutcomeCondition.l, /home/mirte/NGR-Goose/mirte_ws/devel/share/roseus/ros/flexbe_msgs/msg/OutcomeCondition.l)
Linked: (/home/mirte/NGR-Goose/mirte_ws/devel/.private/flexbe_msgs/share/roseus/ros/flexbe_msgs/msg/BehaviorExecutionActionFeedback.l, /home/mirte/NGR-Goose/mirte_ws/devel/share/roseus/ros/flexbe_msgs/msg/BehaviorExecutionActionFeedback.l)
Linked: (/home/mirte/NGR-Goose/mirte_ws/devel/.private/flexbe_msgs/share/roseus/ros/flexbe_msgs/msg/OutcomeRequest.l, /home/mirte/NGR-Goose/mirte_ws/devel/share/roseus/ros/flexbe_msgs/msg/OutcomeRequest.l)
Linked: (/home/mirte/NGR-Goose/mirte_ws/devel/.private/flexbe_msgs/share/roseus/ros/flexbe_msgs/msg/BehaviorSynthesisActionResult.l, /home/mirte/NGR-Goose/mirte_ws/devel/share/roseus/ros/flexbe_msgs/msg/BehaviorSynthesisActionResult.l)
Linked: (/home/mirte/NGR-Goose/mirte_ws/devel/.private/flexbe_msgs/share/roseus/ros/flexbe_msgs/msg/BehaviorSynthesisAction.l, /home/mirte/NGR-Goose/mirte_ws/devel/share/roseus/ros/flexbe_msgs/msg/BehaviorSynthesisAction.l)
Linked: (/home/mirte/NGR-Goose/mirte_ws/devel/.private/flexbe_msgs/share/roseus/ros/flexbe_msgs/msg/BehaviorSynthesisFeedback.l, /home/mirte/NGR-Goose/mirte_ws/devel/share/roseus/ros/flexbe_msgs/msg/BehaviorSynthesisFeedback.l)
Linked: (/home/mirte/NGR-Goose/mirte_ws/devel/.private/flexbe_msgs/share/roseus/ros/flexbe_msgs/msg/BehaviorLog.l, /home/mirte/NGR-Goose/mirte_ws/devel/share/roseus/ros/flexbe_msgs/msg/BehaviorLog.l)
Linked: (/home/mirte/NGR-Goose/mirte_ws/devel/.private/flexbe_msgs/share/roseus/ros/flexbe_msgs/msg/BehaviorExecutionAction.l, /home/mirte/NGR-Goose/mirte_ws/devel/share/roseus/ros/flexbe_msgs/msg/BehaviorExecutionAction.l)
Linked: (/home/mirte/NGR-Goose/mirte_ws/devel/.private/flexbe_msgs/share/roseus/ros/flexbe_msgs/msg/BehaviorExecutionFeedback.l, /home/mirte/NGR-Goose/mirte_ws/devel/share/roseus/ros/flexbe_msgs/msg/BehaviorExecutionFeedback.l)
Linked: (/home/mirte/NGR-Goose/mirte_ws/devel/.private/flexbe_msgs/share/roseus/ros/flexbe_msgs/msg/BehaviorModification.l, /home/mirte/NGR-Goose/mirte_ws/devel/share/roseus/ros/flexbe_msgs/msg/BehaviorModification.l)
Linked: (/home/mirte/NGR-Goose/mirte_ws/devel/.private/flexbe_msgs/share/roseus/ros/flexbe_msgs/msg/BehaviorInputResult.l, /home/mirte/NGR-Goose/mirte_ws/devel/share/roseus/ros/flexbe_msgs/msg/BehaviorInputResult.l)
Linked: (/home/mirte/NGR-Goose/mirte_ws/devel/.private/flexbe_msgs/share/roseus/ros/flexbe_msgs/msg/BehaviorRequest.l, /home/mirte/NGR-Goose/mirte_ws/devel/share/roseus/ros/flexbe_msgs/msg/BehaviorRequest.l)
Linked: (/home/mirte/NGR-Goose/mirte_ws/devel/.private/flexbe_msgs/share/roseus/ros/flexbe_msgs/msg/StateInstantiation.l, /home/mirte/NGR-Goose/mirte_ws/devel/share/roseus/ros/flexbe_msgs/msg/StateInstantiation.l)
Linked: (/home/mirte/NGR-Goose/mirte_ws/devel/.private/flexbe_msgs/share/roseus/ros/flexbe_msgs/msg/BehaviorInputActionGoal.l, /home/mirte/NGR-Goose/mirte_ws/devel/share/roseus/ros/flexbe_msgs/msg/BehaviorInputActionGoal.l)
Linked: (/home/mirte/NGR-Goose/mirte_ws/devel/.private/flexbe_msgs/share/roseus/ros/flexbe_msgs/msg/BehaviorInputGoal.l, /home/mirte/NGR-Goose/mirte_ws/devel/share/roseus/ros/flexbe_msgs/msg/BehaviorInputGoal.l)
Linked: (/home/mirte/NGR-Goose/mirte_ws/devel/.private/flexbe_msgs/share/roseus/ros/flexbe_msgs/msg/BehaviorExecutionActionResult.l, /home/mirte/NGR-Goose/mirte_ws/devel/share/roseus/ros/flexbe_msgs/msg/BehaviorExecutionActionResult.l)
Linked: (/home/mirte/NGR-Goose/mirte_ws/devel/.private/flexbe_msgs/share/roseus/ros/flexbe_msgs/msg/SynthesisRequest.l, /home/mirte/NGR-Goose/mirte_ws/devel/share/roseus/ros/flexbe_msgs/msg/SynthesisRequest.l)
Linked: (/home/mirte/NGR-Goose/mirte_ws/devel/.private/flexbe_msgs/share/roseus/ros/flexbe_msgs/msg/SynthesisErrorCodes.l, /home/mirte/NGR-Goose/mirte_ws/devel/share/roseus/ros/flexbe_msgs/msg/SynthesisErrorCodes.l)
Linked: (/home/mirte/NGR-Goose/mirte_ws/devel/.private/flexbe_msgs/share/roseus/ros/flexbe_msgs/msg/BehaviorSync.l, /home/mirte/NGR-Goose/mirte_ws/devel/share/roseus/ros/flexbe_msgs/msg/BehaviorSync.l)
Linked: (/home/mirte/NGR-Goose/mirte_ws/devel/.private/flexbe_msgs/share/roseus/ros/flexbe_msgs/msg/ContainerStructure.l, /home/mirte/NGR-Goose/mirte_ws/devel/share/roseus/ros/flexbe_msgs/msg/ContainerStructure.l)
Linked: (/home/mirte/NGR-Goose/mirte_ws/devel/.private/flexbe_msgs/share/flexbe_msgs/msg/BehaviorExecutionFeedback.msg, /home/mirte/NGR-Goose/mirte_ws/devel/share/flexbe_msgs/msg/BehaviorExecutionFeedback.msg)
Linked: (/home/mirte/NGR-Goose/mirte_ws/devel/.private/flexbe_msgs/share/flexbe_msgs/msg/BehaviorSynthesisActionResult.msg, /home/mirte/NGR-Goose/mirte_ws/devel/share/flexbe_msgs/msg/BehaviorSynthesisActionResult.msg)
Linked: (/home/mirte/NGR-Goose/mirte_ws/devel/.private/flexbe_msgs/share/flexbe_msgs/msg/BehaviorSynthesisActionFeedback.msg, /home/mirte/NGR-Goose/mirte_ws/devel/share/flexbe_msgs/msg/BehaviorSynthesisActionFeedback.msg)
Linked: (/home/mirte/NGR-Goose/mirte_ws/devel/.private/flexbe_msgs/share/flexbe_msgs/msg/BehaviorInputAction.msg, /home/mirte/NGR-Goose/mirte_ws/devel/share/flexbe_msgs/msg/BehaviorInputAction.msg)
Linked: (/home/mirte/NGR-Goose/mirte_ws/devel/.private/flexbe_msgs/share/flexbe_msgs/msg/BehaviorInputActionGoal.msg, /home/mirte/NGR-Goose/mirte_ws/devel/share/flexbe_msgs/msg/BehaviorInputActionGoal.msg)
Linked: (/home/mirte/NGR-Goose/mirte_ws/devel/.private/flexbe_msgs/share/flexbe_msgs/msg/BehaviorInputFeedback.msg, /home/mirte/NGR-Goose/mirte_ws/devel/share/flexbe_msgs/msg/BehaviorInputFeedback.msg)
Linked: (/home/mirte/NGR-Goose/mirte_ws/devel/.private/flexbe_msgs/share/flexbe_msgs/msg/BehaviorExecutionResult.msg, /home/mirte/NGR-Goose/mirte_ws/devel/share/flexbe_msgs/msg/BehaviorExecutionResult.msg)
Linked: (/home/mirte/NGR-Goose/mirte_ws/devel/.private/flexbe_msgs/share/flexbe_msgs/msg/BehaviorSynthesisResult.msg, /home/mirte/NGR-Goose/mirte_ws/devel/share/flexbe_msgs/msg/BehaviorSynthesisResult.msg)
Linked: (/home/mirte/NGR-Goose/mirte_ws/devel/.private/flexbe_msgs/share/flexbe_msgs/msg/BehaviorExecutionActionResult.msg, /home/mirte/NGR-Goose/mirte_ws/devel/share/flexbe_msgs/msg/BehaviorExecutionActionResult.msg)
Linked: (/home/mirte/NGR-Goose/mirte_ws/devel/.private/flexbe_msgs/share/flexbe_msgs/msg/BehaviorSynthesisGoal.msg, /home/mirte/NGR-Goose/mirte_ws/devel/share/flexbe_msgs/msg/BehaviorSynthesisGoal.msg)
Linked: (/home/mirte/NGR-Goose/mirte_ws/devel/.private/flexbe_msgs/share/flexbe_msgs/msg/BehaviorInputActionFeedback.msg, /home/mirte/NGR-Goose/mirte_ws/devel/share/flexbe_msgs/msg/BehaviorInputActionFeedback.msg)
Linked: (/home/mirte/NGR-Goose/mirte_ws/devel/.private/flexbe_msgs/share/flexbe_msgs/msg/BehaviorInputGoal.msg, /home/mirte/NGR-Goose/mirte_ws/devel/share/flexbe_msgs/msg/BehaviorInputGoal.msg)
Linked: (/home/mirte/NGR-Goose/mirte_ws/devel/.private/flexbe_msgs/share/flexbe_msgs/msg/BehaviorExecutionActionFeedback.msg, /home/mirte/NGR-Goose/mirte_ws/devel/share/flexbe_msgs/msg/BehaviorExecutionActionFeedback.msg)
Linked: (/home/mirte/NGR-Goose/mirte_ws/devel/.private/flexbe_msgs/share/flexbe_msgs/msg/BehaviorSynthesisAction.msg, /home/mirte/NGR-Goose/mirte_ws/devel/share/flexbe_msgs/msg/BehaviorSynthesisAction.msg)
Linked: (/home/mirte/NGR-Goose/mirte_ws/devel/.private/flexbe_msgs/share/flexbe_msgs/msg/BehaviorSynthesisFeedback.msg, /home/mirte/NGR-Goose/mirte_ws/devel/share/flexbe_msgs/msg/BehaviorSynthesisFeedback.msg)
Linked: (/home/mirte/NGR-Goose/mirte_ws/devel/.private/flexbe_msgs/share/flexbe_msgs/msg/BehaviorExecutionGoal.msg, /home/mirte/NGR-Goose/mirte_ws/devel/share/flexbe_msgs/msg/BehaviorExecutionGoal.msg)
Linked: (/home/mirte/NGR-Goose/mirte_ws/devel/.private/flexbe_msgs/share/flexbe_msgs/msg/BehaviorExecutionActionGoal.msg, /home/mirte/NGR-Goose/mirte_ws/devel/share/flexbe_msgs/msg/BehaviorExecutionActionGoal.msg)
Linked: (/home/mirte/NGR-Goose/mirte_ws/devel/.private/flexbe_msgs/share/flexbe_msgs/msg/BehaviorInputActionResult.msg, /home/mirte/NGR-Goose/mirte_ws/devel/share/flexbe_msgs/msg/BehaviorInputActionResult.msg)
Linked: (/home/mirte/NGR-Goose/mirte_ws/devel/.private/flexbe_msgs/share/flexbe_msgs/msg/BehaviorSynthesisActionGoal.msg, /home/mirte/NGR-Goose/mirte_ws/devel/share/flexbe_msgs/msg/BehaviorSynthesisActionGoal.msg)
Linked: (/home/mirte/NGR-Goose/mirte_ws/devel/.private/flexbe_msgs/share/flexbe_msgs/msg/BehaviorExecutionAction.msg, /home/mirte/NGR-Goose/mirte_ws/devel/share/flexbe_msgs/msg/BehaviorExecutionAction.msg)
Linked: (/home/mirte/NGR-Goose/mirte_ws/devel/.private/flexbe_msgs/share/flexbe_msgs/msg/BehaviorInputResult.msg, /home/mirte/NGR-Goose/mirte_ws/devel/share/flexbe_msgs/msg/BehaviorInputResult.msg)
Linked: (/home/mirte/NGR-Goose/mirte_ws/devel/.private/flexbe_msgs/share/flexbe_msgs/cmake/flexbe_msgsConfig.cmake, /home/mirte/NGR-Goose/mirte_ws/devel/share/flexbe_msgs/cmake/flexbe_msgsConfig.cmake)
Linked: (/home/mirte/NGR-Goose/mirte_ws/devel/.private/flexbe_msgs/share/flexbe_msgs/cmake/flexbe_msgsConfig-version.cmake, /home/mirte/NGR-Goose/mirte_ws/devel/share/flexbe_msgs/cmake/flexbe_msgsConfig-version.cmake)
Linked: (/home/mirte/NGR-Goose/mirte_ws/devel/.private/flexbe_msgs/share/flexbe_msgs/cmake/flexbe_msgs-msg-paths.cmake, /home/mirte/NGR-Goose/mirte_ws/devel/share/flexbe_msgs/cmake/flexbe_msgs-msg-paths.cmake)
Linked: (/home/mirte/NGR-Goose/mirte_ws/devel/.private/flexbe_msgs/share/flexbe_msgs/cmake/flexbe_msgs-msg-extras.cmake, /home/mirte/NGR-Goose/mirte_ws/devel/share/flexbe_msgs/cmake/flexbe_msgs-msg-extras.cmake)
Linked: (/home/mirte/NGR-Goose/mirte_ws/devel/.private/flexbe_msgs/share/gennodejs/ros/flexbe_msgs/_index.js, /home/mirte/NGR-Goose/mirte_ws/devel/share/gennodejs/ros/flexbe_msgs/_index.js)
Linked: (/home/mirte/NGR-Goose/mirte_ws/devel/.private/flexbe_msgs/share/gennodejs/ros/flexbe_msgs/srv/GetUserdata.js, /home/mirte/NGR-Goose/mirte_ws/devel/share/gennodejs/ros/flexbe_msgs/srv/GetUserdata.js)
Linked: (/home/mirte/NGR-Goose/mirte_ws/devel/.private/flexbe_msgs/share/gennodejs/ros/flexbe_msgs/srv/_index.js, /home/mirte/NGR-Goose/mirte_ws/devel/share/gennodejs/ros/flexbe_msgs/srv/_index.js)
Linked: (/home/mirte/NGR-Goose/mirte_ws/devel/.private/flexbe_msgs/share/gennodejs/ros/flexbe_msgs/msg/BehaviorSync.js, /home/mirte/NGR-Goose/mirte_ws/devel/share/gennodejs/ros/flexbe_msgs/msg/BehaviorSync.js)
Linked: (/home/mirte/NGR-Goose/mirte_ws/devel/.private/flexbe_msgs/share/gennodejs/ros/flexbe_msgs/msg/CommandFeedback.js, /home/mirte/NGR-Goose/mirte_ws/devel/share/gennodejs/ros/flexbe_msgs/msg/CommandFeedback.js)
Linked: (/home/mirte/NGR-Goose/mirte_ws/devel/.private/flexbe_msgs/share/gennodejs/ros/flexbe_msgs/msg/BehaviorExecutionAction.js, /home/mirte/NGR-Goose/mirte_ws/devel/share/gennodejs/ros/flexbe_msgs/msg/BehaviorExecutionAction.js)
Linked: (/home/mirte/NGR-Goose/mirte_ws/devel/.private/flexbe_msgs/share/gennodejs/ros/flexbe_msgs/msg/BehaviorSynthesisGoal.js, /home/mirte/NGR-Goose/mirte_ws/devel/share/gennodejs/ros/flexbe_msgs/msg/BehaviorSynthesisGoal.js)
Linked: (/home/mirte/NGR-Goose/mirte_ws/devel/.private/flexbe_msgs/share/gennodejs/ros/flexbe_msgs/msg/BehaviorExecutionActionFeedback.js, /home/mirte/NGR-Goose/mirte_ws/devel/share/gennodejs/ros/flexbe_msgs/msg/BehaviorExecutionActionFeedback.js)
Linked: (/home/mirte/NGR-Goose/mirte_ws/devel/.private/flexbe_msgs/share/gennodejs/ros/flexbe_msgs/msg/BehaviorSelection.js, /home/mirte/NGR-Goose/mirte_ws/devel/share/gennodejs/ros/flexbe_msgs/msg/BehaviorSelection.js)
Linked: (/home/mirte/NGR-Goose/mirte_ws/devel/.private/flexbe_msgs/share/gennodejs/ros/flexbe_msgs/msg/OutcomeRequest.js, /home/mirte/NGR-Goose/mirte_ws/devel/share/gennodejs/ros/flexbe_msgs/msg/OutcomeRequest.js)
Linked: (/home/mirte/NGR-Goose/mirte_ws/devel/.private/flexbe_msgs/share/gennodejs/ros/flexbe_msgs/msg/StateInstantiation.js, /home/mirte/NGR-Goose/mirte_ws/devel/share/gennodejs/ros/flexbe_msgs/msg/StateInstantiation.js)
Linked: (/home/mirte/NGR-Goose/mirte_ws/devel/.private/flexbe_msgs/share/gennodejs/ros/flexbe_msgs/msg/BEStatus.js, /home/mirte/NGR-Goose/mirte_ws/devel/share/gennodejs/ros/flexbe_msgs/msg/BEStatus.js)
Linked: (/home/mirte/NGR-Goose/mirte_ws/devel/.private/flexbe_msgs/share/gennodejs/ros/flexbe_msgs/msg/BehaviorInputActionGoal.js, /home/mirte/NGR-Goose/mirte_ws/devel/share/gennodejs/ros/flexbe_msgs/msg/BehaviorInputActionGoal.js)
Linked: (/home/mirte/NGR-Goose/mirte_ws/devel/.private/flexbe_msgs/share/gennodejs/ros/flexbe_msgs/msg/BehaviorInputAction.js, /home/mirte/NGR-Goose/mirte_ws/devel/share/gennodejs/ros/flexbe_msgs/msg/BehaviorInputAction.js)
Linked: (/home/mirte/NGR-Goose/mirte_ws/devel/.private/flexbe_msgs/share/gennodejs/ros/flexbe_msgs/msg/Container.js, /home/mirte/NGR-Goose/mirte_ws/devel/share/gennodejs/ros/flexbe_msgs/msg/Container.js)
Linked: (/home/mirte/NGR-Goose/mirte_ws/devel/.private/flexbe_msgs/share/gennodejs/ros/flexbe_msgs/msg/BehaviorSynthesisAction.js, /home/mirte/NGR-Goose/mirte_ws/devel/share/gennodejs/ros/flexbe_msgs/msg/BehaviorSynthesisAction.js)
Linked: (/home/mirte/NGR-Goose/mirte_ws/devel/.private/flexbe_msgs/share/gennodejs/ros/flexbe_msgs/msg/BehaviorRequest.js, /home/mirte/NGR-Goose/mirte_ws/devel/share/gennodejs/ros/flexbe_msgs/msg/BehaviorRequest.js)
Linked: (/home/mirte/NGR-Goose/mirte_ws/devel/.private/flexbe_msgs/share/gennodejs/ros/flexbe_msgs/msg/OutcomeCondition.js, /home/mirte/NGR-Goose/mirte_ws/devel/share/gennodejs/ros/flexbe_msgs/msg/OutcomeCondition.js)
Linked: (/home/mirte/NGR-Goose/mirte_ws/devel/.private/flexbe_msgs/share/gennodejs/ros/flexbe_msgs/msg/SynthesisRequest.js, /home/mirte/NGR-Goose/mirte_ws/devel/share/gennodejs/ros/flexbe_msgs/msg/SynthesisRequest.js)
Linked: (/home/mirte/NGR-Goose/mirte_ws/devel/.private/flexbe_msgs/share/gennodejs/ros/flexbe_msgs/msg/BehaviorSynthesisActionFeedback.js, /home/mirte/NGR-Goose/mirte_ws/devel/share/gennodejs/ros/flexbe_msgs/msg/BehaviorSynthesisActionFeedback.js)
Linked: (/home/mirte/NGR-Goose/mirte_ws/devel/.private/flexbe_msgs/share/gennodejs/ros/flexbe_msgs/msg/UserdataInfo.js, /home/mirte/NGR-Goose/mirte_ws/devel/share/gennodejs/ros/flexbe_msgs/msg/UserdataInfo.js)
Linked: (/home/mirte/NGR-Goose/mirte_ws/devel/.private/flexbe_msgs/share/gennodejs/ros/flexbe_msgs/msg/BehaviorSynthesisFeedback.js, /home/mirte/NGR-Goose/mirte_ws/devel/share/gennodejs/ros/flexbe_msgs/msg/BehaviorSynthesisFeedback.js)
Linked: (/home/mirte/NGR-Goose/mirte_ws/devel/.private/flexbe_msgs/share/gennodejs/ros/flexbe_msgs/msg/_index.js, /home/mirte/NGR-Goose/mirte_ws/devel/share/gennodejs/ros/flexbe_msgs/msg/_index.js)
Linked: (/home/mirte/NGR-Goose/mirte_ws/devel/.private/flexbe_msgs/share/gennodejs/ros/flexbe_msgs/msg/BehaviorExecutionFeedback.js, /home/mirte/NGR-Goose/mirte_ws/devel/share/gennodejs/ros/flexbe_msgs/msg/BehaviorExecutionFeedback.js)
Linked: (/home/mirte/NGR-Goose/mirte_ws/devel/.private/flexbe_msgs/share/gennodejs/ros/flexbe_msgs/msg/BehaviorInputGoal.js, /home/mirte/NGR-Goose/mirte_ws/devel/share/gennodejs/ros/flexbe_msgs/msg/BehaviorInputGoal.js)
Linked: (/home/mirte/NGR-Goose/mirte_ws/devel/.private/flexbe_msgs/share/gennodejs/ros/flexbe_msgs/msg/BehaviorExecutionActionGoal.js, /home/mirte/NGR-Goose/mirte_ws/devel/share/gennodejs/ros/flexbe_msgs/msg/BehaviorExecutionActionGoal.js)
Linked: (/home/mirte/NGR-Goose/mirte_ws/devel/.private/flexbe_msgs/share/gennodejs/ros/flexbe_msgs/msg/BehaviorSynthesisActionResult.js, /home/mirte/NGR-Goose/mirte_ws/devel/share/gennodejs/ros/flexbe_msgs/msg/BehaviorSynthesisActionResult.js)
Linked: (/home/mirte/NGR-Goose/mirte_ws/devel/.private/flexbe_msgs/share/gennodejs/ros/flexbe_msgs/msg/BehaviorSynthesisActionGoal.js, /home/mirte/NGR-Goose/mirte_ws/devel/share/gennodejs/ros/flexbe_msgs/msg/BehaviorSynthesisActionGoal.js)
Linked: (/home/mirte/NGR-Goose/mirte_ws/devel/.private/flexbe_msgs/share/gennodejs/ros/flexbe_msgs/msg/BehaviorInputActionResult.js, /home/mirte/NGR-Goose/mirte_ws/devel/share/gennodejs/ros/flexbe_msgs/msg/BehaviorInputActionResult.js)
Linked: (/home/mirte/NGR-Goose/mirte_ws/devel/.private/flexbe_msgs/share/gennodejs/ros/flexbe_msgs/msg/BehaviorExecutionResult.js, /home/mirte/NGR-Goose/mirte_ws/devel/share/gennodejs/ros/flexbe_msgs/msg/BehaviorExecutionResult.js)
Linked: (/home/mirte/NGR-Goose/mirte_ws/devel/.private/flexbe_msgs/share/gennodejs/ros/flexbe_msgs/msg/BehaviorInputResult.js, /home/mirte/NGR-Goose/mirte_ws/devel/share/gennodejs/ros/flexbe_msgs/msg/BehaviorInputResult.js)
Linked: (/home/mirte/NGR-Goose/mirte_ws/devel/.private/flexbe_msgs/share/gennodejs/ros/flexbe_msgs/msg/BehaviorInputFeedback.js, /home/mirte/NGR-Goose/mirte_ws/devel/share/gennodejs/ros/flexbe_msgs/msg/BehaviorInputFeedback.js)
Linked: (/home/mirte/NGR-Goose/mirte_ws/devel/.private/flexbe_msgs/share/gennodejs/ros/flexbe_msgs/msg/BehaviorSynthesisResult.js, /home/mirte/NGR-Goose/mirte_ws/devel/share/gennodejs/ros/flexbe_msgs/msg/BehaviorSynthesisResult.js)
Linked: (/home/mirte/NGR-Goose/mirte_ws/devel/.private/flexbe_msgs/share/gennodejs/ros/flexbe_msgs/msg/BehaviorModification.js, /home/mirte/NGR-Goose/mirte_ws/devel/share/gennodejs/ros/flexbe_msgs/msg/BehaviorModification.js)
Linked: (/home/mirte/NGR-Goose/mirte_ws/devel/.private/flexbe_msgs/share/gennodejs/ros/flexbe_msgs/msg/UICommand.js, /home/mirte/NGR-Goose/mirte_ws/devel/share/gennodejs/ros/flexbe_msgs/msg/UICommand.js)
Linked: (/home/mirte/NGR-Goose/mirte_ws/devel/.private/flexbe_msgs/share/gennodejs/ros/flexbe_msgs/msg/SynthesisErrorCodes.js, /home/mirte/NGR-Goose/mirte_ws/devel/share/gennodejs/ros/flexbe_msgs/msg/SynthesisErrorCodes.js)
Linked: (/home/mirte/NGR-Goose/mirte_ws/devel/.private/flexbe_msgs/share/gennodejs/ros/flexbe_msgs/msg/BehaviorExecutionActionResult.js, /home/mirte/NGR-Goose/mirte_ws/devel/share/gennodejs/ros/flexbe_msgs/msg/BehaviorExecutionActionResult.js)
Linked: (/home/mirte/NGR-Goose/mirte_ws/devel/.private/flexbe_msgs/share/gennodejs/ros/flexbe_msgs/msg/BehaviorExecutionGoal.js, /home/mirte/NGR-Goose/mirte_ws/devel/share/gennodejs/ros/flexbe_msgs/msg/BehaviorExecutionGoal.js)
Linked: (/home/mirte/NGR-Goose/mirte_ws/devel/.private/flexbe_msgs/share/gennodejs/ros/flexbe_msgs/msg/ContainerStructure.js, /home/mirte/NGR-Goose/mirte_ws/devel/share/gennodejs/ros/flexbe_msgs/msg/ContainerStructure.js)
Linked: (/home/mirte/NGR-Goose/mirte_ws/devel/.private/flexbe_msgs/share/gennodejs/ros/flexbe_msgs/msg/BehaviorLog.js, /home/mirte/NGR-Goose/mirte_ws/devel/share/gennodejs/ros/flexbe_msgs/msg/BehaviorLog.js)
Linked: (/home/mirte/NGR-Goose/mirte_ws/devel/.private/flexbe_msgs/share/gennodejs/ros/flexbe_msgs/msg/BehaviorInputActionFeedback.js, /home/mirte/NGR-Goose/mirte_ws/devel/share/gennodejs/ros/flexbe_msgs/msg/BehaviorInputActionFeedback.js)
Linked: (/home/mirte/NGR-Goose/mirte_ws/devel/.private/flexbe_msgs/share/common-lisp/ros/flexbe_msgs/srv/_package_GetUserdata.lisp, /home/mirte/NGR-Goose/mirte_ws/devel/share/common-lisp/ros/flexbe_msgs/srv/_package_GetUserdata.lisp)
Linked: (/home/mirte/NGR-Goose/mirte_ws/devel/.private/flexbe_msgs/share/common-lisp/ros/flexbe_msgs/srv/_package.lisp, /home/mirte/NGR-Goose/mirte_ws/devel/share/common-lisp/ros/flexbe_msgs/srv/_package.lisp)
Linked: (/home/mirte/NGR-Goose/mirte_ws/devel/.private/flexbe_msgs/share/common-lisp/ros/flexbe_msgs/srv/flexbe_msgs-srv.asd, /home/mirte/NGR-Goose/mirte_ws/devel/share/common-lisp/ros/flexbe_msgs/srv/flexbe_msgs-srv.asd)
Linked: (/home/mirte/NGR-Goose/mirte_ws/devel/.private/flexbe_msgs/share/common-lisp/ros/flexbe_msgs/srv/GetUserdata.lisp, /home/mirte/NGR-Goose/mirte_ws/devel/share/common-lisp/ros/flexbe_msgs/srv/GetUserdata.lisp)
Linked: (/home/mirte/NGR-Goose/mirte_ws/devel/.private/flexbe_msgs/share/common-lisp/ros/flexbe_msgs/msg/BehaviorExecutionActionGoal.lisp, /home/mirte/NGR-Goose/mirte_ws/devel/share/common-lisp/ros/flexbe_msgs/msg/BehaviorExecutionActionGoal.lisp)
Linked: (/home/mirte/NGR-Goose/mirte_ws/devel/.private/flexbe_msgs/share/common-lisp/ros/flexbe_msgs/msg/_package_BehaviorExecutionAction.lisp, /home/mirte/NGR-Goose/mirte_ws/devel/share/common-lisp/ros/flexbe_msgs/msg/_package_BehaviorExecutionAction.lisp)
Linked: (/home/mirte/NGR-Goose/mirte_ws/devel/.private/flexbe_msgs/share/common-lisp/ros/flexbe_msgs/msg/_package_BehaviorSynthesisGoal.lisp, /home/mirte/NGR-Goose/mirte_ws/devel/share/common-lisp/ros/flexbe_msgs/msg/_package_BehaviorSynthesisGoal.lisp)
Linked: (/home/mirte/NGR-Goose/mirte_ws/devel/.private/flexbe_msgs/share/common-lisp/ros/flexbe_msgs/msg/BehaviorSynthesisFeedback.lisp, /home/mirte/NGR-Goose/mirte_ws/devel/share/common-lisp/ros/flexbe_msgs/msg/BehaviorSynthesisFeedback.lisp)
Linked: (/home/mirte/NGR-Goose/mirte_ws/devel/.private/flexbe_msgs/share/common-lisp/ros/flexbe_msgs/msg/BehaviorExecutionActionResult.lisp, /home/mirte/NGR-Goose/mirte_ws/devel/share/common-lisp/ros/flexbe_msgs/msg/BehaviorExecutionActionResult.lisp)
Linked: (/home/mirte/NGR-Goose/mirte_ws/devel/.private/flexbe_msgs/share/common-lisp/ros/flexbe_msgs/msg/CommandFeedback.lisp, /home/mirte/NGR-Goose/mirte_ws/devel/share/common-lisp/ros/flexbe_msgs/msg/CommandFeedback.lisp)
Linked: (/home/mirte/NGR-Goose/mirte_ws/devel/.private/flexbe_msgs/share/common-lisp/ros/flexbe_msgs/msg/_package_OutcomeCondition.lisp, /home/mirte/NGR-Goose/mirte_ws/devel/share/common-lisp/ros/flexbe_msgs/msg/_package_OutcomeCondition.lisp)
Linked: (/home/mirte/NGR-Goose/mirte_ws/devel/.private/flexbe_msgs/share/common-lisp/ros/flexbe_msgs/msg/_package_BehaviorLog.lisp, /home/mirte/NGR-Goose/mirte_ws/devel/share/common-lisp/ros/flexbe_msgs/msg/_package_BehaviorLog.lisp)
Linked: (/home/mirte/NGR-Goose/mirte_ws/devel/.private/flexbe_msgs/share/common-lisp/ros/flexbe_msgs/msg/_package_CommandFeedback.lisp, /home/mirte/NGR-Goose/mirte_ws/devel/share/common-lisp/ros/flexbe_msgs/msg/_package_CommandFeedback.lisp)
Linked: (/home/mirte/NGR-Goose/mirte_ws/devel/.private/flexbe_msgs/share/common-lisp/ros/flexbe_msgs/msg/BehaviorLog.lisp, /home/mirte/NGR-Goose/mirte_ws/devel/share/common-lisp/ros/flexbe_msgs/msg/BehaviorLog.lisp)
Linked: (/home/mirte/NGR-Goose/mirte_ws/devel/.private/flexbe_msgs/share/common-lisp/ros/flexbe_msgs/msg/_package_OutcomeRequest.lisp, /home/mirte/NGR-Goose/mirte_ws/devel/share/common-lisp/ros/flexbe_msgs/msg/_package_OutcomeRequest.lisp)
Linked: (/home/mirte/NGR-Goose/mirte_ws/devel/.private/flexbe_msgs/share/common-lisp/ros/flexbe_msgs/msg/_package_BehaviorSynthesisResult.lisp, /home/mirte/NGR-Goose/mirte_ws/devel/share/common-lisp/ros/flexbe_msgs/msg/_package_BehaviorSynthesisResult.lisp)
Linked: (/home/mirte/NGR-Goose/mirte_ws/devel/.private/flexbe_msgs/share/common-lisp/ros/flexbe_msgs/msg/_package_BehaviorModification.lisp, /home/mirte/NGR-Goose/mirte_ws/devel/share/common-lisp/ros/flexbe_msgs/msg/_package_BehaviorModification.lisp)
Linked: (/home/mirte/NGR-Goose/mirte_ws/devel/.private/flexbe_msgs/share/common-lisp/ros/flexbe_msgs/msg/BehaviorSynthesisAction.lisp, /home/mirte/NGR-Goose/mirte_ws/devel/share/common-lisp/ros/flexbe_msgs/msg/BehaviorSynthesisAction.lisp)
Linked: (/home/mirte/NGR-Goose/mirte_ws/devel/.private/flexbe_msgs/share/common-lisp/ros/flexbe_msgs/msg/_package_BehaviorInputFeedback.lisp, /home/mirte/NGR-Goose/mirte_ws/devel/share/common-lisp/ros/flexbe_msgs/msg/_package_BehaviorInputFeedback.lisp)
Linked: (/home/mirte/NGR-Goose/mirte_ws/devel/.private/flexbe_msgs/share/common-lisp/ros/flexbe_msgs/msg/BehaviorInputAction.lisp, /home/mirte/NGR-Goose/mirte_ws/devel/share/common-lisp/ros/flexbe_msgs/msg/BehaviorInputAction.lisp)
Linked: (/home/mirte/NGR-Goose/mirte_ws/devel/.private/flexbe_msgs/share/common-lisp/ros/flexbe_msgs/msg/_package_BEStatus.lisp, /home/mirte/NGR-Goose/mirte_ws/devel/share/common-lisp/ros/flexbe_msgs/msg/_package_BEStatus.lisp)
Linked: (/home/mirte/NGR-Goose/mirte_ws/devel/.private/flexbe_msgs/share/common-lisp/ros/flexbe_msgs/msg/_package_SynthesisRequest.lisp, /home/mirte/NGR-Goose/mirte_ws/devel/share/common-lisp/ros/flexbe_msgs/msg/_package_SynthesisRequest.lisp)
Linked: (/home/mirte/NGR-Goose/mirte_ws/devel/.private/flexbe_msgs/share/common-lisp/ros/flexbe_msgs/msg/BehaviorInputActionResult.lisp, /home/mirte/NGR-Goose/mirte_ws/devel/share/common-lisp/ros/flexbe_msgs/msg/BehaviorInputActionResult.lisp)
Linked: (/home/mirte/NGR-Goose/mirte_ws/devel/.private/flexbe_msgs/share/common-lisp/ros/flexbe_msgs/msg/_package_BehaviorInputAction.lisp, /home/mirte/NGR-Goose/mirte_ws/devel/share/common-lisp/ros/flexbe_msgs/msg/_package_BehaviorInputAction.lisp)
Linked: (/home/mirte/NGR-Goose/mirte_ws/devel/.private/flexbe_msgs/share/common-lisp/ros/flexbe_msgs/msg/_package_BehaviorSynthesisActionResult.lisp, /home/mirte/NGR-Goose/mirte_ws/devel/share/common-lisp/ros/flexbe_msgs/msg/_package_BehaviorSynthesisActionResult.lisp)
Linked: (/home/mirte/NGR-Goose/mirte_ws/devel/.private/flexbe_msgs/share/common-lisp/ros/flexbe_msgs/msg/_package_StateInstantiation.lisp, /home/mirte/NGR-Goose/mirte_ws/devel/share/common-lisp/ros/flexbe_msgs/msg/_package_StateInstantiation.lisp)
Linked: (/home/mirte/NGR-Goose/mirte_ws/devel/.private/flexbe_msgs/share/common-lisp/ros/flexbe_msgs/msg/_package_BehaviorSync.lisp, /home/mirte/NGR-Goose/mirte_ws/devel/share/common-lisp/ros/flexbe_msgs/msg/_package_BehaviorSync.lisp)
Linked: (/home/mirte/NGR-Goose/mirte_ws/devel/.private/flexbe_msgs/share/common-lisp/ros/flexbe_msgs/msg/_package_SynthesisErrorCodes.lisp, /home/mirte/NGR-Goose/mirte_ws/devel/share/common-lisp/ros/flexbe_msgs/msg/_package_SynthesisErrorCodes.lisp)
Linked: (/home/mirte/NGR-Goose/mirte_ws/devel/.private/flexbe_msgs/share/common-lisp/ros/flexbe_msgs/msg/_package_UICommand.lisp, /home/mirte/NGR-Goose/mirte_ws/devel/share/common-lisp/ros/flexbe_msgs/msg/_package_UICommand.lisp)
Linked: (/home/mirte/NGR-Goose/mirte_ws/devel/.private/flexbe_msgs/share/common-lisp/ros/flexbe_msgs/msg/_package_BehaviorInputResult.lisp, /home/mirte/NGR-Goose/mirte_ws/devel/share/common-lisp/ros/flexbe_msgs/msg/_package_BehaviorInputResult.lisp)
Linked: (/home/mirte/NGR-Goose/mirte_ws/devel/.private/flexbe_msgs/share/common-lisp/ros/flexbe_msgs/msg/BehaviorInputActionFeedback.lisp, /home/mirte/NGR-Goose/mirte_ws/devel/share/common-lisp/ros/flexbe_msgs/msg/BehaviorInputActionFeedback.lisp)
Linked: (/home/mirte/NGR-Goose/mirte_ws/devel/.private/flexbe_msgs/share/common-lisp/ros/flexbe_msgs/msg/ContainerStructure.lisp, /home/mirte/NGR-Goose/mirte_ws/devel/share/common-lisp/ros/flexbe_msgs/msg/ContainerStructure.lisp)
Linked: (/home/mirte/NGR-Goose/mirte_ws/devel/.private/flexbe_msgs/share/common-lisp/ros/flexbe_msgs/msg/_package_BehaviorInputActionGoal.lisp, /home/mirte/NGR-Goose/mirte_ws/devel/share/common-lisp/ros/flexbe_msgs/msg/_package_BehaviorInputActionGoal.lisp)
Linked: (/home/mirte/NGR-Goose/mirte_ws/devel/.private/flexbe_msgs/share/common-lisp/ros/flexbe_msgs/msg/_package_BehaviorExecutionResult.lisp, /home/mirte/NGR-Goose/mirte_ws/devel/share/common-lisp/ros/flexbe_msgs/msg/_package_BehaviorExecutionResult.lisp)
Linked: (/home/mirte/NGR-Goose/mirte_ws/devel/.private/flexbe_msgs/share/common-lisp/ros/flexbe_msgs/msg/OutcomeRequest.lisp, /home/mirte/NGR-Goose/mirte_ws/devel/share/common-lisp/ros/flexbe_msgs/msg/OutcomeRequest.lisp)
Linked: (/home/mirte/NGR-Goose/mirte_ws/devel/.private/flexbe_msgs/share/common-lisp/ros/flexbe_msgs/msg/_package_BehaviorInputActionResult.lisp, /home/mirte/NGR-Goose/mirte_ws/devel/share/common-lisp/ros/flexbe_msgs/msg/_package_BehaviorInputActionResult.lisp)
Linked: (/home/mirte/NGR-Goose/mirte_ws/devel/.private/flexbe_msgs/share/common-lisp/ros/flexbe_msgs/msg/StateInstantiation.lisp, /home/mirte/NGR-Goose/mirte_ws/devel/share/common-lisp/ros/flexbe_msgs/msg/StateInstantiation.lisp)
Linked: (/home/mirte/NGR-Goose/mirte_ws/devel/.private/flexbe_msgs/share/common-lisp/ros/flexbe_msgs/msg/SynthesisRequest.lisp, /home/mirte/NGR-Goose/mirte_ws/devel/share/common-lisp/ros/flexbe_msgs/msg/SynthesisRequest.lisp)
Linked: (/home/mirte/NGR-Goose/mirte_ws/devel/.private/flexbe_msgs/share/common-lisp/ros/flexbe_msgs/msg/_package_BehaviorExecutionActionResult.lisp, /home/mirte/NGR-Goose/mirte_ws/devel/share/common-lisp/ros/flexbe_msgs/msg/_package_BehaviorExecutionActionResult.lisp)
Linked: (/home/mirte/NGR-Goose/mirte_ws/devel/.private/flexbe_msgs/share/common-lisp/ros/flexbe_msgs/msg/_package_BehaviorExecutionActionFeedback.lisp, /home/mirte/NGR-Goose/mirte_ws/devel/share/common-lisp/ros/flexbe_msgs/msg/_package_BehaviorExecutionActionFeedback.lisp)
Linked: (/home/mirte/NGR-Goose/mirte_ws/devel/.private/flexbe_msgs/share/common-lisp/ros/flexbe_msgs/msg/BehaviorExecutionActionFeedback.lisp, /home/mirte/NGR-Goose/mirte_ws/devel/share/common-lisp/ros/flexbe_msgs/msg/BehaviorExecutionActionFeedback.lisp)
Linked: (/home/mirte/NGR-Goose/mirte_ws/devel/.private/flexbe_msgs/share/common-lisp/ros/flexbe_msgs/msg/_package_ContainerStructure.lisp, /home/mirte/NGR-Goose/mirte_ws/devel/share/common-lisp/ros/flexbe_msgs/msg/_package_ContainerStructure.lisp)
Linked: (/home/mirte/NGR-Goose/mirte_ws/devel/.private/flexbe_msgs/share/common-lisp/ros/flexbe_msgs/msg/_package_BehaviorExecutionActionGoal.lisp, /home/mirte/NGR-Goose/mirte_ws/devel/share/common-lisp/ros/flexbe_msgs/msg/_package_BehaviorExecutionActionGoal.lisp)
Linked: (/home/mirte/NGR-Goose/mirte_ws/devel/.private/flexbe_msgs/share/common-lisp/ros/flexbe_msgs/msg/BehaviorInputFeedback.lisp, /home/mirte/NGR-Goose/mirte_ws/devel/share/common-lisp/ros/flexbe_msgs/msg/BehaviorInputFeedback.lisp)
Linked: (/home/mirte/NGR-Goose/mirte_ws/devel/.private/flexbe_msgs/share/common-lisp/ros/flexbe_msgs/msg/BehaviorSynthesisActionResult.lisp, /home/mirte/NGR-Goose/mirte_ws/devel/share/common-lisp/ros/flexbe_msgs/msg/BehaviorSynthesisActionResult.lisp)
Linked: (/home/mirte/NGR-Goose/mirte_ws/devel/.private/flexbe_msgs/share/common-lisp/ros/flexbe_msgs/msg/_package_BehaviorInputGoal.lisp, /home/mirte/NGR-Goose/mirte_ws/devel/share/common-lisp/ros/flexbe_msgs/msg/_package_BehaviorInputGoal.lisp)
Linked: (/home/mirte/NGR-Goose/mirte_ws/devel/.private/flexbe_msgs/share/common-lisp/ros/flexbe_msgs/msg/_package_BehaviorSelection.lisp, /home/mirte/NGR-Goose/mirte_ws/devel/share/common-lisp/ros/flexbe_msgs/msg/_package_BehaviorSelection.lisp)
Linked: (/home/mirte/NGR-Goose/mirte_ws/devel/.private/flexbe_msgs/share/common-lisp/ros/flexbe_msgs/msg/BehaviorInputGoal.lisp, /home/mirte/NGR-Goose/mirte_ws/devel/share/common-lisp/ros/flexbe_msgs/msg/BehaviorInputGoal.lisp)
Linked: (/home/mirte/NGR-Goose/mirte_ws/devel/.private/flexbe_msgs/share/common-lisp/ros/flexbe_msgs/msg/UICommand.lisp, /home/mirte/NGR-Goose/mirte_ws/devel/share/common-lisp/ros/flexbe_msgs/msg/UICommand.lisp)
Linked: (/home/mirte/NGR-Goose/mirte_ws/devel/.private/flexbe_msgs/share/common-lisp/ros/flexbe_msgs/msg/_package_BehaviorRequest.lisp, /home/mirte/NGR-Goose/mirte_ws/devel/share/common-lisp/ros/flexbe_msgs/msg/_package_BehaviorRequest.lisp)
Linked: (/home/mirte/NGR-Goose/mirte_ws/devel/.private/flexbe_msgs/share/common-lisp/ros/flexbe_msgs/msg/BehaviorExecutionAction.lisp, /home/mirte/NGR-Goose/mirte_ws/devel/share/common-lisp/ros/flexbe_msgs/msg/BehaviorExecutionAction.lisp)
Linked: (/home/mirte/NGR-Goose/mirte_ws/devel/.private/flexbe_msgs/share/common-lisp/ros/flexbe_msgs/msg/_package_BehaviorExecutionFeedback.lisp, /home/mirte/NGR-Goose/mirte_ws/devel/share/common-lisp/ros/flexbe_msgs/msg/_package_BehaviorExecutionFeedback.lisp)
Linked: (/home/mirte/NGR-Goose/mirte_ws/devel/.private/flexbe_msgs/share/common-lisp/ros/flexbe_msgs/msg/BehaviorRequest.lisp, /home/mirte/NGR-Goose/mirte_ws/devel/share/common-lisp/ros/flexbe_msgs/msg/BehaviorRequest.lisp)
Linked: (/home/mirte/NGR-Goose/mirte_ws/devel/.private/flexbe_msgs/share/common-lisp/ros/flexbe_msgs/msg/UserdataInfo.lisp, /home/mirte/NGR-Goose/mirte_ws/devel/share/common-lisp/ros/flexbe_msgs/msg/UserdataInfo.lisp)
Linked: (/home/mirte/NGR-Goose/mirte_ws/devel/.private/flexbe_msgs/share/common-lisp/ros/flexbe_msgs/msg/_package_BehaviorInputActionFeedback.lisp, /home/mirte/NGR-Goose/mirte_ws/devel/share/common-lisp/ros/flexbe_msgs/msg/_package_BehaviorInputActionFeedback.lisp)
Linked: (/home/mirte/NGR-Goose/mirte_ws/devel/.private/flexbe_msgs/share/common-lisp/ros/flexbe_msgs/msg/BehaviorSelection.lisp, /home/mirte/NGR-Goose/mirte_ws/devel/share/common-lisp/ros/flexbe_msgs/msg/BehaviorSelection.lisp)
Linked: (/home/mirte/NGR-Goose/mirte_ws/devel/.private/flexbe_msgs/share/common-lisp/ros/flexbe_msgs/msg/_package.lisp, /home/mirte/NGR-Goose/mirte_ws/devel/share/common-lisp/ros/flexbe_msgs/msg/_package.lisp)
Linked: (/home/mirte/NGR-Goose/mirte_ws/devel/.private/flexbe_msgs/share/common-lisp/ros/flexbe_msgs/msg/BehaviorSynthesisActionGoal.lisp, /home/mirte/NGR-Goose/mirte_ws/devel/share/common-lisp/ros/flexbe_msgs/msg/BehaviorSynthesisActionGoal.lisp)
Linked: (/home/mirte/NGR-Goose/mirte_ws/devel/.private/flexbe_msgs/share/common-lisp/ros/flexbe_msgs/msg/_package_BehaviorSynthesisFeedback.lisp, /home/mirte/NGR-Goose/mirte_ws/devel/share/common-lisp/ros/flexbe_msgs/msg/_package_BehaviorSynthesisFeedback.lisp)
Linked: (/home/mirte/NGR-Goose/mirte_ws/devel/.private/flexbe_msgs/share/common-lisp/ros/flexbe_msgs/msg/BehaviorInputResult.lisp, /home/mirte/NGR-Goose/mirte_ws/devel/share/common-lisp/ros/flexbe_msgs/msg/BehaviorInputResult.lisp)
Linked: (/home/mirte/NGR-Goose/mirte_ws/devel/.private/flexbe_msgs/share/common-lisp/ros/flexbe_msgs/msg/flexbe_msgs-msg.asd, /home/mirte/NGR-Goose/mirte_ws/devel/share/common-lisp/ros/flexbe_msgs/msg/flexbe_msgs-msg.asd)
Linked: (/home/mirte/NGR-Goose/mirte_ws/devel/.private/flexbe_msgs/share/common-lisp/ros/flexbe_msgs/msg/BehaviorSynthesisActionFeedback.lisp, /home/mirte/NGR-Goose/mirte_ws/devel/share/common-lisp/ros/flexbe_msgs/msg/BehaviorSynthesisActionFeedback.lisp)
Linked: (/home/mirte/NGR-Goose/mirte_ws/devel/.private/flexbe_msgs/share/common-lisp/ros/flexbe_msgs/msg/BehaviorExecutionFeedback.lisp, /home/mirte/NGR-Goose/mirte_ws/devel/share/common-lisp/ros/flexbe_msgs/msg/BehaviorExecutionFeedback.lisp)
Linked: (/home/mirte/NGR-Goose/mirte_ws/devel/.private/flexbe_msgs/share/common-lisp/ros/flexbe_msgs/msg/BehaviorExecutionGoal.lisp, /home/mirte/NGR-Goose/mirte_ws/devel/share/common-lisp/ros/flexbe_msgs/msg/BehaviorExecutionGoal.lisp)
Linked: (/home/mirte/NGR-Goose/mirte_ws/devel/.private/flexbe_msgs/share/common-lisp/ros/flexbe_msgs/msg/OutcomeCondition.lisp, /home/mirte/NGR-Goose/mirte_ws/devel/share/common-lisp/ros/flexbe_msgs/msg/OutcomeCondition.lisp)
Linked: (/home/mirte/NGR-Goose/mirte_ws/devel/.private/flexbe_msgs/share/common-lisp/ros/flexbe_msgs/msg/_package_BehaviorSynthesisAction.lisp, /home/mirte/NGR-Goose/mirte_ws/devel/share/common-lisp/ros/flexbe_msgs/msg/_package_BehaviorSynthesisAction.lisp)
Linked: (/home/mirte/NGR-Goose/mirte_ws/devel/.private/flexbe_msgs/share/common-lisp/ros/flexbe_msgs/msg/BehaviorExecutionResult.lisp, /home/mirte/NGR-Goose/mirte_ws/devel/share/common-lisp/ros/flexbe_msgs/msg/BehaviorExecutionResult.lisp)
Linked: (/home/mirte/NGR-Goose/mirte_ws/devel/.private/flexbe_msgs/share/common-lisp/ros/flexbe_msgs/msg/_package_Container.lisp, /home/mirte/NGR-Goose/mirte_ws/devel/share/common-lisp/ros/flexbe_msgs/msg/_package_Container.lisp)
Linked: (/home/mirte/NGR-Goose/mirte_ws/devel/.private/flexbe_msgs/share/common-lisp/ros/flexbe_msgs/msg/BehaviorInputActionGoal.lisp, /home/mirte/NGR-Goose/mirte_ws/devel/share/common-lisp/ros/flexbe_msgs/msg/BehaviorInputActionGoal.lisp)
Linked: (/home/mirte/NGR-Goose/mirte_ws/devel/.private/flexbe_msgs/share/common-lisp/ros/flexbe_msgs/msg/BehaviorModification.lisp, /home/mirte/NGR-Goose/mirte_ws/devel/share/common-lisp/ros/flexbe_msgs/msg/BehaviorModification.lisp)
Linked: (/home/mirte/NGR-Goose/mirte_ws/devel/.private/flexbe_msgs/share/common-lisp/ros/flexbe_msgs/msg/SynthesisErrorCodes.lisp, /home/mirte/NGR-Goose/mirte_ws/devel/share/common-lisp/ros/flexbe_msgs/msg/SynthesisErrorCodes.lisp)
Linked: (/home/mirte/NGR-Goose/mirte_ws/devel/.private/flexbe_msgs/share/common-lisp/ros/flexbe_msgs/msg/BehaviorSynthesisGoal.lisp, /home/mirte/NGR-Goose/mirte_ws/devel/share/common-lisp/ros/flexbe_msgs/msg/BehaviorSynthesisGoal.lisp)
Linked: (/home/mirte/NGR-Goose/mirte_ws/devel/.private/flexbe_msgs/share/common-lisp/ros/flexbe_msgs/msg/_package_BehaviorExecutionGoal.lisp, /home/mirte/NGR-Goose/mirte_ws/devel/share/common-lisp/ros/flexbe_msgs/msg/_package_BehaviorExecutionGoal.lisp)
Linked: (/home/mirte/NGR-Goose/mirte_ws/devel/.private/flexbe_msgs/share/common-lisp/ros/flexbe_msgs/msg/BehaviorSynthesisResult.lisp, /home/mirte/NGR-Goose/mirte_ws/devel/share/common-lisp/ros/flexbe_msgs/msg/BehaviorSynthesisResult.lisp)
Linked: (/home/mirte/NGR-Goose/mirte_ws/devel/.private/flexbe_msgs/share/common-lisp/ros/flexbe_msgs/msg/_package_BehaviorSynthesisActionFeedback.lisp, /home/mirte/NGR-Goose/mirte_ws/devel/share/common-lisp/ros/flexbe_msgs/msg/_package_BehaviorSynthesisActionFeedback.lisp)
Linked: (/home/mirte/NGR-Goose/mirte_ws/devel/.private/flexbe_msgs/share/common-lisp/ros/flexbe_msgs/msg/BehaviorSync.lisp, /home/mirte/NGR-Goose/mirte_ws/devel/share/common-lisp/ros/flexbe_msgs/msg/BehaviorSync.lisp)
Linked: (/home/mirte/NGR-Goose/mirte_ws/devel/.private/flexbe_msgs/share/common-lisp/ros/flexbe_msgs/msg/BEStatus.lisp, /home/mirte/NGR-Goose/mirte_ws/devel/share/common-lisp/ros/flexbe_msgs/msg/BEStatus.lisp)
Linked: (/home/mirte/NGR-Goose/mirte_ws/devel/.private/flexbe_msgs/share/common-lisp/ros/flexbe_msgs/msg/Container.lisp, /home/mirte/NGR-Goose/mirte_ws/devel/share/common-lisp/ros/flexbe_msgs/msg/Container.lisp)
Linked: (/home/mirte/NGR-Goose/mirte_ws/devel/.private/flexbe_msgs/share/common-lisp/ros/flexbe_msgs/msg/_package_UserdataInfo.lisp, /home/mirte/NGR-Goose/mirte_ws/devel/share/common-lisp/ros/flexbe_msgs/msg/_package_UserdataInfo.lisp)
Linked: (/home/mirte/NGR-Goose/mirte_ws/devel/.private/flexbe_msgs/share/common-lisp/ros/flexbe_msgs/msg/_package_BehaviorSynthesisActionGoal.lisp, /home/mirte/NGR-Goose/mirte_ws/devel/share/common-lisp/ros/flexbe_msgs/msg/_package_BehaviorSynthesisActionGoal.lisp)
Linked: (/home/mirte/NGR-Goose/mirte_ws/devel/.private/flexbe_msgs/lib/python3/dist-packages/flexbe_msgs/__init__.py, /home/mirte/NGR-Goose/mirte_ws/devel/lib/python3/dist-packages/flexbe_msgs/__init__.py)
Linked: (/home/mirte/NGR-Goose/mirte_ws/devel/.private/flexbe_msgs/lib/python3/dist-packages/flexbe_msgs/srv/_GetUserdata.py, /home/mirte/NGR-Goose/mirte_ws/devel/lib/python3/dist-packages/flexbe_msgs/srv/_GetUserdata.py)
Linked: (/home/mirte/NGR-Goose/mirte_ws/devel/.private/flexbe_msgs/lib/python3/dist-packages/flexbe_msgs/srv/__init__.py, /home/mirte/NGR-Goose/mirte_ws/devel/lib/python3/dist-packages/flexbe_msgs/srv/__init__.py)
Linked: (/home/mirte/NGR-Goose/mirte_ws/devel/.private/flexbe_msgs/lib/python3/dist-packages/flexbe_msgs/msg/_BehaviorExecutionActionFeedback.py, /home/mirte/NGR-Goose/mirte_ws/devel/lib/python3/dist-packages/flexbe_msgs/msg/_BehaviorExecutionActionFeedback.py)
Linked: (/home/mirte/NGR-Goose/mirte_ws/devel/.private/flexbe_msgs/lib/python3/dist-packages/flexbe_msgs/msg/_BehaviorExecutionGoal.py, /home/mirte/NGR-Goose/mirte_ws/devel/lib/python3/dist-packages/flexbe_msgs/msg/_BehaviorExecutionGoal.py)
Linked: (/home/mirte/NGR-Goose/mirte_ws/devel/.private/flexbe_msgs/lib/python3/dist-packages/flexbe_msgs/msg/_BehaviorInputGoal.py, /home/mirte/NGR-Goose/mirte_ws/devel/lib/python3/dist-packages/flexbe_msgs/msg/_BehaviorInputGoal.py)
Linked: (/home/mirte/NGR-Goose/mirte_ws/devel/.private/flexbe_msgs/lib/python3/dist-packages/flexbe_msgs/msg/_BehaviorInputActionGoal.py, /home/mirte/NGR-Goose/mirte_ws/devel/lib/python3/dist-packages/flexbe_msgs/msg/_BehaviorInputActionGoal.py)
Linked: (/home/mirte/NGR-Goose/mirte_ws/devel/.private/flexbe_msgs/lib/python3/dist-packages/flexbe_msgs/msg/_BehaviorModification.py, /home/mirte/NGR-Goose/mirte_ws/devel/lib/python3/dist-packages/flexbe_msgs/msg/_BehaviorModification.py)
Linked: (/home/mirte/NGR-Goose/mirte_ws/devel/.private/flexbe_msgs/lib/python3/dist-packages/flexbe_msgs/msg/_StateInstantiation.py, /home/mirte/NGR-Goose/mirte_ws/devel/lib/python3/dist-packages/flexbe_msgs/msg/_StateInstantiation.py)
Linked: (/home/mirte/NGR-Goose/mirte_ws/devel/.private/flexbe_msgs/lib/python3/dist-packages/flexbe_msgs/msg/_Container.py, /home/mirte/NGR-Goose/mirte_ws/devel/lib/python3/dist-packages/flexbe_msgs/msg/_Container.py)
Linked: (/home/mirte/NGR-Goose/mirte_ws/devel/.private/flexbe_msgs/lib/python3/dist-packages/flexbe_msgs/msg/_BehaviorSynthesisGoal.py, /home/mirte/NGR-Goose/mirte_ws/devel/lib/python3/dist-packages/flexbe_msgs/msg/_BehaviorSynthesisGoal.py)
Linked: (/home/mirte/NGR-Goose/mirte_ws/devel/.private/flexbe_msgs/lib/python3/dist-packages/flexbe_msgs/msg/_BehaviorInputResult.py, /home/mirte/NGR-Goose/mirte_ws/devel/lib/python3/dist-packages/flexbe_msgs/msg/_BehaviorInputResult.py)
Linked: (/home/mirte/NGR-Goose/mirte_ws/devel/.private/flexbe_msgs/lib/python3/dist-packages/flexbe_msgs/msg/_BehaviorExecutionActionGoal.py, /home/mirte/NGR-Goose/mirte_ws/devel/lib/python3/dist-packages/flexbe_msgs/msg/_BehaviorExecutionActionGoal.py)
Linked: (/home/mirte/NGR-Goose/mirte_ws/devel/.private/flexbe_msgs/lib/python3/dist-packages/flexbe_msgs/msg/_BehaviorSync.py, /home/mirte/NGR-Goose/mirte_ws/devel/lib/python3/dist-packages/flexbe_msgs/msg/_BehaviorSync.py)
Linked: (/home/mirte/NGR-Goose/mirte_ws/devel/.private/flexbe_msgs/lib/python3/dist-packages/flexbe_msgs/msg/_BehaviorLog.py, /home/mirte/NGR-Goose/mirte_ws/devel/lib/python3/dist-packages/flexbe_msgs/msg/_BehaviorLog.py)
Linked: (/home/mirte/NGR-Goose/mirte_ws/devel/.private/flexbe_msgs/lib/python3/dist-packages/flexbe_msgs/msg/_BehaviorInputActionFeedback.py, /home/mirte/NGR-Goose/mirte_ws/devel/lib/python3/dist-packages/flexbe_msgs/msg/_BehaviorInputActionFeedback.py)
Linked: (/home/mirte/NGR-Goose/mirte_ws/devel/.private/flexbe_msgs/lib/python3/dist-packages/flexbe_msgs/msg/_BehaviorSynthesisFeedback.py, /home/mirte/NGR-Goose/mirte_ws/devel/lib/python3/dist-packages/flexbe_msgs/msg/_BehaviorSynthesisFeedback.py)
Linked: (/home/mirte/NGR-Goose/mirte_ws/devel/.private/flexbe_msgs/lib/python3/dist-packages/flexbe_msgs/msg/_BehaviorSynthesisActionResult.py, /home/mirte/NGR-Goose/mirte_ws/devel/lib/python3/dist-packages/flexbe_msgs/msg/_BehaviorSynthesisActionResult.py)
Linked: (/home/mirte/NGR-Goose/mirte_ws/devel/.private/flexbe_msgs/lib/python3/dist-packages/flexbe_msgs/msg/_BehaviorExecutionResult.py, /home/mirte/NGR-Goose/mirte_ws/devel/lib/python3/dist-packages/flexbe_msgs/msg/_BehaviorExecutionResult.py)
Linked: (/home/mirte/NGR-Goose/mirte_ws/devel/.private/flexbe_msgs/lib/python3/dist-packages/flexbe_msgs/msg/_BehaviorRequest.py, /home/mirte/NGR-Goose/mirte_ws/devel/lib/python3/dist-packages/flexbe_msgs/msg/_BehaviorRequest.py)
Linked: (/home/mirte/NGR-Goose/mirte_ws/devel/.private/flexbe_msgs/lib/python3/dist-packages/flexbe_msgs/msg/_BehaviorExecutionAction.py, /home/mirte/NGR-Goose/mirte_ws/devel/lib/python3/dist-packages/flexbe_msgs/msg/_BehaviorExecutionAction.py)
Linked: (/home/mirte/NGR-Goose/mirte_ws/devel/.private/flexbe_msgs/lib/python3/dist-packages/flexbe_msgs/msg/_ContainerStructure.py, /home/mirte/NGR-Goose/mirte_ws/devel/lib/python3/dist-packages/flexbe_msgs/msg/_ContainerStructure.py)
Linked: (/home/mirte/NGR-Goose/mirte_ws/devel/.private/flexbe_msgs/lib/python3/dist-packages/flexbe_msgs/msg/_SynthesisErrorCodes.py, /home/mirte/NGR-Goose/mirte_ws/devel/lib/python3/dist-packages/flexbe_msgs/msg/_SynthesisErrorCodes.py)
Linked: (/home/mirte/NGR-Goose/mirte_ws/devel/.private/flexbe_msgs/lib/python3/dist-packages/flexbe_msgs/msg/_BehaviorSynthesisResult.py, /home/mirte/NGR-Goose/mirte_ws/devel/lib/python3/dist-packages/flexbe_msgs/msg/_BehaviorSynthesisResult.py)
Linked: (/home/mirte/NGR-Goose/mirte_ws/devel/.private/flexbe_msgs/lib/python3/dist-packages/flexbe_msgs/msg/_BEStatus.py, /home/mirte/NGR-Goose/mirte_ws/devel/lib/python3/dist-packages/flexbe_msgs/msg/_BEStatus.py)
Linked: (/home/mirte/NGR-Goose/mirte_ws/devel/.private/flexbe_msgs/lib/python3/dist-packages/flexbe_msgs/msg/_UserdataInfo.py, /home/mirte/NGR-Goose/mirte_ws/devel/lib/python3/dist-packages/flexbe_msgs/msg/_UserdataInfo.py)
Linked: (/home/mirte/NGR-Goose/mirte_ws/devel/.private/flexbe_msgs/lib/python3/dist-packages/flexbe_msgs/msg/_SynthesisRequest.py, /home/mirte/NGR-Goose/mirte_ws/devel/lib/python3/dist-packages/flexbe_msgs/msg/_SynthesisRequest.py)
Linked: (/home/mirte/NGR-Goose/mirte_ws/devel/.private/flexbe_msgs/lib/python3/dist-packages/flexbe_msgs/msg/_BehaviorSelection.py, /home/mirte/NGR-Goose/mirte_ws/devel/lib/python3/dist-packages/flexbe_msgs/msg/_BehaviorSelection.py)
Linked: (/home/mirte/NGR-Goose/mirte_ws/devel/.private/flexbe_msgs/lib/python3/dist-packages/flexbe_msgs/msg/_BehaviorSynthesisAction.py, /home/mirte/NGR-Goose/mirte_ws/devel/lib/python3/dist-packages/flexbe_msgs/msg/_BehaviorSynthesisAction.py)
Linked: (/home/mirte/NGR-Goose/mirte_ws/devel/.private/flexbe_msgs/lib/python3/dist-packages/flexbe_msgs/msg/_UICommand.py, /home/mirte/NGR-Goose/mirte_ws/devel/lib/python3/dist-packages/flexbe_msgs/msg/_UICommand.py)
Linked: (/home/mirte/NGR-Goose/mirte_ws/devel/.private/flexbe_msgs/lib/python3/dist-packages/flexbe_msgs/msg/_BehaviorSynthesisActionFeedback.py, /home/mirte/NGR-Goose/mirte_ws/devel/lib/python3/dist-packages/flexbe_msgs/msg/_BehaviorSynthesisActionFeedback.py)
Linked: (/home/mirte/NGR-Goose/mirte_ws/devel/.private/flexbe_msgs/lib/python3/dist-packages/flexbe_msgs/msg/_CommandFeedback.py, /home/mirte/NGR-Goose/mirte_ws/devel/lib/python3/dist-packages/flexbe_msgs/msg/_CommandFeedback.py)
Linked: (/home/mirte/NGR-Goose/mirte_ws/devel/.private/flexbe_msgs/lib/python3/dist-packages/flexbe_msgs/msg/_BehaviorExecutionActionResult.py, /home/mirte/NGR-Goose/mirte_ws/devel/lib/python3/dist-packages/flexbe_msgs/msg/_BehaviorExecutionActionResult.py)
Linked: (/home/mirte/NGR-Goose/mirte_ws/devel/.private/flexbe_msgs/lib/python3/dist-packages/flexbe_msgs/msg/_BehaviorSynthesisActionGoal.py, /home/mirte/NGR-Goose/mirte_ws/devel/lib/python3/dist-packages/flexbe_msgs/msg/_BehaviorSynthesisActionGoal.py)
Linked: (/home/mirte/NGR-Goose/mirte_ws/devel/.private/flexbe_msgs/lib/python3/dist-packages/flexbe_msgs/msg/_OutcomeRequest.py, /home/mirte/NGR-Goose/mirte_ws/devel/lib/python3/dist-packages/flexbe_msgs/msg/_OutcomeRequest.py)
Linked: (/home/mirte/NGR-Goose/mirte_ws/devel/.private/flexbe_msgs/lib/python3/dist-packages/flexbe_msgs/msg/_OutcomeCondition.py, /home/mirte/NGR-Goose/mirte_ws/devel/lib/python3/dist-packages/flexbe_msgs/msg/_OutcomeCondition.py)
Linked: (/home/mirte/NGR-Goose/mirte_ws/devel/.private/flexbe_msgs/lib/python3/dist-packages/flexbe_msgs/msg/_BehaviorInputActionResult.py, /home/mirte/NGR-Goose/mirte_ws/devel/lib/python3/dist-packages/flexbe_msgs/msg/_BehaviorInputActionResult.py)
Linked: (/home/mirte/NGR-Goose/mirte_ws/devel/.private/flexbe_msgs/lib/python3/dist-packages/flexbe_msgs/msg/_BehaviorInputAction.py, /home/mirte/NGR-Goose/mirte_ws/devel/lib/python3/dist-packages/flexbe_msgs/msg/_BehaviorInputAction.py)
Linked: (/home/mirte/NGR-Goose/mirte_ws/devel/.private/flexbe_msgs/lib/python3/dist-packages/flexbe_msgs/msg/_BehaviorExecutionFeedback.py, /home/mirte/NGR-Goose/mirte_ws/devel/lib/python3/dist-packages/flexbe_msgs/msg/_BehaviorExecutionFeedback.py)
Linked: (/home/mirte/NGR-Goose/mirte_ws/devel/.private/flexbe_msgs/lib/python3/dist-packages/flexbe_msgs/msg/__init__.py, /home/mirte/NGR-Goose/mirte_ws/devel/lib/python3/dist-packages/flexbe_msgs/msg/__init__.py)
Linked: (/home/mirte/NGR-Goose/mirte_ws/devel/.private/flexbe_msgs/lib/python3/dist-packages/flexbe_msgs/msg/_BehaviorInputFeedback.py, /home/mirte/NGR-Goose/mirte_ws/devel/lib/python3/dist-packages/flexbe_msgs/msg/_BehaviorInputFeedback.py)
Linked: (/home/mirte/NGR-Goose/mirte_ws/devel/.private/flexbe_msgs/lib/pkgconfig/flexbe_msgs.pc, /home/mirte/NGR-Goose/mirte_ws/devel/lib/pkgconfig/flexbe_msgs.pc)
