[  8%] Built target generic_hw_control_loop
[  8%] Built target sensor_msgs_generate_messages_py
[  8%] Built target actionlib_generate_messages_cpp
[  8%] Built target actionlib_generate_messages_eus
[  8%] Built target actionlib_generate_messages_lisp
[  8%] Built target actionlib_generate_messages_nodejs
[  8%] Built target actionlib_generate_messages_py
[  8%] Built target actionlib_msgs_generate_messages_cpp
[  8%] Built target actionlib_msgs_generate_messages_eus
[  8%] Built target actionlib_msgs_generate_messages_lisp
[  8%] Built target actionlib_msgs_generate_messages_nodejs
[  8%] Built target actionlib_msgs_generate_messages_py
[  8%] Built target std_msgs_generate_messages_cpp
[  8%] Built target std_msgs_generate_messages_eus
[  8%] Built target std_msgs_generate_messages_lisp
[  8%] Built target std_msgs_generate_messages_nodejs
[  8%] Built target std_msgs_generate_messages_py
[  8%] Built target _catkin_empty_exported_target
[  8%] Built target roscpp_generate_messages_cpp
[  8%] Built target roscpp_generate_messages_eus
[  8%] Built target roscpp_generate_messages_lisp
[  8%] Built target roscpp_generate_messages_nodejs
[  8%] Built target roscpp_generate_messages_py
[  8%] Built target rosgraph_msgs_generate_messages_cpp
[  8%] Built target rosgraph_msgs_generate_messages_eus
[  8%] Built target rosgraph_msgs_generate_messages_lisp
[  8%] Built target rosgraph_msgs_generate_messages_nodejs
[  8%] Built target rosgraph_msgs_generate_messages_py
[  8%] Built target control_msgs_generate_messages_cpp
[  8%] Built target control_msgs_generate_messages_eus
[  8%] Built target control_msgs_generate_messages_lisp
[  8%] Built target control_msgs_generate_messages_nodejs
[  8%] Built target control_msgs_generate_messages_py
[  8%] Built target geometry_msgs_generate_messages_cpp
[  8%] Built target geometry_msgs_generate_messages_eus
[  8%] Built target geometry_msgs_generate_messages_lisp
[  8%] Built target geometry_msgs_generate_messages_nodejs
[  8%] Built target geometry_msgs_generate_messages_py
[  8%] Built target trajectory_msgs_generate_messages_cpp
[  8%] Built target trajectory_msgs_generate_messages_eus
[  8%] Built target trajectory_msgs_generate_messages_lisp
[  8%] Built target trajectory_msgs_generate_messages_nodejs
[  8%] Built target trajectory_msgs_generate_messages_py
[  8%] Built target control_toolbox_generate_messages_cpp
[  8%] Built target control_toolbox_gencfg
[  8%] Built target control_toolbox_generate_messages_eus
[  8%] Built target control_toolbox_generate_messages_lisp
[  8%] Built target control_toolbox_generate_messages_nodejs
[  8%] Built target control_toolbox_generate_messages_py
[  8%] Built target dynamic_reconfigure_generate_messages_eus
[  8%] Built target dynamic_reconfigure_generate_messages_cpp
[  8%] Built target dynamic_reconfigure_generate_messages_lisp
[  8%] Built target dynamic_reconfigure_generate_messages_nodejs
[  8%] Built target dynamic_reconfigure_generate_messages_py
[  8%] Built target dynamic_reconfigure_gencfg
[  8%] Built target controller_manager_msgs_generate_messages_eus
[  8%] Built target controller_manager_msgs_generate_messages_cpp
[  8%] Built target controller_manager_msgs_generate_messages_lisp
[  8%] Built target controller_manager_msgs_generate_messages_nodejs
[  8%] Built target controller_manager_msgs_generate_messages_py
[  8%] Built target mirte_msgs_generate_messages_cpp
[  8%] Built target mirte_msgs_generate_messages_lisp
[  8%] Built target mirte_msgs_generate_messages_eus
[  8%] Built target mirte_msgs_generate_messages_py
[  8%] Built target mirte_msgs_generate_messages_nodejs
[  8%] Built target sensor_msgs_generate_messages_cpp
[  8%] Built target sensor_msgs_generate_messages_eus
[  8%] Built target sensor_msgs_generate_messages_nodejs
[  8%] Built target sensor_msgs_generate_messages_lisp
[ 16%] Built target controller_to_csv
[ 25%] Built target ros_control_boilerplate_test_trajectory
[ 33%] Built target ros_control_boilerplate_keyboard_teleop
[ 41%] Built target csv_to_controller
[ 50%] Built target ros_control_boilerplate_controller_to_csv_main
[ 58%] Built target generic_hw_interface
[ 66%] Built target ros_control_boilerplate_csv_to_controller_main
[ 75%] Built target sim_hw_interface
[ 83%] Built target rrbot_hw_interface
[ 91%] Built target ros_control_boilerplate_sim_hw_main
[100%] Built target rrbot_hw_main
