Not searching for unused variables given on the command line.
[36m--[0m The C compiler identification is GNU 9.4.0
[36m--[0m The CXX compiler identification is GNU 9.4.0
[36m--[0m Detecting C compiler ABI info
[36m--[0m Detecting C compiler ABI info - done
[36m--[0m Check for working C compiler: /usr/bin/cc - skipped
[36m--[0m Detecting C compile features
[36m--[0m Detecting C compile features - done
[36m--[0m Detecting CXX compiler ABI info
[36m--[0m Detecting CXX compiler ABI info - done
[36m--[0m Check for working CXX compiler: /usr/bin/c++ - skipped
[36m--[0m Detecting CXX compile features
[36m--[0m Detecting CXX compile features - done
[36m--[0m Using CATKIN_DEVEL_PREFIX: /home/mirte/NGR-Goose/mirte_ws/devel/.private/flexbe_core
[36m--[0m Using CMAKE_PREFIX_PATH: /home/mirte/NGR-Goose/mirte_ws/devel;/opt/ros/noetic
[36m--[0m This workspace overlays: /home/mirte/NGR-Goose/mirte_ws/devel;/opt/ros/noetic
[33mCMake Warning (dev) at /opt/ros/noetic/share/catkin/cmake/python.cmake:4 (find_package):
  Policy CMP0148 is not set: The FindPythonInterp and FindPythonLibs modules
  are removed.  Run "cmake --help-policy CMP0148" for policy details.  Use
  the cmake_policy command to set the policy and suppress this warning.

[36mCall Stack (most recent call first):[0m
  /opt/ros/noetic/share/catkin/cmake/all.cmake:164 (include)
  /opt/ros/noetic/share/catkin/cmake/catkinConfig.cmake:20 (include)
  CMakeLists.txt:4 (find_package)
This warning is for project developers.  Use -Wno-dev to suppress it.
[0m
[36m--[0m Found PythonInterp: /usr/bin/python3 (found suitable version "3.8.10", minimum required is "3")
[36m--[0m Using PYTHON_EXECUTABLE: /usr/bin/python3
[36m--[0m Using Debian Python package layout
[36m--[0m Found PY_em: /usr/lib/python3/dist-packages/em.py
[36m--[0m Using empy: /usr/lib/python3/dist-packages/em.py
[36m--[0m Using CATKIN_ENABLE_TESTING: ON
[36m--[0m Call enable_testing()
[36m--[0m Using CATKIN_TEST_RESULTS_DIR: /home/mirte/NGR-Goose/mirte_ws/build/flexbe_core/test_results
[36m--[0m Forcing gtest/gmock from source, though one was otherwise available.
[36m--[0m Found gtest sources under '/usr/src/googletest': gtests will be built
[36m--[0m Found gmock sources under '/usr/src/googletest': gmock will be built
[0mCMake Deprecation Warning at /usr/src/googletest/CMakeLists.txt:4 (cmake_minimum_required):
  Compatibility with CMake < 3.10 will be removed from a future version of
  CMake.

  Update the VERSION argument <min> value.  Or, use the <min>...<max> syntax
  to tell CMake that the project requires at least <min> but has been updated
  to work with policies introduced by <max> or earlier.

[0m
[0mCMake Deprecation Warning at /usr/src/googletest/googlemock/CMakeLists.txt:45 (cmake_minimum_required):
  Compatibility with CMake < 3.10 will be removed from a future version of
  CMake.

  Update the VERSION argument <min> value.  Or, use the <min>...<max> syntax
  to tell CMake that the project requires at least <min> but has been updated
  to work with policies introduced by <max> or earlier.

[0m
[0mCMake Deprecation Warning at /usr/src/googletest/googletest/CMakeLists.txt:56 (cmake_minimum_required):
  Compatibility with CMake < 3.10 will be removed from a future version of
  CMake.

  Update the VERSION argument <min> value.  Or, use the <min>...<max> syntax
  to tell CMake that the project requires at least <min> but has been updated
  to work with policies introduced by <max> or earlier.

[0m
[33mCMake Warning (dev) at /usr/src/googletest/googletest/cmake/internal_utils.cmake:249 (find_package):
  Policy CMP0148 is not set: The FindPythonInterp and FindPythonLibs modules
  are removed.  Run "cmake --help-policy CMP0148" for policy details.  Use
  the cmake_policy command to set the policy and suppress this warning.

[36mCall Stack (most recent call first):[0m
  /usr/src/googletest/googletest/CMakeLists.txt:91 (include)
This warning is for project developers.  Use -Wno-dev to suppress it.
[0m
[36m--[0m Found PythonInterp: /usr/bin/python3 (found version "3.8.10")
[36m--[0m Found Threads: TRUE
[36m--[0m Using Python nosetests: /usr/bin/nosetests3
[36m--[0m catkin 0.8.10
[36m--[0m BUILD_SHARED_LIBS is on
Traceback (most recent call last):
  File "/opt/ros/noetic/share/catkin/cmake/interrogate_setup_dot_py.py", line 49, in <module>
    import setuptools
  File "/home/mirte/.local/lib/python3.8/site-packages/setuptools/__init__.py", line 27, in <module>
    from .dist import Distribution
  File "/home/mirte/.local/lib/python3.8/site-packages/setuptools/dist.py", line 30, in <module>
    from . import (
  File "/home/mirte/.local/lib/python3.8/site-packages/setuptools/_entry_points.py", line 45, in <module>
    def validate(eps: metadata.EntryPoints):
AttributeError: module 'importlib_metadata' has no attribute 'EntryPoints'
[31mCMake Error at /opt/ros/noetic/share/catkin/cmake/safe_execute_process.cmake:11 (message):

  execute_process(/home/mirte/NGR-Goose/mirte_ws/build/flexbe_core/catkin_generated/env_cached.sh
  "/usr/bin/python3"
  "/opt/ros/noetic/share/catkin/cmake/interrogate_setup_dot_py.py"
  "flexbe_core"
  "/home/mirte/NGR-Goose/mirte_ws/src/flexbe_behavior_engine/flexbe_core/setup.py"
  "/home/mirte/NGR-Goose/mirte_ws/build/flexbe_core/catkin_generated/setup_py_interrogation.cmake")
  returned error code 1
[36mCall Stack (most recent call first):[0m
  /opt/ros/noetic/share/catkin/cmake/catkin_python_setup.cmake:46 (safe_execute_process)
  CMakeLists.txt:9 (catkin_python_setup)

[0m
[36m--[0m Configuring incomplete, errors occurred!
