[  0%] Built target gazebo_sensor_collection_plugins_xacro_generated_to_devel_space_
[  0%] Built target geometry_msgs_generate_messages_py
[  0%] Built target visualization_msgs_generate_messages_py
[  0%] Built target _gazebo_sensor_collection_plugins_generate_messages_check_deps_BatteryData
[  0%] Built target _gazebo_sensor_collection_plugins_generate_messages_check_deps_DataXYZ
[  0%] Built target _gazebo_sensor_collection_plugins_generate_messages_check_deps_QuaternionData
[  0%] Built target _gazebo_sensor_collection_plugins_generate_messages_check_deps_EulerData
[  0%] Built target _gazebo_sensor_collection_plugins_generate_messages_check_deps_SensorData3D
[  0%] Built target _gazebo_sensor_collection_plugins_generate_messages_check_deps_OrientationSensorData
[  0%] Built target _gazebo_sensor_collection_plugins_generate_messages_check_deps_ImuData
[  0%] Built target geometry_msgs_generate_messages_cpp
[  0%] Built target _gazebo_sensor_collection_plugins_generate_messages_check_deps_GpsData
[  0%] Built target visualization_msgs_generate_messages_cpp
[  0%] Built target visualization_msgs_generate_messages_eus
[  0%] Built target geometry_msgs_generate_messages_eus
[  0%] Built target geometry_msgs_generate_messages_lisp
[  0%] Built target visualization_msgs_generate_messages_lisp
[  0%] Built target geometry_msgs_generate_messages_nodejs
[  0%] Built target visualization_msgs_generate_messages_nodejs
[  0%] Built target uuid_msgs_generate_messages_py
[  0%] Built target roscpp_generate_messages_eus
[  0%] Built target roscpp_generate_messages_lisp
[  0%] Built target roscpp_generate_messages_nodejs
[  0%] Built target roscpp_generate_messages_py
[  0%] Built target _gazebo_sensor_collection_plugins_generate_messages_check_deps_EncoderData
[  0%] Built target rosgraph_msgs_generate_messages_cpp
[  0%] Built target rosgraph_msgs_generate_messages_eus
[  0%] Built target rosgraph_msgs_generate_messages_lisp
[  0%] Built target rosgraph_msgs_generate_messages_nodejs
[  0%] Built target rosgraph_msgs_generate_messages_py
[  0%] Built target std_msgs_generate_messages_cpp
[  0%] Built target std_msgs_generate_messages_eus
[  0%] Built target std_msgs_generate_messages_lisp
[  0%] Built target std_msgs_generate_messages_nodejs
[  0%] Built target std_msgs_generate_messages_py
[  0%] Built target sensor_msgs_generate_messages_cpp
[  0%] Built target sensor_msgs_generate_messages_eus
[  0%] Built target sensor_msgs_generate_messages_lisp
[  0%] Built target sensor_msgs_generate_messages_nodejs
[  0%] Built target sensor_msgs_generate_messages_py
[  0%] Built target std_srvs_generate_messages_cpp
[  0%] Built target std_srvs_generate_messages_eus
[  0%] Built target std_srvs_generate_messages_lisp
[  0%] Built target std_srvs_generate_messages_nodejs
[  0%] Built target std_srvs_generate_messages_py
[  0%] Built target dynamic_reconfigure_generate_messages_cpp
[  0%] Built target dynamic_reconfigure_generate_messages_eus
[  0%] Built target dynamic_reconfigure_generate_messages_lisp
[  0%] Built target dynamic_reconfigure_generate_messages_nodejs
[  0%] Built target dynamic_reconfigure_generate_messages_py
[  0%] Built target dynamic_reconfigure_gencfg
[  0%] Built target nav_msgs_generate_messages_cpp
[  0%] Built target nav_msgs_generate_messages_eus
[  0%] Built target nav_msgs_generate_messages_lisp
[  0%] Built target nav_msgs_generate_messages_nodejs
[  0%] Built target nav_msgs_generate_messages_py
[  0%] Built target actionlib_msgs_generate_messages_cpp
[  0%] Built target actionlib_msgs_generate_messages_eus
[  0%] Built target actionlib_msgs_generate_messages_lisp
[  0%] Built target actionlib_msgs_generate_messages_nodejs
[  0%] Built target actionlib_msgs_generate_messages_py
[  0%] Built target gazebo_plugins_gencfg
[  0%] Built target gazebo_msgs_generate_messages_cpp
[  0%] Built target gazebo_msgs_generate_messages_eus
[  0%] Built target gazebo_msgs_generate_messages_lisp
[  0%] Built target gazebo_msgs_generate_messages_nodejs
[  0%] Built target gazebo_msgs_generate_messages_py
[  0%] Built target trajectory_msgs_generate_messages_cpp
[  0%] Built target trajectory_msgs_generate_messages_eus
[  0%] Built target trajectory_msgs_generate_messages_lisp
[  0%] Built target trajectory_msgs_generate_messages_nodejs
[  0%] Built target trajectory_msgs_generate_messages_py
[  0%] Built target nodelet_generate_messages_cpp
[  0%] Built target nodelet_generate_messages_eus
[  0%] Built target nodelet_generate_messages_lisp
[  0%] Built target nodelet_generate_messages_nodejs
[  0%] Built target bond_generate_messages_cpp
[  0%] Built target nodelet_generate_messages_py
[  0%] Built target bond_generate_messages_eus
[  0%] Built target bond_generate_messages_lisp
[  0%] Built target bond_generate_messages_py
[  0%] Built target bond_generate_messages_nodejs
[  0%] Built target tf_generate_messages_cpp
[  0%] Built target tf_generate_messages_eus
[  0%] Built target tf_generate_messages_lisp
[  0%] Built target tf_generate_messages_nodejs
[  0%] Built target actionlib_generate_messages_cpp
[  0%] Built target tf_generate_messages_py
[  0%] Built target actionlib_generate_messages_eus
[  0%] Built target actionlib_generate_messages_lisp
[  0%] Built target actionlib_generate_messages_nodejs
[  0%] Built target actionlib_generate_messages_py
[  0%] Built target tf2_msgs_generate_messages_cpp
[  0%] Built target tf2_msgs_generate_messages_eus
[  0%] Built target tf2_msgs_generate_messages_lisp
[  0%] Built target tf2_msgs_generate_messages_nodejs
[  0%] Built target tf2_msgs_generate_messages_py
[  0%] Built target gazebo_ros_gencfg
[  0%] Built target hector_gazebo_plugins_generate_messages_cpp
[  0%] Built target hector_gazebo_plugins_generate_messages_eus
[  0%] Built target hector_gazebo_plugins_generate_messages_nodejs
[  0%] Built target hector_gazebo_plugins_generate_messages_lisp
[  0%] Built target hector_gazebo_plugins_generate_messages_py
[  0%] Built target hector_gazebo_plugins_gencfg
[  0%] Built target geographic_msgs_generate_messages_cpp
[  0%] Built target geographic_msgs_generate_messages_eus
[  0%] Built target geographic_msgs_generate_messages_lisp
[  0%] Built target geographic_msgs_generate_messages_py
[  0%] Built target geographic_msgs_generate_messages_nodejs
[  0%] Built target uuid_msgs_generate_messages_cpp
[  0%] Built target uuid_msgs_generate_messages_eus
[  0%] Built target uuid_msgs_generate_messages_nodejs
[  0%] Built target uuid_msgs_generate_messages_lisp
[ 16%] Built target gazebo_sensor_collection_plugins_generate_messages_py
[ 32%] Built target gazebo_sensor_collection_plugins_generate_messages_cpp
[ 61%] Built target gazebo_sensor_collection_plugins_generate_messages_lisp
[ 64%] Built target gazebo_sensor_collection_plugins_generate_messages_eus
[ 79%] Built target gazebo_sensor_collection_plugins_generate_messages_nodejs
[ 79%] Built target roscpp_generate_messages_cpp
[ 81%] [32mBuilding CXX object CMakeFiles/gazebo_ros_imu_mod.dir/plugins/motion/gazebo_ros_imu_mod.cpp.o[0m
[ 83%] [32mBuilding CXX object CMakeFiles/gazebo_ros_gps_with_dropout.dir/plugins/gps/gazebo_ros_gps_with_dropout.cpp.o[0m
[ 86%] Built target gazebo_ros_encoder
[ 89%] Built target gazebo_ros_skid_steer_w_encoder
[ 91%] [32mBuilding CXX object CMakeFiles/gazebo_ros_battery_simple.dir/plugins/misc/gazebo_ros_battery_simple.cpp.o[0m
[ 93%] [32mBuilding CXX object CMakeFiles/gazebo_ros_realsense.dir/plugins/vision/gazebo_ros_realsense.cpp.o[0m
In file included from [01m[K/opt/ros/noetic/include/ros/ros.h:40[m[K,
                 from [01m[K/home/mirte/NGR-Goose/mirte_ws/src/mirte-master-simulator/gazebo_sensor_collection/gazebo_sensor_collection_plugins/include/../include/misc/gazebo_ros_battery_simple.h:13[m[K,
                 from [01m[K/home/mirte/NGR-Goose/mirte_ws/src/mirte-master-simulator/gazebo_sensor_collection/gazebo_sensor_collection_plugins/plugins/misc/gazebo_ros_battery_simple.cpp:1[m[K:
[01m[K/home/mirte/NGR-Goose/mirte_ws/src/mirte-master-simulator/gazebo_sensor_collection/gazebo_sensor_collection_plugins/plugins/misc/gazebo_ros_battery_simple.cpp:[m[K In member function ‘[01m[Kvirtual void gazebo::SimpleBatteryPlugin::Load(gazebo::physics::ModelPtr, sdf::v9::ElementPtr)[m[K’:
[01m[K/home/mirte/NGR-Goose/mirte_ws/src/mirte-master-simulator/gazebo_sensor_collection/gazebo_sensor_collection_plugins/plugins/misc/gazebo_ros_battery_simple.cpp:80:43:[m[K [01;35m[Kwarning: [m[Kformat ‘[01m[K%f[m[K’ expects argument of type ‘[01m[Kdouble[m[K’, but argument 9 has type ‘[01m[Kstd::string[m[K’ {aka ‘[01m[Kstd::__cxx11::basic_string<char>[m[K’} [[01;35m[K-Wformat=[m[K]
   80 |           ROS_WARN_NAMED("SimpleBattery", [01;35m[K"SimpleBatteryPlugin Plugin (ns = %s) missing <batteryName>, defaults to value from robot_description: %f"[m[K,
      |                                           [01;35m[K^~~~~~~~~~~~~~~~~~~~~~~~~~~~~~~~~~~~~~~~~~~~~~~~~~~~~~~~~~~~~~~~~~~~~~~~~~~~~~~~~~~~~~~~~~~~~~~~~~~~~~~~~~[m[K
[01m[K/home/mirte/NGR-Goose/mirte_ws/src/mirte-master-simulator/gazebo_sensor_collection/gazebo_sensor_collection_plugins/plugins/misc/gazebo_ros_battery_simple.cpp:80:147:[m[K [01;36m[Knote: [m[Kformat string is defined here
   80 |           ROS_WARN_NAMED("SimpleBattery", "SimpleBatteryPlugin Plugin (ns = %s) missing <batteryName>, defaults to value from robot_description: [01;36m[K%f[m[K",
      |                                                                                                                                                  [01;36m[K~^[m[K
      |                                                                                                                                                   [01;36m[K|[m[K
      |                                                                                                                                                   [01;36m[Kdouble[m[K
[ 94%] [32m[1mLinking CXX shared library /home/mirte/NGR-Goose/mirte_ws/devel/.private/gazebo_sensor_collection_plugins/lib/libgazebo_ros_battery_simple.so[0m
[ 94%] Built target gazebo_ros_battery_simple
[ 94%] Built target gazebo_sensor_collection_plugins_generate_messages
In file included from [01m[K/home/mirte/NGR-Goose/mirte_ws/src/mirte-master-simulator/gazebo_sensor_collection/gazebo_sensor_collection_plugins/plugins/gps/gazebo_ros_gps_with_dropout.cpp:29[m[K:
[01m[K/home/mirte/NGR-Goose/mirte_ws/src/mirte-master-simulator/gazebo_sensor_collection/gazebo_sensor_collection_plugins/include/../include/gps/gazebo_ros_gps_with_dropout.h:[m[K In member function ‘[01m[Kbool gazebo::PeriodicNoiseBox::contains(double, double, float)[m[K’:
[01m[K/home/mirte/NGR-Goose/mirte_ws/src/mirte-master-simulator/gazebo_sensor_collection/gazebo_sensor_collection_plugins/include/../include/gps/gazebo_ros_gps_with_dropout.h:111:2:[m[K [01;35m[Kwarning: [m[Kno return statement in function returning non-void [[01;35m[K-Wreturn-type[m[K]
  111 |  [01;35m[K}[m[K;
      |  [01;35m[K^[m[K
[ 96%] [32m[1mLinking CXX shared library /home/mirte/NGR-Goose/mirte_ws/devel/.private/gazebo_sensor_collection_plugins/lib/libgazebo_ros_realsense.so[0m
[ 96%] Built target gazebo_ros_realsense
[ 98%] [32m[1mLinking CXX shared library /home/mirte/NGR-Goose/mirte_ws/devel/.private/gazebo_sensor_collection_plugins/lib/libgazebo_ros_imu_mod.so[0m
[100%] [32m[1mLinking CXX shared library /home/mirte/NGR-Goose/mirte_ws/devel/.private/gazebo_sensor_collection_plugins/lib/libgazebo_ros_gps_with_dropout.so[0m
[100%] Built target gazebo_ros_imu_mod
[100%] Built target gazebo_ros_gps_with_dropout
