Linked: (/home/mirte/NGR-Goose/mirte_ws/devel/.private/gazebo_sensor_collection_plugins/include/gazebo_sensor_collection_plugins/OrientationSensorData.h, /home/mirte/NGR-Goose/mirte_ws/devel/include/gazebo_sensor_collection_plugins/OrientationSensorData.h)
Linked: (/home/mirte/NGR-Goose/mirte_ws/devel/.private/gazebo_sensor_collection_plugins/include/gazebo_sensor_collection_plugins/GpsData.h, /home/mirte/NGR-Goose/mirte_ws/devel/include/gazebo_sensor_collection_plugins/GpsData.h)
Linked: (/home/mirte/NGR-Goose/mirte_ws/devel/.private/gazebo_sensor_collection_plugins/include/gazebo_sensor_collection_plugins/SensorData3D.h, /home/mirte/NGR-Goose/mirte_ws/devel/include/gazebo_sensor_collection_plugins/SensorData3D.h)
Linked: (/home/mirte/NGR-Goose/mirte_ws/devel/.private/gazebo_sensor_collection_plugins/include/gazebo_sensor_collection_plugins/BatteryData.h, /home/mirte/NGR-Goose/mirte_ws/devel/include/gazebo_sensor_collection_plugins/BatteryData.h)
Linked: (/home/mirte/NGR-Goose/mirte_ws/devel/.private/gazebo_sensor_collection_plugins/include/gazebo_sensor_collection_plugins/DataXYZ.h, /home/mirte/NGR-Goose/mirte_ws/devel/include/gazebo_sensor_collection_plugins/DataXYZ.h)
Linked: (/home/mirte/NGR-Goose/mirte_ws/devel/.private/gazebo_sensor_collection_plugins/include/gazebo_sensor_collection_plugins/QuaternionData.h, /home/mirte/NGR-Goose/mirte_ws/devel/include/gazebo_sensor_collection_plugins/QuaternionData.h)
Linked: (/home/mirte/NGR-Goose/mirte_ws/devel/.private/gazebo_sensor_collection_plugins/include/gazebo_sensor_collection_plugins/EulerData.h, /home/mirte/NGR-Goose/mirte_ws/devel/include/gazebo_sensor_collection_plugins/EulerData.h)
Linked: (/home/mirte/NGR-Goose/mirte_ws/devel/.private/gazebo_sensor_collection_plugins/include/gazebo_sensor_collection_plugins/ImuData.h, /home/mirte/NGR-Goose/mirte_ws/devel/include/gazebo_sensor_collection_plugins/ImuData.h)
Linked: (/home/mirte/NGR-Goose/mirte_ws/devel/.private/gazebo_sensor_collection_plugins/include/gazebo_sensor_collection_plugins/EncoderData.h, /home/mirte/NGR-Goose/mirte_ws/devel/include/gazebo_sensor_collection_plugins/EncoderData.h)
Linked: (/home/mirte/NGR-Goose/mirte_ws/devel/.private/gazebo_sensor_collection_plugins/share/roseus/ros/gazebo_sensor_collection_plugins/manifest.l, /home/mirte/NGR-Goose/mirte_ws/devel/share/roseus/ros/gazebo_sensor_collection_plugins/manifest.l)
Linked: (/home/mirte/NGR-Goose/mirte_ws/devel/.private/gazebo_sensor_collection_plugins/share/roseus/ros/gazebo_sensor_collection_plugins/msg/QuaternionData.l, /home/mirte/NGR-Goose/mirte_ws/devel/share/roseus/ros/gazebo_sensor_collection_plugins/msg/QuaternionData.l)
Linked: (/home/mirte/NGR-Goose/mirte_ws/devel/.private/gazebo_sensor_collection_plugins/share/roseus/ros/gazebo_sensor_collection_plugins/msg/GpsData.l, /home/mirte/NGR-Goose/mirte_ws/devel/share/roseus/ros/gazebo_sensor_collection_plugins/msg/GpsData.l)
Linked: (/home/mirte/NGR-Goose/mirte_ws/devel/.private/gazebo_sensor_collection_plugins/share/roseus/ros/gazebo_sensor_collection_plugins/msg/SensorData3D.l, /home/mirte/NGR-Goose/mirte_ws/devel/share/roseus/ros/gazebo_sensor_collection_plugins/msg/SensorData3D.l)
Linked: (/home/mirte/NGR-Goose/mirte_ws/devel/.private/gazebo_sensor_collection_plugins/share/roseus/ros/gazebo_sensor_collection_plugins/msg/BatteryData.l, /home/mirte/NGR-Goose/mirte_ws/devel/share/roseus/ros/gazebo_sensor_collection_plugins/msg/BatteryData.l)
Linked: (/home/mirte/NGR-Goose/mirte_ws/devel/.private/gazebo_sensor_collection_plugins/share/roseus/ros/gazebo_sensor_collection_plugins/msg/EulerData.l, /home/mirte/NGR-Goose/mirte_ws/devel/share/roseus/ros/gazebo_sensor_collection_plugins/msg/EulerData.l)
Linked: (/home/mirte/NGR-Goose/mirte_ws/devel/.private/gazebo_sensor_collection_plugins/share/roseus/ros/gazebo_sensor_collection_plugins/msg/OrientationSensorData.l, /home/mirte/NGR-Goose/mirte_ws/devel/share/roseus/ros/gazebo_sensor_collection_plugins/msg/OrientationSensorData.l)
Linked: (/home/mirte/NGR-Goose/mirte_ws/devel/.private/gazebo_sensor_collection_plugins/share/roseus/ros/gazebo_sensor_collection_plugins/msg/ImuData.l, /home/mirte/NGR-Goose/mirte_ws/devel/share/roseus/ros/gazebo_sensor_collection_plugins/msg/ImuData.l)
Linked: (/home/mirte/NGR-Goose/mirte_ws/devel/.private/gazebo_sensor_collection_plugins/share/roseus/ros/gazebo_sensor_collection_plugins/msg/EncoderData.l, /home/mirte/NGR-Goose/mirte_ws/devel/share/roseus/ros/gazebo_sensor_collection_plugins/msg/EncoderData.l)
Linked: (/home/mirte/NGR-Goose/mirte_ws/devel/.private/gazebo_sensor_collection_plugins/share/roseus/ros/gazebo_sensor_collection_plugins/msg/DataXYZ.l, /home/mirte/NGR-Goose/mirte_ws/devel/share/roseus/ros/gazebo_sensor_collection_plugins/msg/DataXYZ.l)
Linked: (/home/mirte/NGR-Goose/mirte_ws/devel/.private/gazebo_sensor_collection_plugins/share/gennodejs/ros/gazebo_sensor_collection_plugins/_index.js, /home/mirte/NGR-Goose/mirte_ws/devel/share/gennodejs/ros/gazebo_sensor_collection_plugins/_index.js)
Linked: (/home/mirte/NGR-Goose/mirte_ws/devel/.private/gazebo_sensor_collection_plugins/share/gennodejs/ros/gazebo_sensor_collection_plugins/msg/QuaternionData.js, /home/mirte/NGR-Goose/mirte_ws/devel/share/gennodejs/ros/gazebo_sensor_collection_plugins/msg/QuaternionData.js)
Linked: (/home/mirte/NGR-Goose/mirte_ws/devel/.private/gazebo_sensor_collection_plugins/share/gennodejs/ros/gazebo_sensor_collection_plugins/msg/DataXYZ.js, /home/mirte/NGR-Goose/mirte_ws/devel/share/gennodejs/ros/gazebo_sensor_collection_plugins/msg/DataXYZ.js)
Linked: (/home/mirte/NGR-Goose/mirte_ws/devel/.private/gazebo_sensor_collection_plugins/share/gennodejs/ros/gazebo_sensor_collection_plugins/msg/SensorData3D.js, /home/mirte/NGR-Goose/mirte_ws/devel/share/gennodejs/ros/gazebo_sensor_collection_plugins/msg/SensorData3D.js)
Linked: (/home/mirte/NGR-Goose/mirte_ws/devel/.private/gazebo_sensor_collection_plugins/share/gennodejs/ros/gazebo_sensor_collection_plugins/msg/_index.js, /home/mirte/NGR-Goose/mirte_ws/devel/share/gennodejs/ros/gazebo_sensor_collection_plugins/msg/_index.js)
Linked: (/home/mirte/NGR-Goose/mirte_ws/devel/.private/gazebo_sensor_collection_plugins/share/gennodejs/ros/gazebo_sensor_collection_plugins/msg/EncoderData.js, /home/mirte/NGR-Goose/mirte_ws/devel/share/gennodejs/ros/gazebo_sensor_collection_plugins/msg/EncoderData.js)
Linked: (/home/mirte/NGR-Goose/mirte_ws/devel/.private/gazebo_sensor_collection_plugins/share/gennodejs/ros/gazebo_sensor_collection_plugins/msg/ImuData.js, /home/mirte/NGR-Goose/mirte_ws/devel/share/gennodejs/ros/gazebo_sensor_collection_plugins/msg/ImuData.js)
Linked: (/home/mirte/NGR-Goose/mirte_ws/devel/.private/gazebo_sensor_collection_plugins/share/gennodejs/ros/gazebo_sensor_collection_plugins/msg/GpsData.js, /home/mirte/NGR-Goose/mirte_ws/devel/share/gennodejs/ros/gazebo_sensor_collection_plugins/msg/GpsData.js)
Linked: (/home/mirte/NGR-Goose/mirte_ws/devel/.private/gazebo_sensor_collection_plugins/share/gennodejs/ros/gazebo_sensor_collection_plugins/msg/OrientationSensorData.js, /home/mirte/NGR-Goose/mirte_ws/devel/share/gennodejs/ros/gazebo_sensor_collection_plugins/msg/OrientationSensorData.js)
Linked: (/home/mirte/NGR-Goose/mirte_ws/devel/.private/gazebo_sensor_collection_plugins/share/gennodejs/ros/gazebo_sensor_collection_plugins/msg/BatteryData.js, /home/mirte/NGR-Goose/mirte_ws/devel/share/gennodejs/ros/gazebo_sensor_collection_plugins/msg/BatteryData.js)
Linked: (/home/mirte/NGR-Goose/mirte_ws/devel/.private/gazebo_sensor_collection_plugins/share/gennodejs/ros/gazebo_sensor_collection_plugins/msg/EulerData.js, /home/mirte/NGR-Goose/mirte_ws/devel/share/gennodejs/ros/gazebo_sensor_collection_plugins/msg/EulerData.js)
Linked: (/home/mirte/NGR-Goose/mirte_ws/devel/.private/gazebo_sensor_collection_plugins/share/gazebo_sensor_collection_plugins/cmake/gazebo_sensor_collection_plugins-msg-paths.cmake, /home/mirte/NGR-Goose/mirte_ws/devel/share/gazebo_sensor_collection_plugins/cmake/gazebo_sensor_collection_plugins-msg-paths.cmake)
Linked: (/home/mirte/NGR-Goose/mirte_ws/devel/.private/gazebo_sensor_collection_plugins/share/gazebo_sensor_collection_plugins/cmake/gazebo_sensor_collection_plugins-msg-extras.cmake, /home/mirte/NGR-Goose/mirte_ws/devel/share/gazebo_sensor_collection_plugins/cmake/gazebo_sensor_collection_plugins-msg-extras.cmake)
Linked: (/home/mirte/NGR-Goose/mirte_ws/devel/.private/gazebo_sensor_collection_plugins/share/gazebo_sensor_collection_plugins/cmake/gazebo_sensor_collection_pluginsConfig-version.cmake, /home/mirte/NGR-Goose/mirte_ws/devel/share/gazebo_sensor_collection_plugins/cmake/gazebo_sensor_collection_pluginsConfig-version.cmake)
Linked: (/home/mirte/NGR-Goose/mirte_ws/devel/.private/gazebo_sensor_collection_plugins/share/gazebo_sensor_collection_plugins/cmake/gazebo_sensor_collection_pluginsConfig.cmake, /home/mirte/NGR-Goose/mirte_ws/devel/share/gazebo_sensor_collection_plugins/cmake/gazebo_sensor_collection_pluginsConfig.cmake)
Linked: (/home/mirte/NGR-Goose/mirte_ws/devel/.private/gazebo_sensor_collection_plugins/share/common-lisp/ros/gazebo_sensor_collection_plugins/msg/SensorData3D.lisp, /home/mirte/NGR-Goose/mirte_ws/devel/share/common-lisp/ros/gazebo_sensor_collection_plugins/msg/SensorData3D.lisp)
Linked: (/home/mirte/NGR-Goose/mirte_ws/devel/.private/gazebo_sensor_collection_plugins/share/common-lisp/ros/gazebo_sensor_collection_plugins/msg/_package_EncoderData.lisp, /home/mirte/NGR-Goose/mirte_ws/devel/share/common-lisp/ros/gazebo_sensor_collection_plugins/msg/_package_EncoderData.lisp)
Linked: (/home/mirte/NGR-Goose/mirte_ws/devel/.private/gazebo_sensor_collection_plugins/share/common-lisp/ros/gazebo_sensor_collection_plugins/msg/DataXYZ.lisp, /home/mirte/NGR-Goose/mirte_ws/devel/share/common-lisp/ros/gazebo_sensor_collection_plugins/msg/DataXYZ.lisp)
Linked: (/home/mirte/NGR-Goose/mirte_ws/devel/.private/gazebo_sensor_collection_plugins/share/common-lisp/ros/gazebo_sensor_collection_plugins/msg/_package_SensorData3D.lisp, /home/mirte/NGR-Goose/mirte_ws/devel/share/common-lisp/ros/gazebo_sensor_collection_plugins/msg/_package_SensorData3D.lisp)
Linked: (/home/mirte/NGR-Goose/mirte_ws/devel/.private/gazebo_sensor_collection_plugins/share/common-lisp/ros/gazebo_sensor_collection_plugins/msg/GpsData.lisp, /home/mirte/NGR-Goose/mirte_ws/devel/share/common-lisp/ros/gazebo_sensor_collection_plugins/msg/GpsData.lisp)
Linked: (/home/mirte/NGR-Goose/mirte_ws/devel/.private/gazebo_sensor_collection_plugins/share/common-lisp/ros/gazebo_sensor_collection_plugins/msg/_package_EulerData.lisp, /home/mirte/NGR-Goose/mirte_ws/devel/share/common-lisp/ros/gazebo_sensor_collection_plugins/msg/_package_EulerData.lisp)
Linked: (/home/mirte/NGR-Goose/mirte_ws/devel/.private/gazebo_sensor_collection_plugins/share/common-lisp/ros/gazebo_sensor_collection_plugins/msg/gazebo_sensor_collection_plugins-msg.asd, /home/mirte/NGR-Goose/mirte_ws/devel/share/common-lisp/ros/gazebo_sensor_collection_plugins/msg/gazebo_sensor_collection_plugins-msg.asd)
Linked: (/home/mirte/NGR-Goose/mirte_ws/devel/.private/gazebo_sensor_collection_plugins/share/common-lisp/ros/gazebo_sensor_collection_plugins/msg/_package_OrientationSensorData.lisp, /home/mirte/NGR-Goose/mirte_ws/devel/share/common-lisp/ros/gazebo_sensor_collection_plugins/msg/_package_OrientationSensorData.lisp)
Linked: (/home/mirte/NGR-Goose/mirte_ws/devel/.private/gazebo_sensor_collection_plugins/share/common-lisp/ros/gazebo_sensor_collection_plugins/msg/OrientationSensorData.lisp, /home/mirte/NGR-Goose/mirte_ws/devel/share/common-lisp/ros/gazebo_sensor_collection_plugins/msg/OrientationSensorData.lisp)
Linked: (/home/mirte/NGR-Goose/mirte_ws/devel/.private/gazebo_sensor_collection_plugins/share/common-lisp/ros/gazebo_sensor_collection_plugins/msg/_package.lisp, /home/mirte/NGR-Goose/mirte_ws/devel/share/common-lisp/ros/gazebo_sensor_collection_plugins/msg/_package.lisp)
Linked: (/home/mirte/NGR-Goose/mirte_ws/devel/.private/gazebo_sensor_collection_plugins/share/common-lisp/ros/gazebo_sensor_collection_plugins/msg/_package_DataXYZ.lisp, /home/mirte/NGR-Goose/mirte_ws/devel/share/common-lisp/ros/gazebo_sensor_collection_plugins/msg/_package_DataXYZ.lisp)
Linked: (/home/mirte/NGR-Goose/mirte_ws/devel/.private/gazebo_sensor_collection_plugins/share/common-lisp/ros/gazebo_sensor_collection_plugins/msg/_package_BatteryData.lisp, /home/mirte/NGR-Goose/mirte_ws/devel/share/common-lisp/ros/gazebo_sensor_collection_plugins/msg/_package_BatteryData.lisp)
Linked: (/home/mirte/NGR-Goose/mirte_ws/devel/.private/gazebo_sensor_collection_plugins/share/common-lisp/ros/gazebo_sensor_collection_plugins/msg/BatteryData.lisp, /home/mirte/NGR-Goose/mirte_ws/devel/share/common-lisp/ros/gazebo_sensor_collection_plugins/msg/BatteryData.lisp)
Linked: (/home/mirte/NGR-Goose/mirte_ws/devel/.private/gazebo_sensor_collection_plugins/share/common-lisp/ros/gazebo_sensor_collection_plugins/msg/_package_GpsData.lisp, /home/mirte/NGR-Goose/mirte_ws/devel/share/common-lisp/ros/gazebo_sensor_collection_plugins/msg/_package_GpsData.lisp)
Linked: (/home/mirte/NGR-Goose/mirte_ws/devel/.private/gazebo_sensor_collection_plugins/share/common-lisp/ros/gazebo_sensor_collection_plugins/msg/QuaternionData.lisp, /home/mirte/NGR-Goose/mirte_ws/devel/share/common-lisp/ros/gazebo_sensor_collection_plugins/msg/QuaternionData.lisp)
Linked: (/home/mirte/NGR-Goose/mirte_ws/devel/.private/gazebo_sensor_collection_plugins/share/common-lisp/ros/gazebo_sensor_collection_plugins/msg/EncoderData.lisp, /home/mirte/NGR-Goose/mirte_ws/devel/share/common-lisp/ros/gazebo_sensor_collection_plugins/msg/EncoderData.lisp)
Linked: (/home/mirte/NGR-Goose/mirte_ws/devel/.private/gazebo_sensor_collection_plugins/share/common-lisp/ros/gazebo_sensor_collection_plugins/msg/ImuData.lisp, /home/mirte/NGR-Goose/mirte_ws/devel/share/common-lisp/ros/gazebo_sensor_collection_plugins/msg/ImuData.lisp)
Linked: (/home/mirte/NGR-Goose/mirte_ws/devel/.private/gazebo_sensor_collection_plugins/share/common-lisp/ros/gazebo_sensor_collection_plugins/msg/_package_ImuData.lisp, /home/mirte/NGR-Goose/mirte_ws/devel/share/common-lisp/ros/gazebo_sensor_collection_plugins/msg/_package_ImuData.lisp)
Linked: (/home/mirte/NGR-Goose/mirte_ws/devel/.private/gazebo_sensor_collection_plugins/share/common-lisp/ros/gazebo_sensor_collection_plugins/msg/EulerData.lisp, /home/mirte/NGR-Goose/mirte_ws/devel/share/common-lisp/ros/gazebo_sensor_collection_plugins/msg/EulerData.lisp)
Linked: (/home/mirte/NGR-Goose/mirte_ws/devel/.private/gazebo_sensor_collection_plugins/share/common-lisp/ros/gazebo_sensor_collection_plugins/msg/_package_QuaternionData.lisp, /home/mirte/NGR-Goose/mirte_ws/devel/share/common-lisp/ros/gazebo_sensor_collection_plugins/msg/_package_QuaternionData.lisp)
Linked: (/home/mirte/NGR-Goose/mirte_ws/devel/.private/gazebo_sensor_collection_plugins/lib/libgazebo_ros_gps_with_dropout.so, /home/mirte/NGR-Goose/mirte_ws/devel/lib/libgazebo_ros_gps_with_dropout.so)
Linked: (/home/mirte/NGR-Goose/mirte_ws/devel/.private/gazebo_sensor_collection_plugins/lib/libgazebo_ros_imu_mod.so, /home/mirte/NGR-Goose/mirte_ws/devel/lib/libgazebo_ros_imu_mod.so)
Linked: (/home/mirte/NGR-Goose/mirte_ws/devel/.private/gazebo_sensor_collection_plugins/lib/libgazebo_ros_encoder.so, /home/mirte/NGR-Goose/mirte_ws/devel/lib/libgazebo_ros_encoder.so)
Linked: (/home/mirte/NGR-Goose/mirte_ws/devel/.private/gazebo_sensor_collection_plugins/lib/libgazebo_ros_realsense.so, /home/mirte/NGR-Goose/mirte_ws/devel/lib/libgazebo_ros_realsense.so)
Linked: (/home/mirte/NGR-Goose/mirte_ws/devel/.private/gazebo_sensor_collection_plugins/lib/libgazebo_ros_skid_steer_w_encoder.so, /home/mirte/NGR-Goose/mirte_ws/devel/lib/libgazebo_ros_skid_steer_w_encoder.so)
Linked: (/home/mirte/NGR-Goose/mirte_ws/devel/.private/gazebo_sensor_collection_plugins/lib/libgazebo_ros_battery_simple.so, /home/mirte/NGR-Goose/mirte_ws/devel/lib/libgazebo_ros_battery_simple.so)
Linked: (/home/mirte/NGR-Goose/mirte_ws/devel/.private/gazebo_sensor_collection_plugins/lib/python3/dist-packages/gazebo_sensor_collection_plugins/__init__.py, /home/mirte/NGR-Goose/mirte_ws/devel/lib/python3/dist-packages/gazebo_sensor_collection_plugins/__init__.py)
Linked: (/home/mirte/NGR-Goose/mirte_ws/devel/.private/gazebo_sensor_collection_plugins/lib/python3/dist-packages/gazebo_sensor_collection_plugins/msg/_QuaternionData.py, /home/mirte/NGR-Goose/mirte_ws/devel/lib/python3/dist-packages/gazebo_sensor_collection_plugins/msg/_QuaternionData.py)
Linked: (/home/mirte/NGR-Goose/mirte_ws/devel/.private/gazebo_sensor_collection_plugins/lib/python3/dist-packages/gazebo_sensor_collection_plugins/msg/_BatteryData.py, /home/mirte/NGR-Goose/mirte_ws/devel/lib/python3/dist-packages/gazebo_sensor_collection_plugins/msg/_BatteryData.py)
Linked: (/home/mirte/NGR-Goose/mirte_ws/devel/.private/gazebo_sensor_collection_plugins/lib/python3/dist-packages/gazebo_sensor_collection_plugins/msg/_EulerData.py, /home/mirte/NGR-Goose/mirte_ws/devel/lib/python3/dist-packages/gazebo_sensor_collection_plugins/msg/_EulerData.py)
Linked: (/home/mirte/NGR-Goose/mirte_ws/devel/.private/gazebo_sensor_collection_plugins/lib/python3/dist-packages/gazebo_sensor_collection_plugins/msg/_EncoderData.py, /home/mirte/NGR-Goose/mirte_ws/devel/lib/python3/dist-packages/gazebo_sensor_collection_plugins/msg/_EncoderData.py)
Linked: (/home/mirte/NGR-Goose/mirte_ws/devel/.private/gazebo_sensor_collection_plugins/lib/python3/dist-packages/gazebo_sensor_collection_plugins/msg/_SensorData3D.py, /home/mirte/NGR-Goose/mirte_ws/devel/lib/python3/dist-packages/gazebo_sensor_collection_plugins/msg/_SensorData3D.py)
Linked: (/home/mirte/NGR-Goose/mirte_ws/devel/.private/gazebo_sensor_collection_plugins/lib/python3/dist-packages/gazebo_sensor_collection_plugins/msg/_DataXYZ.py, /home/mirte/NGR-Goose/mirte_ws/devel/lib/python3/dist-packages/gazebo_sensor_collection_plugins/msg/_DataXYZ.py)
Linked: (/home/mirte/NGR-Goose/mirte_ws/devel/.private/gazebo_sensor_collection_plugins/lib/python3/dist-packages/gazebo_sensor_collection_plugins/msg/_OrientationSensorData.py, /home/mirte/NGR-Goose/mirte_ws/devel/lib/python3/dist-packages/gazebo_sensor_collection_plugins/msg/_OrientationSensorData.py)
Linked: (/home/mirte/NGR-Goose/mirte_ws/devel/.private/gazebo_sensor_collection_plugins/lib/python3/dist-packages/gazebo_sensor_collection_plugins/msg/_ImuData.py, /home/mirte/NGR-Goose/mirte_ws/devel/lib/python3/dist-packages/gazebo_sensor_collection_plugins/msg/_ImuData.py)
Linked: (/home/mirte/NGR-Goose/mirte_ws/devel/.private/gazebo_sensor_collection_plugins/lib/python3/dist-packages/gazebo_sensor_collection_plugins/msg/_GpsData.py, /home/mirte/NGR-Goose/mirte_ws/devel/lib/python3/dist-packages/gazebo_sensor_collection_plugins/msg/_GpsData.py)
Linked: (/home/mirte/NGR-Goose/mirte_ws/devel/.private/gazebo_sensor_collection_plugins/lib/python3/dist-packages/gazebo_sensor_collection_plugins/msg/__init__.py, /home/mirte/NGR-Goose/mirte_ws/devel/lib/python3/dist-packages/gazebo_sensor_collection_plugins/msg/__init__.py)
Linked: (/home/mirte/NGR-Goose/mirte_ws/devel/.private/gazebo_sensor_collection_plugins/lib/pkgconfig/gazebo_sensor_collection_plugins.pc, /home/mirte/NGR-Goose/mirte_ws/devel/lib/pkgconfig/gazebo_sensor_collection_plugins.pc)
