Symlinking /home/mirte/NGR-Goose/mirte_ws/devel/include/gazebo_sensor_collection_plugins/OrientationSensorData.h
Symlinking /home/mirte/NGR-Goose/mirte_ws/devel/include/gazebo_sensor_collection_plugins/GpsData.h
Symlinking /home/mirte/NGR-Goose/mirte_ws/devel/include/gazebo_sensor_collection_plugins/SensorData3D.h
Symlinking /home/mirte/NGR-Goose/mirte_ws/devel/include/gazebo_sensor_collection_plugins/BatteryData.h
Symlinking /home/mirte/NGR-Goose/mirte_ws/devel/include/gazebo_sensor_collection_plugins/DataXYZ.h
Symlinking /home/mirte/NGR-Goose/mirte_ws/devel/include/gazebo_sensor_collection_plugins/QuaternionData.h
Symlinking /home/mirte/NGR-Goose/mirte_ws/devel/include/gazebo_sensor_collection_plugins/EulerData.h
Symlinking /home/mirte/NGR-Goose/mirte_ws/devel/include/gazebo_sensor_collection_plugins/ImuData.h
Symlinking /home/mirte/NGR-Goose/mirte_ws/devel/include/gazebo_sensor_collection_plugins/EncoderData.h
Symlinking /home/mirte/NGR-Goose/mirte_ws/devel/share/roseus/ros/gazebo_sensor_collection_plugins/manifest.l
Symlinking /home/mirte/NGR-Goose/mirte_ws/devel/share/roseus/ros/gazebo_sensor_collection_plugins/msg/QuaternionData.l
Symlinking /home/mirte/NGR-Goose/mirte_ws/devel/share/roseus/ros/gazebo_sensor_collection_plugins/msg/GpsData.l
Symlinking /home/mirte/NGR-Goose/mirte_ws/devel/share/roseus/ros/gazebo_sensor_collection_plugins/msg/SensorData3D.l
Symlinking /home/mirte/NGR-Goose/mirte_ws/devel/share/roseus/ros/gazebo_sensor_collection_plugins/msg/BatteryData.l
Symlinking /home/mirte/NGR-Goose/mirte_ws/devel/share/roseus/ros/gazebo_sensor_collection_plugins/msg/EulerData.l
Symlinking /home/mirte/NGR-Goose/mirte_ws/devel/share/roseus/ros/gazebo_sensor_collection_plugins/msg/OrientationSensorData.l
Symlinking /home/mirte/NGR-Goose/mirte_ws/devel/share/roseus/ros/gazebo_sensor_collection_plugins/msg/ImuData.l
Symlinking /home/mirte/NGR-Goose/mirte_ws/devel/share/roseus/ros/gazebo_sensor_collection_plugins/msg/EncoderData.l
Symlinking /home/mirte/NGR-Goose/mirte_ws/devel/share/roseus/ros/gazebo_sensor_collection_plugins/msg/DataXYZ.l
Symlinking /home/mirte/NGR-Goose/mirte_ws/devel/share/gennodejs/ros/gazebo_sensor_collection_plugins/_index.js
Symlinking /home/mirte/NGR-Goose/mirte_ws/devel/share/gennodejs/ros/gazebo_sensor_collection_plugins/msg/QuaternionData.js
Symlinking /home/mirte/NGR-Goose/mirte_ws/devel/share/gennodejs/ros/gazebo_sensor_collection_plugins/msg/DataXYZ.js
Symlinking /home/mirte/NGR-Goose/mirte_ws/devel/share/gennodejs/ros/gazebo_sensor_collection_plugins/msg/SensorData3D.js
Symlinking /home/mirte/NGR-Goose/mirte_ws/devel/share/gennodejs/ros/gazebo_sensor_collection_plugins/msg/_index.js
Symlinking /home/mirte/NGR-Goose/mirte_ws/devel/share/gennodejs/ros/gazebo_sensor_collection_plugins/msg/EncoderData.js
Symlinking /home/mirte/NGR-Goose/mirte_ws/devel/share/gennodejs/ros/gazebo_sensor_collection_plugins/msg/ImuData.js
Symlinking /home/mirte/NGR-Goose/mirte_ws/devel/share/gennodejs/ros/gazebo_sensor_collection_plugins/msg/GpsData.js
Symlinking /home/mirte/NGR-Goose/mirte_ws/devel/share/gennodejs/ros/gazebo_sensor_collection_plugins/msg/OrientationSensorData.js
Symlinking /home/mirte/NGR-Goose/mirte_ws/devel/share/gennodejs/ros/gazebo_sensor_collection_plugins/msg/BatteryData.js
Symlinking /home/mirte/NGR-Goose/mirte_ws/devel/share/gennodejs/ros/gazebo_sensor_collection_plugins/msg/EulerData.js
Symlinking /home/mirte/NGR-Goose/mirte_ws/devel/share/gazebo_sensor_collection_plugins/cmake/gazebo_sensor_collection_plugins-msg-paths.cmake
Symlinking /home/mirte/NGR-Goose/mirte_ws/devel/share/gazebo_sensor_collection_plugins/cmake/gazebo_sensor_collection_plugins-msg-extras.cmake
Symlinking /home/mirte/NGR-Goose/mirte_ws/devel/share/gazebo_sensor_collection_plugins/cmake/gazebo_sensor_collection_pluginsConfig-version.cmake
Symlinking /home/mirte/NGR-Goose/mirte_ws/devel/share/gazebo_sensor_collection_plugins/cmake/gazebo_sensor_collection_pluginsConfig.cmake
Symlinking /home/mirte/NGR-Goose/mirte_ws/devel/share/common-lisp/ros/gazebo_sensor_collection_plugins/msg/SensorData3D.lisp
Symlinking /home/mirte/NGR-Goose/mirte_ws/devel/share/common-lisp/ros/gazebo_sensor_collection_plugins/msg/_package_EncoderData.lisp
Symlinking /home/mirte/NGR-Goose/mirte_ws/devel/share/common-lisp/ros/gazebo_sensor_collection_plugins/msg/DataXYZ.lisp
Symlinking /home/mirte/NGR-Goose/mirte_ws/devel/share/common-lisp/ros/gazebo_sensor_collection_plugins/msg/_package_SensorData3D.lisp
Symlinking /home/mirte/NGR-Goose/mirte_ws/devel/share/common-lisp/ros/gazebo_sensor_collection_plugins/msg/GpsData.lisp
Symlinking /home/mirte/NGR-Goose/mirte_ws/devel/share/common-lisp/ros/gazebo_sensor_collection_plugins/msg/_package_EulerData.lisp
Symlinking /home/mirte/NGR-Goose/mirte_ws/devel/share/common-lisp/ros/gazebo_sensor_collection_plugins/msg/gazebo_sensor_collection_plugins-msg.asd
Symlinking /home/mirte/NGR-Goose/mirte_ws/devel/share/common-lisp/ros/gazebo_sensor_collection_plugins/msg/_package_OrientationSensorData.lisp
Symlinking /home/mirte/NGR-Goose/mirte_ws/devel/share/common-lisp/ros/gazebo_sensor_collection_plugins/msg/OrientationSensorData.lisp
Symlinking /home/mirte/NGR-Goose/mirte_ws/devel/share/common-lisp/ros/gazebo_sensor_collection_plugins/msg/_package.lisp
Symlinking /home/mirte/NGR-Goose/mirte_ws/devel/share/common-lisp/ros/gazebo_sensor_collection_plugins/msg/_package_DataXYZ.lisp
Symlinking /home/mirte/NGR-Goose/mirte_ws/devel/share/common-lisp/ros/gazebo_sensor_collection_plugins/msg/_package_BatteryData.lisp
Symlinking /home/mirte/NGR-Goose/mirte_ws/devel/share/common-lisp/ros/gazebo_sensor_collection_plugins/msg/BatteryData.lisp
Symlinking /home/mirte/NGR-Goose/mirte_ws/devel/share/common-lisp/ros/gazebo_sensor_collection_plugins/msg/_package_GpsData.lisp
Symlinking /home/mirte/NGR-Goose/mirte_ws/devel/share/common-lisp/ros/gazebo_sensor_collection_plugins/msg/QuaternionData.lisp
Symlinking /home/mirte/NGR-Goose/mirte_ws/devel/share/common-lisp/ros/gazebo_sensor_collection_plugins/msg/EncoderData.lisp
Symlinking /home/mirte/NGR-Goose/mirte_ws/devel/share/common-lisp/ros/gazebo_sensor_collection_plugins/msg/ImuData.lisp
Symlinking /home/mirte/NGR-Goose/mirte_ws/devel/share/common-lisp/ros/gazebo_sensor_collection_plugins/msg/_package_ImuData.lisp
Symlinking /home/mirte/NGR-Goose/mirte_ws/devel/share/common-lisp/ros/gazebo_sensor_collection_plugins/msg/EulerData.lisp
Symlinking /home/mirte/NGR-Goose/mirte_ws/devel/share/common-lisp/ros/gazebo_sensor_collection_plugins/msg/_package_QuaternionData.lisp
Symlinking /home/mirte/NGR-Goose/mirte_ws/devel/lib/libgazebo_ros_gps_with_dropout.so
Symlinking /home/mirte/NGR-Goose/mirte_ws/devel/lib/libgazebo_ros_imu_mod.so
Symlinking /home/mirte/NGR-Goose/mirte_ws/devel/lib/libgazebo_ros_encoder.so
Symlinking /home/mirte/NGR-Goose/mirte_ws/devel/lib/libgazebo_ros_realsense.so
Symlinking /home/mirte/NGR-Goose/mirte_ws/devel/lib/libgazebo_ros_skid_steer_w_encoder.so
Symlinking /home/mirte/NGR-Goose/mirte_ws/devel/lib/libgazebo_ros_battery_simple.so
Symlinking /home/mirte/NGR-Goose/mirte_ws/devel/lib/python3/dist-packages/gazebo_sensor_collection_plugins/__init__.py
Symlinking /home/mirte/NGR-Goose/mirte_ws/devel/lib/python3/dist-packages/gazebo_sensor_collection_plugins/msg/_QuaternionData.py
Symlinking /home/mirte/NGR-Goose/mirte_ws/devel/lib/python3/dist-packages/gazebo_sensor_collection_plugins/msg/_BatteryData.py
Symlinking /home/mirte/NGR-Goose/mirte_ws/devel/lib/python3/dist-packages/gazebo_sensor_collection_plugins/msg/_EulerData.py
Symlinking /home/mirte/NGR-Goose/mirte_ws/devel/lib/python3/dist-packages/gazebo_sensor_collection_plugins/msg/_EncoderData.py
Symlinking /home/mirte/NGR-Goose/mirte_ws/devel/lib/python3/dist-packages/gazebo_sensor_collection_plugins/msg/_SensorData3D.py
Symlinking /home/mirte/NGR-Goose/mirte_ws/devel/lib/python3/dist-packages/gazebo_sensor_collection_plugins/msg/_DataXYZ.py
Symlinking /home/mirte/NGR-Goose/mirte_ws/devel/lib/python3/dist-packages/gazebo_sensor_collection_plugins/msg/_OrientationSensorData.py
Symlinking /home/mirte/NGR-Goose/mirte_ws/devel/lib/python3/dist-packages/gazebo_sensor_collection_plugins/msg/_ImuData.py
Symlinking /home/mirte/NGR-Goose/mirte_ws/devel/lib/python3/dist-packages/gazebo_sensor_collection_plugins/msg/_GpsData.py
Symlinking /home/mirte/NGR-Goose/mirte_ws/devel/lib/python3/dist-packages/gazebo_sensor_collection_plugins/msg/__init__.py
Symlinking /home/mirte/NGR-Goose/mirte_ws/devel/lib/pkgconfig/gazebo_sensor_collection_plugins.pc
