Linked: (/home/mirte/NGR-Goose/mirte_ws/devel/.private/mirte_msgs/include/mirte_msgs/GetKeypadResponse.h, /home/mirte/NGR-Goose/mirte_ws/devel/include/mirte_msgs/GetKeypadResponse.h)
Linked: (/home/mirte/NGR-Goose/mirte_ws/devel/.private/mirte_msgs/include/mirte_msgs/SetPinModeResponse.h, /home/mirte/NGR-Goose/mirte_ws/devel/include/mirte_msgs/SetPinModeResponse.h)
Linked: (/home/mirte/NGR-Goose/mirte_ws/devel/.private/mirte_msgs/include/mirte_msgs/SetLEDValueRequest.h, /home/mirte/NGR-Goose/mirte_ws/devel/include/mirte_msgs/SetLEDValueRequest.h)
Linked: (/home/mirte/NGR-Goose/mirte_ws/devel/.private/mirte_msgs/include/mirte_msgs/GetIMU.h, /home/mirte/NGR-Goose/mirte_ws/devel/include/mirte_msgs/GetIMU.h)
Linked: (/home/mirte/NGR-Goose/mirte_ws/devel/.private/mirte_msgs/include/mirte_msgs/GetDistanceRequest.h, /home/mirte/NGR-Goose/mirte_ws/devel/include/mirte_msgs/GetDistanceRequest.h)
Linked: (/home/mirte/NGR-Goose/mirte_ws/devel/.private/mirte_msgs/include/mirte_msgs/GetIntensityResponse.h, /home/mirte/NGR-Goose/mirte_ws/devel/include/mirte_msgs/GetIntensityResponse.h)
Linked: (/home/mirte/NGR-Goose/mirte_ws/devel/.private/mirte_msgs/include/mirte_msgs/SetPinMode.h, /home/mirte/NGR-Goose/mirte_ws/devel/include/mirte_msgs/SetPinMode.h)
Linked: (/home/mirte/NGR-Goose/mirte_ws/devel/.private/mirte_msgs/include/mirte_msgs/get_virtual_color.h, /home/mirte/NGR-Goose/mirte_ws/devel/include/mirte_msgs/get_virtual_color.h)
Linked: (/home/mirte/NGR-Goose/mirte_ws/devel/.private/mirte_msgs/include/mirte_msgs/GetKeypad.h, /home/mirte/NGR-Goose/mirte_ws/devel/include/mirte_msgs/GetKeypad.h)
Linked: (/home/mirte/NGR-Goose/mirte_ws/devel/.private/mirte_msgs/include/mirte_msgs/TurnResponse.h, /home/mirte/NGR-Goose/mirte_ws/devel/include/mirte_msgs/TurnResponse.h)
Linked: (/home/mirte/NGR-Goose/mirte_ws/devel/.private/mirte_msgs/include/mirte_msgs/GetDistance.h, /home/mirte/NGR-Goose/mirte_ws/devel/include/mirte_msgs/GetDistance.h)
Linked: (/home/mirte/NGR-Goose/mirte_ws/devel/.private/mirte_msgs/include/mirte_msgs/SetMotorSpeedRequest.h, /home/mirte/NGR-Goose/mirte_ws/devel/include/mirte_msgs/SetMotorSpeedRequest.h)
Linked: (/home/mirte/NGR-Goose/mirte_ws/devel/.private/mirte_msgs/include/mirte_msgs/MoveRequest.h, /home/mirte/NGR-Goose/mirte_ws/devel/include/mirte_msgs/MoveRequest.h)
Linked: (/home/mirte/NGR-Goose/mirte_ws/devel/.private/mirte_msgs/include/mirte_msgs/GetIntensityDigitalResponse.h, /home/mirte/NGR-Goose/mirte_ws/devel/include/mirte_msgs/GetIntensityDigitalResponse.h)
Linked: (/home/mirte/NGR-Goose/mirte_ws/devel/.private/mirte_msgs/include/mirte_msgs/Move.h, /home/mirte/NGR-Goose/mirte_ws/devel/include/mirte_msgs/Move.h)
Linked: (/home/mirte/NGR-Goose/mirte_ws/devel/.private/mirte_msgs/include/mirte_msgs/TurnRequest.h, /home/mirte/NGR-Goose/mirte_ws/devel/include/mirte_msgs/TurnRequest.h)
Linked: (/home/mirte/NGR-Goose/mirte_ws/devel/.private/mirte_msgs/include/mirte_msgs/SetLEDValueResponse.h, /home/mirte/NGR-Goose/mirte_ws/devel/include/mirte_msgs/SetLEDValueResponse.h)
Linked: (/home/mirte/NGR-Goose/mirte_ws/devel/.private/mirte_msgs/include/mirte_msgs/SetPinValue.h, /home/mirte/NGR-Goose/mirte_ws/devel/include/mirte_msgs/SetPinValue.h)
Linked: (/home/mirte/NGR-Goose/mirte_ws/devel/.private/mirte_msgs/include/mirte_msgs/MoveResponse.h, /home/mirte/NGR-Goose/mirte_ws/devel/include/mirte_msgs/MoveResponse.h)
Linked: (/home/mirte/NGR-Goose/mirte_ws/devel/.private/mirte_msgs/include/mirte_msgs/SetServoAngleRequest.h, /home/mirte/NGR-Goose/mirte_ws/devel/include/mirte_msgs/SetServoAngleRequest.h)
Linked: (/home/mirte/NGR-Goose/mirte_ws/devel/.private/mirte_msgs/include/mirte_msgs/SetSingleLEDValueResponse.h, /home/mirte/NGR-Goose/mirte_ws/devel/include/mirte_msgs/SetSingleLEDValueResponse.h)
Linked: (/home/mirte/NGR-Goose/mirte_ws/devel/.private/mirte_msgs/include/mirte_msgs/get_barcodeRequest.h, /home/mirte/NGR-Goose/mirte_ws/devel/include/mirte_msgs/get_barcodeRequest.h)
Linked: (/home/mirte/NGR-Goose/mirte_ws/devel/.private/mirte_msgs/include/mirte_msgs/SetOLEDImageResponse.h, /home/mirte/NGR-Goose/mirte_ws/devel/include/mirte_msgs/SetOLEDImageResponse.h)
Linked: (/home/mirte/NGR-Goose/mirte_ws/devel/.private/mirte_msgs/include/mirte_msgs/GetPinValueRequest.h, /home/mirte/NGR-Goose/mirte_ws/devel/include/mirte_msgs/GetPinValueRequest.h)
Linked: (/home/mirte/NGR-Goose/mirte_ws/devel/.private/mirte_msgs/include/mirte_msgs/GetDistanceResponse.h, /home/mirte/NGR-Goose/mirte_ws/devel/include/mirte_msgs/GetDistanceResponse.h)
Linked: (/home/mirte/NGR-Goose/mirte_ws/devel/.private/mirte_msgs/include/mirte_msgs/GetIMURequest.h, /home/mirte/NGR-Goose/mirte_ws/devel/include/mirte_msgs/GetIMURequest.h)
Linked: (/home/mirte/NGR-Goose/mirte_ws/devel/.private/mirte_msgs/include/mirte_msgs/GetKeypadRequest.h, /home/mirte/NGR-Goose/mirte_ws/devel/include/mirte_msgs/GetKeypadRequest.h)
Linked: (/home/mirte/NGR-Goose/mirte_ws/devel/.private/mirte_msgs/include/mirte_msgs/GetRangeResponse.h, /home/mirte/NGR-Goose/mirte_ws/devel/include/mirte_msgs/GetRangeResponse.h)
Linked: (/home/mirte/NGR-Goose/mirte_ws/devel/.private/mirte_msgs/include/mirte_msgs/GetIntensityRequest.h, /home/mirte/NGR-Goose/mirte_ws/devel/include/mirte_msgs/GetIntensityRequest.h)
Linked: (/home/mirte/NGR-Goose/mirte_ws/devel/.private/mirte_msgs/include/mirte_msgs/SetLEDValue.h, /home/mirte/NGR-Goose/mirte_ws/devel/include/mirte_msgs/SetLEDValue.h)
Linked: (/home/mirte/NGR-Goose/mirte_ws/devel/.private/mirte_msgs/include/mirte_msgs/Encoder.h, /home/mirte/NGR-Goose/mirte_ws/devel/include/mirte_msgs/Encoder.h)
Linked: (/home/mirte/NGR-Goose/mirte_ws/devel/.private/mirte_msgs/include/mirte_msgs/GetPinValue.h, /home/mirte/NGR-Goose/mirte_ws/devel/include/mirte_msgs/GetPinValue.h)
Linked: (/home/mirte/NGR-Goose/mirte_ws/devel/.private/mirte_msgs/include/mirte_msgs/IntensityDigital.h, /home/mirte/NGR-Goose/mirte_ws/devel/include/mirte_msgs/IntensityDigital.h)
Linked: (/home/mirte/NGR-Goose/mirte_ws/devel/.private/mirte_msgs/include/mirte_msgs/SetPinValueResponse.h, /home/mirte/NGR-Goose/mirte_ws/devel/include/mirte_msgs/SetPinValueResponse.h)
Linked: (/home/mirte/NGR-Goose/mirte_ws/devel/.private/mirte_msgs/include/mirte_msgs/GetIntensityDigitalRequest.h, /home/mirte/NGR-Goose/mirte_ws/devel/include/mirte_msgs/GetIntensityDigitalRequest.h)
Linked: (/home/mirte/NGR-Goose/mirte_ws/devel/.private/mirte_msgs/include/mirte_msgs/get_barcodeResponse.h, /home/mirte/NGR-Goose/mirte_ws/devel/include/mirte_msgs/get_barcodeResponse.h)
Linked: (/home/mirte/NGR-Goose/mirte_ws/devel/.private/mirte_msgs/include/mirte_msgs/Turn.h, /home/mirte/NGR-Goose/mirte_ws/devel/include/mirte_msgs/Turn.h)
Linked: (/home/mirte/NGR-Goose/mirte_ws/devel/.private/mirte_msgs/include/mirte_msgs/GetIntensityDigital.h, /home/mirte/NGR-Goose/mirte_ws/devel/include/mirte_msgs/GetIntensityDigital.h)
Linked: (/home/mirte/NGR-Goose/mirte_ws/devel/.private/mirte_msgs/include/mirte_msgs/SetPinModeRequest.h, /home/mirte/NGR-Goose/mirte_ws/devel/include/mirte_msgs/SetPinModeRequest.h)
Linked: (/home/mirte/NGR-Goose/mirte_ws/devel/.private/mirte_msgs/include/mirte_msgs/get_virtual_colorRequest.h, /home/mirte/NGR-Goose/mirte_ws/devel/include/mirte_msgs/get_virtual_colorRequest.h)
Linked: (/home/mirte/NGR-Goose/mirte_ws/devel/.private/mirte_msgs/include/mirte_msgs/Heading.h, /home/mirte/NGR-Goose/mirte_ws/devel/include/mirte_msgs/Heading.h)
Linked: (/home/mirte/NGR-Goose/mirte_ws/devel/.private/mirte_msgs/include/mirte_msgs/GetRangeRequest.h, /home/mirte/NGR-Goose/mirte_ws/devel/include/mirte_msgs/GetRangeRequest.h)
Linked: (/home/mirte/NGR-Goose/mirte_ws/devel/.private/mirte_msgs/include/mirte_msgs/SetOLEDImage.h, /home/mirte/NGR-Goose/mirte_ws/devel/include/mirte_msgs/SetOLEDImage.h)
Linked: (/home/mirte/NGR-Goose/mirte_ws/devel/.private/mirte_msgs/include/mirte_msgs/GetPinValueResponse.h, /home/mirte/NGR-Goose/mirte_ws/devel/include/mirte_msgs/GetPinValueResponse.h)
Linked: (/home/mirte/NGR-Goose/mirte_ws/devel/.private/mirte_msgs/include/mirte_msgs/GetEncoderResponse.h, /home/mirte/NGR-Goose/mirte_ws/devel/include/mirte_msgs/GetEncoderResponse.h)
Linked: (/home/mirte/NGR-Goose/mirte_ws/devel/.private/mirte_msgs/include/mirte_msgs/SetMotorSpeed.h, /home/mirte/NGR-Goose/mirte_ws/devel/include/mirte_msgs/SetMotorSpeed.h)
Linked: (/home/mirte/NGR-Goose/mirte_ws/devel/.private/mirte_msgs/include/mirte_msgs/Intensity.h, /home/mirte/NGR-Goose/mirte_ws/devel/include/mirte_msgs/Intensity.h)
Linked: (/home/mirte/NGR-Goose/mirte_ws/devel/.private/mirte_msgs/include/mirte_msgs/GetIMUResponse.h, /home/mirte/NGR-Goose/mirte_ws/devel/include/mirte_msgs/GetIMUResponse.h)
Linked: (/home/mirte/NGR-Goose/mirte_ws/devel/.private/mirte_msgs/include/mirte_msgs/SetOLEDImageRequest.h, /home/mirte/NGR-Goose/mirte_ws/devel/include/mirte_msgs/SetOLEDImageRequest.h)
Linked: (/home/mirte/NGR-Goose/mirte_ws/devel/.private/mirte_msgs/include/mirte_msgs/GetRange.h, /home/mirte/NGR-Goose/mirte_ws/devel/include/mirte_msgs/GetRange.h)
Linked: (/home/mirte/NGR-Goose/mirte_ws/devel/.private/mirte_msgs/include/mirte_msgs/GetIntensity.h, /home/mirte/NGR-Goose/mirte_ws/devel/include/mirte_msgs/GetIntensity.h)
Linked: (/home/mirte/NGR-Goose/mirte_ws/devel/.private/mirte_msgs/include/mirte_msgs/color.h, /home/mirte/NGR-Goose/mirte_ws/devel/include/mirte_msgs/color.h)
Linked: (/home/mirte/NGR-Goose/mirte_ws/devel/.private/mirte_msgs/include/mirte_msgs/SetMotorSpeedResponse.h, /home/mirte/NGR-Goose/mirte_ws/devel/include/mirte_msgs/SetMotorSpeedResponse.h)
Linked: (/home/mirte/NGR-Goose/mirte_ws/devel/.private/mirte_msgs/include/mirte_msgs/Keypad.h, /home/mirte/NGR-Goose/mirte_ws/devel/include/mirte_msgs/Keypad.h)
Linked: (/home/mirte/NGR-Goose/mirte_ws/devel/.private/mirte_msgs/include/mirte_msgs/SetSingleLEDValueRequest.h, /home/mirte/NGR-Goose/mirte_ws/devel/include/mirte_msgs/SetSingleLEDValueRequest.h)
Linked: (/home/mirte/NGR-Goose/mirte_ws/devel/.private/mirte_msgs/include/mirte_msgs/GetEncoderRequest.h, /home/mirte/NGR-Goose/mirte_ws/devel/include/mirte_msgs/GetEncoderRequest.h)
Linked: (/home/mirte/NGR-Goose/mirte_ws/devel/.private/mirte_msgs/include/mirte_msgs/SetSingleLEDValue.h, /home/mirte/NGR-Goose/mirte_ws/devel/include/mirte_msgs/SetSingleLEDValue.h)
Linked: (/home/mirte/NGR-Goose/mirte_ws/devel/.private/mirte_msgs/include/mirte_msgs/GetEncoder.h, /home/mirte/NGR-Goose/mirte_ws/devel/include/mirte_msgs/GetEncoder.h)
Linked: (/home/mirte/NGR-Goose/mirte_ws/devel/.private/mirte_msgs/include/mirte_msgs/ServoPosition.h, /home/mirte/NGR-Goose/mirte_ws/devel/include/mirte_msgs/ServoPosition.h)
Linked: (/home/mirte/NGR-Goose/mirte_ws/devel/.private/mirte_msgs/include/mirte_msgs/SetPinValueRequest.h, /home/mirte/NGR-Goose/mirte_ws/devel/include/mirte_msgs/SetPinValueRequest.h)
Linked: (/home/mirte/NGR-Goose/mirte_ws/devel/.private/mirte_msgs/include/mirte_msgs/get_barcode.h, /home/mirte/NGR-Goose/mirte_ws/devel/include/mirte_msgs/get_barcode.h)
Linked: (/home/mirte/NGR-Goose/mirte_ws/devel/.private/mirte_msgs/include/mirte_msgs/SetServoAngle.h, /home/mirte/NGR-Goose/mirte_ws/devel/include/mirte_msgs/SetServoAngle.h)
Linked: (/home/mirte/NGR-Goose/mirte_ws/devel/.private/mirte_msgs/include/mirte_msgs/get_virtual_colorResponse.h, /home/mirte/NGR-Goose/mirte_ws/devel/include/mirte_msgs/get_virtual_colorResponse.h)
Linked: (/home/mirte/NGR-Goose/mirte_ws/devel/.private/mirte_msgs/include/mirte_msgs/SetServoAngleResponse.h, /home/mirte/NGR-Goose/mirte_ws/devel/include/mirte_msgs/SetServoAngleResponse.h)
Linked: (/home/mirte/NGR-Goose/mirte_ws/devel/.private/mirte_msgs/share/roseus/ros/mirte_msgs/manifest.l, /home/mirte/NGR-Goose/mirte_ws/devel/share/roseus/ros/mirte_msgs/manifest.l)
Linked: (/home/mirte/NGR-Goose/mirte_ws/devel/.private/mirte_msgs/share/roseus/ros/mirte_msgs/srv/GetKeypad.l, /home/mirte/NGR-Goose/mirte_ws/devel/share/roseus/ros/mirte_msgs/srv/GetKeypad.l)
Linked: (/home/mirte/NGR-Goose/mirte_ws/devel/.private/mirte_msgs/share/roseus/ros/mirte_msgs/srv/GetIntensity.l, /home/mirte/NGR-Goose/mirte_ws/devel/share/roseus/ros/mirte_msgs/srv/GetIntensity.l)
Linked: (/home/mirte/NGR-Goose/mirte_ws/devel/.private/mirte_msgs/share/roseus/ros/mirte_msgs/srv/GetDistance.l, /home/mirte/NGR-Goose/mirte_ws/devel/share/roseus/ros/mirte_msgs/srv/GetDistance.l)
Linked: (/home/mirte/NGR-Goose/mirte_ws/devel/.private/mirte_msgs/share/roseus/ros/mirte_msgs/srv/GetIMU.l, /home/mirte/NGR-Goose/mirte_ws/devel/share/roseus/ros/mirte_msgs/srv/GetIMU.l)
Linked: (/home/mirte/NGR-Goose/mirte_ws/devel/.private/mirte_msgs/share/roseus/ros/mirte_msgs/srv/GetRange.l, /home/mirte/NGR-Goose/mirte_ws/devel/share/roseus/ros/mirte_msgs/srv/GetRange.l)
Linked: (/home/mirte/NGR-Goose/mirte_ws/devel/.private/mirte_msgs/share/roseus/ros/mirte_msgs/srv/GetIntensityDigital.l, /home/mirte/NGR-Goose/mirte_ws/devel/share/roseus/ros/mirte_msgs/srv/GetIntensityDigital.l)
Linked: (/home/mirte/NGR-Goose/mirte_ws/devel/.private/mirte_msgs/share/roseus/ros/mirte_msgs/srv/SetMotorSpeed.l, /home/mirte/NGR-Goose/mirte_ws/devel/share/roseus/ros/mirte_msgs/srv/SetMotorSpeed.l)
Linked: (/home/mirte/NGR-Goose/mirte_ws/devel/.private/mirte_msgs/share/roseus/ros/mirte_msgs/srv/get_virtual_color.l, /home/mirte/NGR-Goose/mirte_ws/devel/share/roseus/ros/mirte_msgs/srv/get_virtual_color.l)
Linked: (/home/mirte/NGR-Goose/mirte_ws/devel/.private/mirte_msgs/share/roseus/ros/mirte_msgs/srv/GetEncoder.l, /home/mirte/NGR-Goose/mirte_ws/devel/share/roseus/ros/mirte_msgs/srv/GetEncoder.l)
Linked: (/home/mirte/NGR-Goose/mirte_ws/devel/.private/mirte_msgs/share/roseus/ros/mirte_msgs/srv/SetSingleLEDValue.l, /home/mirte/NGR-Goose/mirte_ws/devel/share/roseus/ros/mirte_msgs/srv/SetSingleLEDValue.l)
Linked: (/home/mirte/NGR-Goose/mirte_ws/devel/.private/mirte_msgs/share/roseus/ros/mirte_msgs/srv/SetServoAngle.l, /home/mirte/NGR-Goose/mirte_ws/devel/share/roseus/ros/mirte_msgs/srv/SetServoAngle.l)
Linked: (/home/mirte/NGR-Goose/mirte_ws/devel/.private/mirte_msgs/share/roseus/ros/mirte_msgs/srv/SetLEDValue.l, /home/mirte/NGR-Goose/mirte_ws/devel/share/roseus/ros/mirte_msgs/srv/SetLEDValue.l)
Linked: (/home/mirte/NGR-Goose/mirte_ws/devel/.private/mirte_msgs/share/roseus/ros/mirte_msgs/srv/Move.l, /home/mirte/NGR-Goose/mirte_ws/devel/share/roseus/ros/mirte_msgs/srv/Move.l)
Linked: (/home/mirte/NGR-Goose/mirte_ws/devel/.private/mirte_msgs/share/roseus/ros/mirte_msgs/srv/get_barcode.l, /home/mirte/NGR-Goose/mirte_ws/devel/share/roseus/ros/mirte_msgs/srv/get_barcode.l)
Linked: (/home/mirte/NGR-Goose/mirte_ws/devel/.private/mirte_msgs/share/roseus/ros/mirte_msgs/srv/GetPinValue.l, /home/mirte/NGR-Goose/mirte_ws/devel/share/roseus/ros/mirte_msgs/srv/GetPinValue.l)
Linked: (/home/mirte/NGR-Goose/mirte_ws/devel/.private/mirte_msgs/share/roseus/ros/mirte_msgs/srv/SetPinValue.l, /home/mirte/NGR-Goose/mirte_ws/devel/share/roseus/ros/mirte_msgs/srv/SetPinValue.l)
Linked: (/home/mirte/NGR-Goose/mirte_ws/devel/.private/mirte_msgs/share/roseus/ros/mirte_msgs/srv/Turn.l, /home/mirte/NGR-Goose/mirte_ws/devel/share/roseus/ros/mirte_msgs/srv/Turn.l)
Linked: (/home/mirte/NGR-Goose/mirte_ws/devel/.private/mirte_msgs/share/roseus/ros/mirte_msgs/srv/SetPinMode.l, /home/mirte/NGR-Goose/mirte_ws/devel/share/roseus/ros/mirte_msgs/srv/SetPinMode.l)
Linked: (/home/mirte/NGR-Goose/mirte_ws/devel/.private/mirte_msgs/share/roseus/ros/mirte_msgs/srv/SetOLEDImage.l, /home/mirte/NGR-Goose/mirte_ws/devel/share/roseus/ros/mirte_msgs/srv/SetOLEDImage.l)
Linked: (/home/mirte/NGR-Goose/mirte_ws/devel/.private/mirte_msgs/share/roseus/ros/mirte_msgs/msg/ServoPosition.l, /home/mirte/NGR-Goose/mirte_ws/devel/share/roseus/ros/mirte_msgs/msg/ServoPosition.l)
Linked: (/home/mirte/NGR-Goose/mirte_ws/devel/.private/mirte_msgs/share/roseus/ros/mirte_msgs/msg/IntensityDigital.l, /home/mirte/NGR-Goose/mirte_ws/devel/share/roseus/ros/mirte_msgs/msg/IntensityDigital.l)
Linked: (/home/mirte/NGR-Goose/mirte_ws/devel/.private/mirte_msgs/share/roseus/ros/mirte_msgs/msg/Encoder.l, /home/mirte/NGR-Goose/mirte_ws/devel/share/roseus/ros/mirte_msgs/msg/Encoder.l)
Linked: (/home/mirte/NGR-Goose/mirte_ws/devel/.private/mirte_msgs/share/roseus/ros/mirte_msgs/msg/color.l, /home/mirte/NGR-Goose/mirte_ws/devel/share/roseus/ros/mirte_msgs/msg/color.l)
Linked: (/home/mirte/NGR-Goose/mirte_ws/devel/.private/mirte_msgs/share/roseus/ros/mirte_msgs/msg/Intensity.l, /home/mirte/NGR-Goose/mirte_ws/devel/share/roseus/ros/mirte_msgs/msg/Intensity.l)
Linked: (/home/mirte/NGR-Goose/mirte_ws/devel/.private/mirte_msgs/share/roseus/ros/mirte_msgs/msg/Keypad.l, /home/mirte/NGR-Goose/mirte_ws/devel/share/roseus/ros/mirte_msgs/msg/Keypad.l)
Linked: (/home/mirte/NGR-Goose/mirte_ws/devel/.private/mirte_msgs/share/roseus/ros/mirte_msgs/msg/Heading.l, /home/mirte/NGR-Goose/mirte_ws/devel/share/roseus/ros/mirte_msgs/msg/Heading.l)
Linked: (/home/mirte/NGR-Goose/mirte_ws/devel/.private/mirte_msgs/share/mirte_msgs/cmake/mirte_msgs-msg-paths.cmake, /home/mirte/NGR-Goose/mirte_ws/devel/share/mirte_msgs/cmake/mirte_msgs-msg-paths.cmake)
Linked: (/home/mirte/NGR-Goose/mirte_ws/devel/.private/mirte_msgs/share/mirte_msgs/cmake/mirte_msgsConfig.cmake, /home/mirte/NGR-Goose/mirte_ws/devel/share/mirte_msgs/cmake/mirte_msgsConfig.cmake)
Linked: (/home/mirte/NGR-Goose/mirte_ws/devel/.private/mirte_msgs/share/mirte_msgs/cmake/mirte_msgs-msg-extras.cmake, /home/mirte/NGR-Goose/mirte_ws/devel/share/mirte_msgs/cmake/mirte_msgs-msg-extras.cmake)
Linked: (/home/mirte/NGR-Goose/mirte_ws/devel/.private/mirte_msgs/share/mirte_msgs/cmake/mirte_msgsConfig-version.cmake, /home/mirte/NGR-Goose/mirte_ws/devel/share/mirte_msgs/cmake/mirte_msgsConfig-version.cmake)
Linked: (/home/mirte/NGR-Goose/mirte_ws/devel/.private/mirte_msgs/share/gennodejs/ros/mirte_msgs/_index.js, /home/mirte/NGR-Goose/mirte_ws/devel/share/gennodejs/ros/mirte_msgs/_index.js)
Linked: (/home/mirte/NGR-Goose/mirte_ws/devel/.private/mirte_msgs/share/gennodejs/ros/mirte_msgs/srv/Move.js, /home/mirte/NGR-Goose/mirte_ws/devel/share/gennodejs/ros/mirte_msgs/srv/Move.js)
Linked: (/home/mirte/NGR-Goose/mirte_ws/devel/.private/mirte_msgs/share/gennodejs/ros/mirte_msgs/srv/GetDistance.js, /home/mirte/NGR-Goose/mirte_ws/devel/share/gennodejs/ros/mirte_msgs/srv/GetDistance.js)
Linked: (/home/mirte/NGR-Goose/mirte_ws/devel/.private/mirte_msgs/share/gennodejs/ros/mirte_msgs/srv/get_virtual_color.js, /home/mirte/NGR-Goose/mirte_ws/devel/share/gennodejs/ros/mirte_msgs/srv/get_virtual_color.js)
Linked: (/home/mirte/NGR-Goose/mirte_ws/devel/.private/mirte_msgs/share/gennodejs/ros/mirte_msgs/srv/SetMotorSpeed.js, /home/mirte/NGR-Goose/mirte_ws/devel/share/gennodejs/ros/mirte_msgs/srv/SetMotorSpeed.js)
Linked: (/home/mirte/NGR-Goose/mirte_ws/devel/.private/mirte_msgs/share/gennodejs/ros/mirte_msgs/srv/GetIntensity.js, /home/mirte/NGR-Goose/mirte_ws/devel/share/gennodejs/ros/mirte_msgs/srv/GetIntensity.js)
Linked: (/home/mirte/NGR-Goose/mirte_ws/devel/.private/mirte_msgs/share/gennodejs/ros/mirte_msgs/srv/GetIMU.js, /home/mirte/NGR-Goose/mirte_ws/devel/share/gennodejs/ros/mirte_msgs/srv/GetIMU.js)
Linked: (/home/mirte/NGR-Goose/mirte_ws/devel/.private/mirte_msgs/share/gennodejs/ros/mirte_msgs/srv/GetIntensityDigital.js, /home/mirte/NGR-Goose/mirte_ws/devel/share/gennodejs/ros/mirte_msgs/srv/GetIntensityDigital.js)
Linked: (/home/mirte/NGR-Goose/mirte_ws/devel/.private/mirte_msgs/share/gennodejs/ros/mirte_msgs/srv/SetPinMode.js, /home/mirte/NGR-Goose/mirte_ws/devel/share/gennodejs/ros/mirte_msgs/srv/SetPinMode.js)
Linked: (/home/mirte/NGR-Goose/mirte_ws/devel/.private/mirte_msgs/share/gennodejs/ros/mirte_msgs/srv/get_barcode.js, /home/mirte/NGR-Goose/mirte_ws/devel/share/gennodejs/ros/mirte_msgs/srv/get_barcode.js)
Linked: (/home/mirte/NGR-Goose/mirte_ws/devel/.private/mirte_msgs/share/gennodejs/ros/mirte_msgs/srv/_index.js, /home/mirte/NGR-Goose/mirte_ws/devel/share/gennodejs/ros/mirte_msgs/srv/_index.js)
Linked: (/home/mirte/NGR-Goose/mirte_ws/devel/.private/mirte_msgs/share/gennodejs/ros/mirte_msgs/srv/GetEncoder.js, /home/mirte/NGR-Goose/mirte_ws/devel/share/gennodejs/ros/mirte_msgs/srv/GetEncoder.js)
Linked: (/home/mirte/NGR-Goose/mirte_ws/devel/.private/mirte_msgs/share/gennodejs/ros/mirte_msgs/srv/SetPinValue.js, /home/mirte/NGR-Goose/mirte_ws/devel/share/gennodejs/ros/mirte_msgs/srv/SetPinValue.js)
Linked: (/home/mirte/NGR-Goose/mirte_ws/devel/.private/mirte_msgs/share/gennodejs/ros/mirte_msgs/srv/GetKeypad.js, /home/mirte/NGR-Goose/mirte_ws/devel/share/gennodejs/ros/mirte_msgs/srv/GetKeypad.js)
Linked: (/home/mirte/NGR-Goose/mirte_ws/devel/.private/mirte_msgs/share/gennodejs/ros/mirte_msgs/srv/Turn.js, /home/mirte/NGR-Goose/mirte_ws/devel/share/gennodejs/ros/mirte_msgs/srv/Turn.js)
Linked: (/home/mirte/NGR-Goose/mirte_ws/devel/.private/mirte_msgs/share/gennodejs/ros/mirte_msgs/srv/SetSingleLEDValue.js, /home/mirte/NGR-Goose/mirte_ws/devel/share/gennodejs/ros/mirte_msgs/srv/SetSingleLEDValue.js)
Linked: (/home/mirte/NGR-Goose/mirte_ws/devel/.private/mirte_msgs/share/gennodejs/ros/mirte_msgs/srv/SetOLEDImage.js, /home/mirte/NGR-Goose/mirte_ws/devel/share/gennodejs/ros/mirte_msgs/srv/SetOLEDImage.js)
Linked: (/home/mirte/NGR-Goose/mirte_ws/devel/.private/mirte_msgs/share/gennodejs/ros/mirte_msgs/srv/SetLEDValue.js, /home/mirte/NGR-Goose/mirte_ws/devel/share/gennodejs/ros/mirte_msgs/srv/SetLEDValue.js)
Linked: (/home/mirte/NGR-Goose/mirte_ws/devel/.private/mirte_msgs/share/gennodejs/ros/mirte_msgs/srv/GetPinValue.js, /home/mirte/NGR-Goose/mirte_ws/devel/share/gennodejs/ros/mirte_msgs/srv/GetPinValue.js)
Linked: (/home/mirte/NGR-Goose/mirte_ws/devel/.private/mirte_msgs/share/gennodejs/ros/mirte_msgs/srv/SetServoAngle.js, /home/mirte/NGR-Goose/mirte_ws/devel/share/gennodejs/ros/mirte_msgs/srv/SetServoAngle.js)
Linked: (/home/mirte/NGR-Goose/mirte_ws/devel/.private/mirte_msgs/share/gennodejs/ros/mirte_msgs/srv/GetRange.js, /home/mirte/NGR-Goose/mirte_ws/devel/share/gennodejs/ros/mirte_msgs/srv/GetRange.js)
Linked: (/home/mirte/NGR-Goose/mirte_ws/devel/.private/mirte_msgs/share/gennodejs/ros/mirte_msgs/msg/Heading.js, /home/mirte/NGR-Goose/mirte_ws/devel/share/gennodejs/ros/mirte_msgs/msg/Heading.js)
Linked: (/home/mirte/NGR-Goose/mirte_ws/devel/.private/mirte_msgs/share/gennodejs/ros/mirte_msgs/msg/IntensityDigital.js, /home/mirte/NGR-Goose/mirte_ws/devel/share/gennodejs/ros/mirte_msgs/msg/IntensityDigital.js)
Linked: (/home/mirte/NGR-Goose/mirte_ws/devel/.private/mirte_msgs/share/gennodejs/ros/mirte_msgs/msg/_index.js, /home/mirte/NGR-Goose/mirte_ws/devel/share/gennodejs/ros/mirte_msgs/msg/_index.js)
Linked: (/home/mirte/NGR-Goose/mirte_ws/devel/.private/mirte_msgs/share/gennodejs/ros/mirte_msgs/msg/color.js, /home/mirte/NGR-Goose/mirte_ws/devel/share/gennodejs/ros/mirte_msgs/msg/color.js)
Linked: (/home/mirte/NGR-Goose/mirte_ws/devel/.private/mirte_msgs/share/gennodejs/ros/mirte_msgs/msg/Intensity.js, /home/mirte/NGR-Goose/mirte_ws/devel/share/gennodejs/ros/mirte_msgs/msg/Intensity.js)
Linked: (/home/mirte/NGR-Goose/mirte_ws/devel/.private/mirte_msgs/share/gennodejs/ros/mirte_msgs/msg/Encoder.js, /home/mirte/NGR-Goose/mirte_ws/devel/share/gennodejs/ros/mirte_msgs/msg/Encoder.js)
Linked: (/home/mirte/NGR-Goose/mirte_ws/devel/.private/mirte_msgs/share/gennodejs/ros/mirte_msgs/msg/ServoPosition.js, /home/mirte/NGR-Goose/mirte_ws/devel/share/gennodejs/ros/mirte_msgs/msg/ServoPosition.js)
Linked: (/home/mirte/NGR-Goose/mirte_ws/devel/.private/mirte_msgs/share/gennodejs/ros/mirte_msgs/msg/Keypad.js, /home/mirte/NGR-Goose/mirte_ws/devel/share/gennodejs/ros/mirte_msgs/msg/Keypad.js)
Linked: (/home/mirte/NGR-Goose/mirte_ws/devel/.private/mirte_msgs/share/common-lisp/ros/mirte_msgs/srv/_package_GetIMU.lisp, /home/mirte/NGR-Goose/mirte_ws/devel/share/common-lisp/ros/mirte_msgs/srv/_package_GetIMU.lisp)
Linked: (/home/mirte/NGR-Goose/mirte_ws/devel/.private/mirte_msgs/share/common-lisp/ros/mirte_msgs/srv/Move.lisp, /home/mirte/NGR-Goose/mirte_ws/devel/share/common-lisp/ros/mirte_msgs/srv/Move.lisp)
Linked: (/home/mirte/NGR-Goose/mirte_ws/devel/.private/mirte_msgs/share/common-lisp/ros/mirte_msgs/srv/GetIntensityDigital.lisp, /home/mirte/NGR-Goose/mirte_ws/devel/share/common-lisp/ros/mirte_msgs/srv/GetIntensityDigital.lisp)
Linked: (/home/mirte/NGR-Goose/mirte_ws/devel/.private/mirte_msgs/share/common-lisp/ros/mirte_msgs/srv/_package_GetDistance.lisp, /home/mirte/NGR-Goose/mirte_ws/devel/share/common-lisp/ros/mirte_msgs/srv/_package_GetDistance.lisp)
Linked: (/home/mirte/NGR-Goose/mirte_ws/devel/.private/mirte_msgs/share/common-lisp/ros/mirte_msgs/srv/GetPinValue.lisp, /home/mirte/NGR-Goose/mirte_ws/devel/share/common-lisp/ros/mirte_msgs/srv/GetPinValue.lisp)
Linked: (/home/mirte/NGR-Goose/mirte_ws/devel/.private/mirte_msgs/share/common-lisp/ros/mirte_msgs/srv/_package_GetKeypad.lisp, /home/mirte/NGR-Goose/mirte_ws/devel/share/common-lisp/ros/mirte_msgs/srv/_package_GetKeypad.lisp)
Linked: (/home/mirte/NGR-Goose/mirte_ws/devel/.private/mirte_msgs/share/common-lisp/ros/mirte_msgs/srv/_package_SetPinMode.lisp, /home/mirte/NGR-Goose/mirte_ws/devel/share/common-lisp/ros/mirte_msgs/srv/_package_SetPinMode.lisp)
Linked: (/home/mirte/NGR-Goose/mirte_ws/devel/.private/mirte_msgs/share/common-lisp/ros/mirte_msgs/srv/_package_Turn.lisp, /home/mirte/NGR-Goose/mirte_ws/devel/share/common-lisp/ros/mirte_msgs/srv/_package_Turn.lisp)
Linked: (/home/mirte/NGR-Goose/mirte_ws/devel/.private/mirte_msgs/share/common-lisp/ros/mirte_msgs/srv/_package_SetOLEDImage.lisp, /home/mirte/NGR-Goose/mirte_ws/devel/share/common-lisp/ros/mirte_msgs/srv/_package_SetOLEDImage.lisp)
Linked: (/home/mirte/NGR-Goose/mirte_ws/devel/.private/mirte_msgs/share/common-lisp/ros/mirte_msgs/srv/GetIntensity.lisp, /home/mirte/NGR-Goose/mirte_ws/devel/share/common-lisp/ros/mirte_msgs/srv/GetIntensity.lisp)
Linked: (/home/mirte/NGR-Goose/mirte_ws/devel/.private/mirte_msgs/share/common-lisp/ros/mirte_msgs/srv/_package_GetPinValue.lisp, /home/mirte/NGR-Goose/mirte_ws/devel/share/common-lisp/ros/mirte_msgs/srv/_package_GetPinValue.lisp)
Linked: (/home/mirte/NGR-Goose/mirte_ws/devel/.private/mirte_msgs/share/common-lisp/ros/mirte_msgs/srv/SetSingleLEDValue.lisp, /home/mirte/NGR-Goose/mirte_ws/devel/share/common-lisp/ros/mirte_msgs/srv/SetSingleLEDValue.lisp)
Linked: (/home/mirte/NGR-Goose/mirte_ws/devel/.private/mirte_msgs/share/common-lisp/ros/mirte_msgs/srv/_package_get_virtual_color.lisp, /home/mirte/NGR-Goose/mirte_ws/devel/share/common-lisp/ros/mirte_msgs/srv/_package_get_virtual_color.lisp)
Linked: (/home/mirte/NGR-Goose/mirte_ws/devel/.private/mirte_msgs/share/common-lisp/ros/mirte_msgs/srv/GetIMU.lisp, /home/mirte/NGR-Goose/mirte_ws/devel/share/common-lisp/ros/mirte_msgs/srv/GetIMU.lisp)
Linked: (/home/mirte/NGR-Goose/mirte_ws/devel/.private/mirte_msgs/share/common-lisp/ros/mirte_msgs/srv/SetOLEDImage.lisp, /home/mirte/NGR-Goose/mirte_ws/devel/share/common-lisp/ros/mirte_msgs/srv/SetOLEDImage.lisp)
Linked: (/home/mirte/NGR-Goose/mirte_ws/devel/.private/mirte_msgs/share/common-lisp/ros/mirte_msgs/srv/_package_get_barcode.lisp, /home/mirte/NGR-Goose/mirte_ws/devel/share/common-lisp/ros/mirte_msgs/srv/_package_get_barcode.lisp)
Linked: (/home/mirte/NGR-Goose/mirte_ws/devel/.private/mirte_msgs/share/common-lisp/ros/mirte_msgs/srv/GetRange.lisp, /home/mirte/NGR-Goose/mirte_ws/devel/share/common-lisp/ros/mirte_msgs/srv/GetRange.lisp)
Linked: (/home/mirte/NGR-Goose/mirte_ws/devel/.private/mirte_msgs/share/common-lisp/ros/mirte_msgs/srv/_package_SetPinValue.lisp, /home/mirte/NGR-Goose/mirte_ws/devel/share/common-lisp/ros/mirte_msgs/srv/_package_SetPinValue.lisp)
Linked: (/home/mirte/NGR-Goose/mirte_ws/devel/.private/mirte_msgs/share/common-lisp/ros/mirte_msgs/srv/SetPinMode.lisp, /home/mirte/NGR-Goose/mirte_ws/devel/share/common-lisp/ros/mirte_msgs/srv/SetPinMode.lisp)
Linked: (/home/mirte/NGR-Goose/mirte_ws/devel/.private/mirte_msgs/share/common-lisp/ros/mirte_msgs/srv/SetLEDValue.lisp, /home/mirte/NGR-Goose/mirte_ws/devel/share/common-lisp/ros/mirte_msgs/srv/SetLEDValue.lisp)
Linked: (/home/mirte/NGR-Goose/mirte_ws/devel/.private/mirte_msgs/share/common-lisp/ros/mirte_msgs/srv/_package_SetMotorSpeed.lisp, /home/mirte/NGR-Goose/mirte_ws/devel/share/common-lisp/ros/mirte_msgs/srv/_package_SetMotorSpeed.lisp)
Linked: (/home/mirte/NGR-Goose/mirte_ws/devel/.private/mirte_msgs/share/common-lisp/ros/mirte_msgs/srv/_package_GetIntensityDigital.lisp, /home/mirte/NGR-Goose/mirte_ws/devel/share/common-lisp/ros/mirte_msgs/srv/_package_GetIntensityDigital.lisp)
Linked: (/home/mirte/NGR-Goose/mirte_ws/devel/.private/mirte_msgs/share/common-lisp/ros/mirte_msgs/srv/_package_Move.lisp, /home/mirte/NGR-Goose/mirte_ws/devel/share/common-lisp/ros/mirte_msgs/srv/_package_Move.lisp)
Linked: (/home/mirte/NGR-Goose/mirte_ws/devel/.private/mirte_msgs/share/common-lisp/ros/mirte_msgs/srv/_package_GetRange.lisp, /home/mirte/NGR-Goose/mirte_ws/devel/share/common-lisp/ros/mirte_msgs/srv/_package_GetRange.lisp)
Linked: (/home/mirte/NGR-Goose/mirte_ws/devel/.private/mirte_msgs/share/common-lisp/ros/mirte_msgs/srv/_package.lisp, /home/mirte/NGR-Goose/mirte_ws/devel/share/common-lisp/ros/mirte_msgs/srv/_package.lisp)
Linked: (/home/mirte/NGR-Goose/mirte_ws/devel/.private/mirte_msgs/share/common-lisp/ros/mirte_msgs/srv/GetDistance.lisp, /home/mirte/NGR-Goose/mirte_ws/devel/share/common-lisp/ros/mirte_msgs/srv/GetDistance.lisp)
Linked: (/home/mirte/NGR-Goose/mirte_ws/devel/.private/mirte_msgs/share/common-lisp/ros/mirte_msgs/srv/_package_SetServoAngle.lisp, /home/mirte/NGR-Goose/mirte_ws/devel/share/common-lisp/ros/mirte_msgs/srv/_package_SetServoAngle.lisp)
Linked: (/home/mirte/NGR-Goose/mirte_ws/devel/.private/mirte_msgs/share/common-lisp/ros/mirte_msgs/srv/mirte_msgs-srv.asd, /home/mirte/NGR-Goose/mirte_ws/devel/share/common-lisp/ros/mirte_msgs/srv/mirte_msgs-srv.asd)
Linked: (/home/mirte/NGR-Goose/mirte_ws/devel/.private/mirte_msgs/share/common-lisp/ros/mirte_msgs/srv/_package_GetIntensity.lisp, /home/mirte/NGR-Goose/mirte_ws/devel/share/common-lisp/ros/mirte_msgs/srv/_package_GetIntensity.lisp)
Linked: (/home/mirte/NGR-Goose/mirte_ws/devel/.private/mirte_msgs/share/common-lisp/ros/mirte_msgs/srv/SetServoAngle.lisp, /home/mirte/NGR-Goose/mirte_ws/devel/share/common-lisp/ros/mirte_msgs/srv/SetServoAngle.lisp)
Linked: (/home/mirte/NGR-Goose/mirte_ws/devel/.private/mirte_msgs/share/common-lisp/ros/mirte_msgs/srv/GetKeypad.lisp, /home/mirte/NGR-Goose/mirte_ws/devel/share/common-lisp/ros/mirte_msgs/srv/GetKeypad.lisp)
Linked: (/home/mirte/NGR-Goose/mirte_ws/devel/.private/mirte_msgs/share/common-lisp/ros/mirte_msgs/srv/Turn.lisp, /home/mirte/NGR-Goose/mirte_ws/devel/share/common-lisp/ros/mirte_msgs/srv/Turn.lisp)
Linked: (/home/mirte/NGR-Goose/mirte_ws/devel/.private/mirte_msgs/share/common-lisp/ros/mirte_msgs/srv/SetPinValue.lisp, /home/mirte/NGR-Goose/mirte_ws/devel/share/common-lisp/ros/mirte_msgs/srv/SetPinValue.lisp)
Linked: (/home/mirte/NGR-Goose/mirte_ws/devel/.private/mirte_msgs/share/common-lisp/ros/mirte_msgs/srv/_package_GetEncoder.lisp, /home/mirte/NGR-Goose/mirte_ws/devel/share/common-lisp/ros/mirte_msgs/srv/_package_GetEncoder.lisp)
Linked: (/home/mirte/NGR-Goose/mirte_ws/devel/.private/mirte_msgs/share/common-lisp/ros/mirte_msgs/srv/get_barcode.lisp, /home/mirte/NGR-Goose/mirte_ws/devel/share/common-lisp/ros/mirte_msgs/srv/get_barcode.lisp)
Linked: (/home/mirte/NGR-Goose/mirte_ws/devel/.private/mirte_msgs/share/common-lisp/ros/mirte_msgs/srv/SetMotorSpeed.lisp, /home/mirte/NGR-Goose/mirte_ws/devel/share/common-lisp/ros/mirte_msgs/srv/SetMotorSpeed.lisp)
Linked: (/home/mirte/NGR-Goose/mirte_ws/devel/.private/mirte_msgs/share/common-lisp/ros/mirte_msgs/srv/get_virtual_color.lisp, /home/mirte/NGR-Goose/mirte_ws/devel/share/common-lisp/ros/mirte_msgs/srv/get_virtual_color.lisp)
Linked: (/home/mirte/NGR-Goose/mirte_ws/devel/.private/mirte_msgs/share/common-lisp/ros/mirte_msgs/srv/_package_SetLEDValue.lisp, /home/mirte/NGR-Goose/mirte_ws/devel/share/common-lisp/ros/mirte_msgs/srv/_package_SetLEDValue.lisp)
Linked: (/home/mirte/NGR-Goose/mirte_ws/devel/.private/mirte_msgs/share/common-lisp/ros/mirte_msgs/srv/_package_SetSingleLEDValue.lisp, /home/mirte/NGR-Goose/mirte_ws/devel/share/common-lisp/ros/mirte_msgs/srv/_package_SetSingleLEDValue.lisp)
Linked: (/home/mirte/NGR-Goose/mirte_ws/devel/.private/mirte_msgs/share/common-lisp/ros/mirte_msgs/srv/GetEncoder.lisp, /home/mirte/NGR-Goose/mirte_ws/devel/share/common-lisp/ros/mirte_msgs/srv/GetEncoder.lisp)
Linked: (/home/mirte/NGR-Goose/mirte_ws/devel/.private/mirte_msgs/share/common-lisp/ros/mirte_msgs/msg/_package_ServoPosition.lisp, /home/mirte/NGR-Goose/mirte_ws/devel/share/common-lisp/ros/mirte_msgs/msg/_package_ServoPosition.lisp)
Linked: (/home/mirte/NGR-Goose/mirte_ws/devel/.private/mirte_msgs/share/common-lisp/ros/mirte_msgs/msg/mirte_msgs-msg.asd, /home/mirte/NGR-Goose/mirte_ws/devel/share/common-lisp/ros/mirte_msgs/msg/mirte_msgs-msg.asd)
Linked: (/home/mirte/NGR-Goose/mirte_ws/devel/.private/mirte_msgs/share/common-lisp/ros/mirte_msgs/msg/Intensity.lisp, /home/mirte/NGR-Goose/mirte_ws/devel/share/common-lisp/ros/mirte_msgs/msg/Intensity.lisp)
Linked: (/home/mirte/NGR-Goose/mirte_ws/devel/.private/mirte_msgs/share/common-lisp/ros/mirte_msgs/msg/_package_color.lisp, /home/mirte/NGR-Goose/mirte_ws/devel/share/common-lisp/ros/mirte_msgs/msg/_package_color.lisp)
Linked: (/home/mirte/NGR-Goose/mirte_ws/devel/.private/mirte_msgs/share/common-lisp/ros/mirte_msgs/msg/Encoder.lisp, /home/mirte/NGR-Goose/mirte_ws/devel/share/common-lisp/ros/mirte_msgs/msg/Encoder.lisp)
Linked: (/home/mirte/NGR-Goose/mirte_ws/devel/.private/mirte_msgs/share/common-lisp/ros/mirte_msgs/msg/_package_Intensity.lisp, /home/mirte/NGR-Goose/mirte_ws/devel/share/common-lisp/ros/mirte_msgs/msg/_package_Intensity.lisp)
Linked: (/home/mirte/NGR-Goose/mirte_ws/devel/.private/mirte_msgs/share/common-lisp/ros/mirte_msgs/msg/color.lisp, /home/mirte/NGR-Goose/mirte_ws/devel/share/common-lisp/ros/mirte_msgs/msg/color.lisp)
Linked: (/home/mirte/NGR-Goose/mirte_ws/devel/.private/mirte_msgs/share/common-lisp/ros/mirte_msgs/msg/_package_Heading.lisp, /home/mirte/NGR-Goose/mirte_ws/devel/share/common-lisp/ros/mirte_msgs/msg/_package_Heading.lisp)
Linked: (/home/mirte/NGR-Goose/mirte_ws/devel/.private/mirte_msgs/share/common-lisp/ros/mirte_msgs/msg/_package_Encoder.lisp, /home/mirte/NGR-Goose/mirte_ws/devel/share/common-lisp/ros/mirte_msgs/msg/_package_Encoder.lisp)
Linked: (/home/mirte/NGR-Goose/mirte_ws/devel/.private/mirte_msgs/share/common-lisp/ros/mirte_msgs/msg/_package.lisp, /home/mirte/NGR-Goose/mirte_ws/devel/share/common-lisp/ros/mirte_msgs/msg/_package.lisp)
Linked: (/home/mirte/NGR-Goose/mirte_ws/devel/.private/mirte_msgs/share/common-lisp/ros/mirte_msgs/msg/_package_Keypad.lisp, /home/mirte/NGR-Goose/mirte_ws/devel/share/common-lisp/ros/mirte_msgs/msg/_package_Keypad.lisp)
Linked: (/home/mirte/NGR-Goose/mirte_ws/devel/.private/mirte_msgs/share/common-lisp/ros/mirte_msgs/msg/IntensityDigital.lisp, /home/mirte/NGR-Goose/mirte_ws/devel/share/common-lisp/ros/mirte_msgs/msg/IntensityDigital.lisp)
Linked: (/home/mirte/NGR-Goose/mirte_ws/devel/.private/mirte_msgs/share/common-lisp/ros/mirte_msgs/msg/_package_IntensityDigital.lisp, /home/mirte/NGR-Goose/mirte_ws/devel/share/common-lisp/ros/mirte_msgs/msg/_package_IntensityDigital.lisp)
Linked: (/home/mirte/NGR-Goose/mirte_ws/devel/.private/mirte_msgs/share/common-lisp/ros/mirte_msgs/msg/Heading.lisp, /home/mirte/NGR-Goose/mirte_ws/devel/share/common-lisp/ros/mirte_msgs/msg/Heading.lisp)
Linked: (/home/mirte/NGR-Goose/mirte_ws/devel/.private/mirte_msgs/share/common-lisp/ros/mirte_msgs/msg/ServoPosition.lisp, /home/mirte/NGR-Goose/mirte_ws/devel/share/common-lisp/ros/mirte_msgs/msg/ServoPosition.lisp)
Linked: (/home/mirte/NGR-Goose/mirte_ws/devel/.private/mirte_msgs/share/common-lisp/ros/mirte_msgs/msg/Keypad.lisp, /home/mirte/NGR-Goose/mirte_ws/devel/share/common-lisp/ros/mirte_msgs/msg/Keypad.lisp)
Linked: (/home/mirte/NGR-Goose/mirte_ws/devel/.private/mirte_msgs/lib/python3/dist-packages/mirte_msgs/__init__.py, /home/mirte/NGR-Goose/mirte_ws/devel/lib/python3/dist-packages/mirte_msgs/__init__.py)
Linked: (/home/mirte/NGR-Goose/mirte_ws/devel/.private/mirte_msgs/lib/python3/dist-packages/mirte_msgs/srv/_SetOLEDImage.py, /home/mirte/NGR-Goose/mirte_ws/devel/lib/python3/dist-packages/mirte_msgs/srv/_SetOLEDImage.py)
Linked: (/home/mirte/NGR-Goose/mirte_ws/devel/.private/mirte_msgs/lib/python3/dist-packages/mirte_msgs/srv/_SetMotorSpeed.py, /home/mirte/NGR-Goose/mirte_ws/devel/lib/python3/dist-packages/mirte_msgs/srv/_SetMotorSpeed.py)
Linked: (/home/mirte/NGR-Goose/mirte_ws/devel/.private/mirte_msgs/lib/python3/dist-packages/mirte_msgs/srv/_GetDistance.py, /home/mirte/NGR-Goose/mirte_ws/devel/lib/python3/dist-packages/mirte_msgs/srv/_GetDistance.py)
Linked: (/home/mirte/NGR-Goose/mirte_ws/devel/.private/mirte_msgs/lib/python3/dist-packages/mirte_msgs/srv/_GetIntensity.py, /home/mirte/NGR-Goose/mirte_ws/devel/lib/python3/dist-packages/mirte_msgs/srv/_GetIntensity.py)
Linked: (/home/mirte/NGR-Goose/mirte_ws/devel/.private/mirte_msgs/lib/python3/dist-packages/mirte_msgs/srv/_GetKeypad.py, /home/mirte/NGR-Goose/mirte_ws/devel/lib/python3/dist-packages/mirte_msgs/srv/_GetKeypad.py)
Linked: (/home/mirte/NGR-Goose/mirte_ws/devel/.private/mirte_msgs/lib/python3/dist-packages/mirte_msgs/srv/_GetEncoder.py, /home/mirte/NGR-Goose/mirte_ws/devel/lib/python3/dist-packages/mirte_msgs/srv/_GetEncoder.py)
Linked: (/home/mirte/NGR-Goose/mirte_ws/devel/.private/mirte_msgs/lib/python3/dist-packages/mirte_msgs/srv/_Move.py, /home/mirte/NGR-Goose/mirte_ws/devel/lib/python3/dist-packages/mirte_msgs/srv/_Move.py)
Linked: (/home/mirte/NGR-Goose/mirte_ws/devel/.private/mirte_msgs/lib/python3/dist-packages/mirte_msgs/srv/_GetPinValue.py, /home/mirte/NGR-Goose/mirte_ws/devel/lib/python3/dist-packages/mirte_msgs/srv/_GetPinValue.py)
Linked: (/home/mirte/NGR-Goose/mirte_ws/devel/.private/mirte_msgs/lib/python3/dist-packages/mirte_msgs/srv/_SetSingleLEDValue.py, /home/mirte/NGR-Goose/mirte_ws/devel/lib/python3/dist-packages/mirte_msgs/srv/_SetSingleLEDValue.py)
Linked: (/home/mirte/NGR-Goose/mirte_ws/devel/.private/mirte_msgs/lib/python3/dist-packages/mirte_msgs/srv/_GetIMU.py, /home/mirte/NGR-Goose/mirte_ws/devel/lib/python3/dist-packages/mirte_msgs/srv/_GetIMU.py)
Linked: (/home/mirte/NGR-Goose/mirte_ws/devel/.private/mirte_msgs/lib/python3/dist-packages/mirte_msgs/srv/_SetPinValue.py, /home/mirte/NGR-Goose/mirte_ws/devel/lib/python3/dist-packages/mirte_msgs/srv/_SetPinValue.py)
Linked: (/home/mirte/NGR-Goose/mirte_ws/devel/.private/mirte_msgs/lib/python3/dist-packages/mirte_msgs/srv/_GetIntensityDigital.py, /home/mirte/NGR-Goose/mirte_ws/devel/lib/python3/dist-packages/mirte_msgs/srv/_GetIntensityDigital.py)
Linked: (/home/mirte/NGR-Goose/mirte_ws/devel/.private/mirte_msgs/lib/python3/dist-packages/mirte_msgs/srv/_SetLEDValue.py, /home/mirte/NGR-Goose/mirte_ws/devel/lib/python3/dist-packages/mirte_msgs/srv/_SetLEDValue.py)
Linked: (/home/mirte/NGR-Goose/mirte_ws/devel/.private/mirte_msgs/lib/python3/dist-packages/mirte_msgs/srv/_get_virtual_color.py, /home/mirte/NGR-Goose/mirte_ws/devel/lib/python3/dist-packages/mirte_msgs/srv/_get_virtual_color.py)
Linked: (/home/mirte/NGR-Goose/mirte_ws/devel/.private/mirte_msgs/lib/python3/dist-packages/mirte_msgs/srv/_Turn.py, /home/mirte/NGR-Goose/mirte_ws/devel/lib/python3/dist-packages/mirte_msgs/srv/_Turn.py)
Linked: (/home/mirte/NGR-Goose/mirte_ws/devel/.private/mirte_msgs/lib/python3/dist-packages/mirte_msgs/srv/_GetRange.py, /home/mirte/NGR-Goose/mirte_ws/devel/lib/python3/dist-packages/mirte_msgs/srv/_GetRange.py)
Linked: (/home/mirte/NGR-Goose/mirte_ws/devel/.private/mirte_msgs/lib/python3/dist-packages/mirte_msgs/srv/_get_barcode.py, /home/mirte/NGR-Goose/mirte_ws/devel/lib/python3/dist-packages/mirte_msgs/srv/_get_barcode.py)
Linked: (/home/mirte/NGR-Goose/mirte_ws/devel/.private/mirte_msgs/lib/python3/dist-packages/mirte_msgs/srv/_SetPinMode.py, /home/mirte/NGR-Goose/mirte_ws/devel/lib/python3/dist-packages/mirte_msgs/srv/_SetPinMode.py)
Linked: (/home/mirte/NGR-Goose/mirte_ws/devel/.private/mirte_msgs/lib/python3/dist-packages/mirte_msgs/srv/_SetServoAngle.py, /home/mirte/NGR-Goose/mirte_ws/devel/lib/python3/dist-packages/mirte_msgs/srv/_SetServoAngle.py)
Linked: (/home/mirte/NGR-Goose/mirte_ws/devel/.private/mirte_msgs/lib/python3/dist-packages/mirte_msgs/srv/__init__.py, /home/mirte/NGR-Goose/mirte_ws/devel/lib/python3/dist-packages/mirte_msgs/srv/__init__.py)
Linked: (/home/mirte/NGR-Goose/mirte_ws/devel/.private/mirte_msgs/lib/python3/dist-packages/mirte_msgs/msg/_Encoder.py, /home/mirte/NGR-Goose/mirte_ws/devel/lib/python3/dist-packages/mirte_msgs/msg/_Encoder.py)
Linked: (/home/mirte/NGR-Goose/mirte_ws/devel/.private/mirte_msgs/lib/python3/dist-packages/mirte_msgs/msg/_ServoPosition.py, /home/mirte/NGR-Goose/mirte_ws/devel/lib/python3/dist-packages/mirte_msgs/msg/_ServoPosition.py)
Linked: (/home/mirte/NGR-Goose/mirte_ws/devel/.private/mirte_msgs/lib/python3/dist-packages/mirte_msgs/msg/_color.py, /home/mirte/NGR-Goose/mirte_ws/devel/lib/python3/dist-packages/mirte_msgs/msg/_color.py)
Linked: (/home/mirte/NGR-Goose/mirte_ws/devel/.private/mirte_msgs/lib/python3/dist-packages/mirte_msgs/msg/_Keypad.py, /home/mirte/NGR-Goose/mirte_ws/devel/lib/python3/dist-packages/mirte_msgs/msg/_Keypad.py)
Linked: (/home/mirte/NGR-Goose/mirte_ws/devel/.private/mirte_msgs/lib/python3/dist-packages/mirte_msgs/msg/_IntensityDigital.py, /home/mirte/NGR-Goose/mirte_ws/devel/lib/python3/dist-packages/mirte_msgs/msg/_IntensityDigital.py)
Linked: (/home/mirte/NGR-Goose/mirte_ws/devel/.private/mirte_msgs/lib/python3/dist-packages/mirte_msgs/msg/_Heading.py, /home/mirte/NGR-Goose/mirte_ws/devel/lib/python3/dist-packages/mirte_msgs/msg/_Heading.py)
Linked: (/home/mirte/NGR-Goose/mirte_ws/devel/.private/mirte_msgs/lib/python3/dist-packages/mirte_msgs/msg/_Intensity.py, /home/mirte/NGR-Goose/mirte_ws/devel/lib/python3/dist-packages/mirte_msgs/msg/_Intensity.py)
Linked: (/home/mirte/NGR-Goose/mirte_ws/devel/.private/mirte_msgs/lib/python3/dist-packages/mirte_msgs/msg/__init__.py, /home/mirte/NGR-Goose/mirte_ws/devel/lib/python3/dist-packages/mirte_msgs/msg/__init__.py)
Linked: (/home/mirte/NGR-Goose/mirte_ws/devel/.private/mirte_msgs/lib/pkgconfig/mirte_msgs.pc, /home/mirte/NGR-Goose/mirte_ws/devel/lib/pkgconfig/mirte_msgs.pc)
