[  5%] [32mBuilding CXX object CMakeFiles/rplidarNode.dir/src/node.cpp.o[0m
[ 10%] [32mBuilding CXX object CMakeFiles/rplidarNode.dir/sdk/src/arch/linux/net_serial.cpp.o[0m
[01m[K/home/mirte/NGR-Goose/mirte_ws/src/rplidar_ros/sdk/src/arch/linux/net_serial.cpp:[m[K In member function ‘[01m[Kvirtual void rp::arch::net::raw_serial::cancelOperation()[m[K’:
[01m[K/home/mirte/NGR-Goose/mirte_ws/src/rplidar_ros/sdk/src/arch/linux/net_serial.cpp:427:17:[m[K [01;35m[Kwarning: [m[Kignoring return value of ‘[01m[Kssize_t write(int, const void*, size_t)[m[K’, declared with attribute warn_unused_result [[01;35m[K-Wunused-result[m[K]
  427 |     (int)[01;35m[K::write(_selfpipe[1], "x", 1)[m[K;
      |          [01;35m[K~~~~~~~^~~~~~~~~~~~~~~~~~~~~~[m[K
[ 15%] [32mBuilding CXX object CMakeFiles/rplidarNode.dir/sdk/src/arch/linux/net_socket.cpp.o[0m
[ 20%] [32mBuilding CXX object CMakeFiles/rplidarNode.dir/sdk/src/arch/linux/timer.cpp.o[0m
[ 25%] [32mBuilding CXX object CMakeFiles/rplidarNode.dir/sdk/src/dataunpacker/dataunpacker.cpp.o[0m
[ 30%] [32mBuilding CXX object CMakeFiles/rplidarNode.dir/sdk/src/dataunpacker/unpacker/handler_capsules.cpp.o[0m
[ 35%] [32mBuilding CXX object CMakeFiles/rplidarNode.dir/sdk/src/dataunpacker/unpacker/handler_hqnode.cpp.o[0m
[ 40%] [32mBuilding CXX object CMakeFiles/rplidarNode.dir/sdk/src/dataunpacker/unpacker/handler_normalnode.cpp.o[0m
[ 45%] [32mBuilding CXX object CMakeFiles/rplidarNode.dir/sdk/src/hal/thread.cpp.o[0m
[ 50%] [32mBuilding CXX object CMakeFiles/rplidarNodeClient.dir/src/client.cpp.o[0m
[ 55%] [32mBuilding CXX object CMakeFiles/rplidarNode.dir/sdk/src/rplidar_driver.cpp.o[0m
[ 60%] [32mBuilding CXX object CMakeFiles/rplidarNode.dir/sdk/src/sl_async_transceiver.cpp.o[0m
[ 65%] [32mBuilding CXX object CMakeFiles/rplidarNode.dir/sdk/src/sl_crc.cpp.o[0m
[ 70%] [32mBuilding CXX object CMakeFiles/rplidarNode.dir/sdk/src/sl_lidar_driver.cpp.o[0m
[ 75%] [32m[1mLinking CXX executable /home/mirte/NGR-Goose/mirte_ws/devel/.private/rplidar_ros/lib/rplidar_ros/rplidarNodeClient[0m
[ 75%] Built target rplidarNodeClient
[ 80%] [32mBuilding CXX object CMakeFiles/rplidarNode.dir/sdk/src/sl_lidarprotocol_codec.cpp.o[0m
[ 85%] [32mBuilding CXX object CMakeFiles/rplidarNode.dir/sdk/src/sl_serial_channel.cpp.o[0m
[ 90%] [32mBuilding CXX object CMakeFiles/rplidarNode.dir/sdk/src/sl_tcp_channel.cpp.o[0m
[ 95%] [32mBuilding CXX object CMakeFiles/rplidarNode.dir/sdk/src/sl_udp_channel.cpp.o[0m
[100%] [32m[1mLinking CXX executable /home/mirte/NGR-Goose/mirte_ws/devel/.private/rplidar_ros/lib/rplidar_ros/rplidarNode[0m
[100%] Built target rplidarNode
